[
  {
    "authStatus" : "friend",
    "createdAt" : "1970-01-01T00:20:34Z",
    "id" : "bXktY29udGFjdC1pZA==",
    "isRecent" : false,
    "marshaled" : "PHh4YygyKWl3ZmpTRVFoc3VwL3I5TythSDE5bUMrNjdPOW1ZTHlkQzJqNUx0eVc0aVlEa0FaaUI5a1pvK0RsM1o1TzREU3VCMDN3TVAxZzZqWGtTZUxrTUtTRitQNEZmSkVKTnl5WTNjN0FMdXh5cStScUVIWkRUcnRpb3NJemhkYisrTmZ2dnNUVVVzZC9CK1lSU2pEVHcrbGg2NHE0cHpCaXlTNlNJRFI0K0lBZTJHdXpzTGZYejkzMmg2OWQzY1JlQi9HQ3RGWnlUekNIRUYrQ1RUQ29ILys0MUcydE0wc2UvQlF6UWpPNi9NUVd5cTlHWlZPR016aGFYNklHZkVWdmNRczBvTVdiWTdFdjFmeWVyMGxIL3dmdFhLR2NsQ0l2TGc2aStjRG1qd0gyeDlTQ09MUEFQSjF1L2kyM29lYWlCQ0poTWREMTZzOUhGUXpMTmJUR3FHYlh6bVR3RU5rR0JlK2JwdDRxRnB4SUxGQWI4NUdxeGdwSHkrNFp3OGhicExKMGhlY0NxSFpKTXExbFVjVzJmWldWeHVhcEUwdGlTb0RXNVE1YW5XT2VtYUVYRE1jZTZ2OFhNUkFkQmUvdlliNk8rT0xPcjdvT0xWRjQxOTE3WFRJWEZVcEZ1MmFmRGhXbkRXZlVQclNDOElNTlVWODBmNlYvZVl2bDcyWThBTWNneGZIeUZCZ0NvUG5kWUIrRldaTEh5c3dKa0g0eGpmWHh4Z2M2Uk5sN0Q2RWhNcHFSeDVweFdnUHdjUUFBQWdBN1c1a2pDb0NWWlFZSTRWWEhUTXhUeEE9PXh4Yz4="
  },
  {
    "authStatus" : "friend",
    "createdAt" : "2022-06-21T12:07:20Z",
    "id" : "GxCZp/Gv5mTP35CQcQ124wlnvqT+b20LftZp2co/8WcD",
    "isRecent" : false,
    "marshaled" : "PHh4YygyKUd4Q1pwL0d2NW1UUDM1Q1FjUTEyNHdsbnZxVCtiMjBMZnRacDJjby84V2NEa0FaaUI5a1pvK0RsM1VqTVB1SlRwcHc4TDBPcnI3NnpTSlNyTG1mZ0kxRS9yNTQwRS9Ic3A3MXJaYW1HSWVkVitDVW5VVWgrVWVkOWRFQ3FxbnBnMjBLZVBKcUozMXlSN1ZQM0tWbXAza1NwMk0zM1dUOGgrUkU4TTJmcnVRRmFIQXg1MmY0QVhCalVhRlhYY25LK3J5WmJIemhRL0s2Q0w3NFJrbzdPdERoWDN0VXVna0kxWTdpekRaVDJ4RmZRZEN5T1lDbW96aUxQNm5UTDB3d2FycHFxSWxLeHl4TXl2QWErRWl4S3NzcGRPMktJNHNxTkkzYURsS2xZSzMrMUhrdVZSTENvNG90Y2xaMHRaY3VJb0Jkclc2UURwK2U5N216Wi93djN5UWNYSEIweWVxOFZsV0NidmJvelg3cWpjRUFPM3hNYWpSMEJnckVCSDJidDI0dEVGdm5VNFRwcW9jaWVveTdlM1c1RVZUaHhlWk5WTk1Zd01sM1pFb3R1VnBmQVN2NVJORkFJN0w5MTU1d2pmaStId0xrOEQrMjdmcEJ0STN1Q2tWa3JzY0tYMnNjY05VU1BKQ0JEQnlNRjVZZUNDTGF0Z01WY2VHWVZIV2VvcGxyZTdhY2Rrb2p6RC9wa1Bha1VwVGlsYURTQllRVVpQc3pVVS9wRkpNNURXRDBpdUI5NldzL0h4UUFBTUFCVmRHVnpkR1Z5WkhWa1lTeFZkR1Z6ZEdWeVpIVmtZVHRTSUVzeTk2dE5NcXhLMitqdXllMS94eGM+",
    "nickname" : "testerduda",
    "username" : "testerduda"
  },
  {
    "authStatus" : "stranger",
    "createdAt" : "2022-06-21T12:23:39Z",
    "id" : "2qcF7Xl/QEn6Zu6cdQC0fteI6EeoEX9IY0nkBdmBbRYD",
    "isRecent" : false,
    "username" : "lkjh"
  },
  {
    "authStatus" : "stranger",
    "createdAt" : "2022-06-21T12:23:39Z",
    "id" : "JPm+zBboFVIEPrfsDz5Ue3fst77oxCwoLxNXrdqg+1MD",
    "isRecent" : false,
    "username" : "qwer35"
  },
  {
    "authStatus" : "friend",
    "createdAt" : "2022-06-21T12:35:44Z",
    "email" : "femapiw539@syswift.com",
    "id" : "ybmgdlemAJ3EReCyt8Lwn419CrlG59R79iJ5fFa1Rj8D",
    "isRecent" : false,
    "marshaled" : "PHh4YygyKXlibWdkbGVtQUozRVJlQ3l0OEx3bjQxOUNybEc1OVI3OWlKNWZGYTFSajhEa0FaaUI5a1pvK0RsM2VwY0xWaTVrMWluWTE4NjBxU3RoQnpLejhVTjkvV1VXaXVJVlJBa1NRKzhBb2l0QUhYbVFJWlVQUmdyWmdpUm5FTnZFeXhNNm8yRWpFK2VnOVppZytoZFcrZ3Facmk5UkpoaTZFTzZHVDY2eGdCcFZNQXNJZUJkS256RTJvbURJdHdWRk81MWtBZGw3UStNTFNQVWNIbkFsOEZ2b040ZS9HL1FCRGZFaVRWM3ZiR0NPNDVVb2toRVhPZXJmWnFSdW9PdnczV3RMQjZPZ1J0MmpEcFJ4bE44ZDJ6MTYrNHR1K1ovQlNzaEd4NUdtTVVJV3JwTTNlelpBekFxMVp6bEMyR1J3c1d1L0lzekhBS29QNjh2QzJNUUpETXdNNks1RExSd0VrTVFlTU5XYXVDMFZ0Q0lDRVlvcDZUM3daTkl4cXZsYmsyOTlXejhUNXY3czBzQ01KSS9LRVR3MmxJaDJpSUphN2Q2V2xCRzh4cUdseGZ5OHZEeE96S3F6azczYVJ4VlpVWXBzalI2aXAyL2h3cTdHbkhhVkZlSEZXZlRmNDNIbE90UzdLcnpXV0JyWk5ram5QWDhoc0RSVUsyWStjSytFT0JQd0hMSTFXQTcyTzBwUnMxd25UUTZvRWp6WExrZXdpdVNHdzNRbmRXSUdKVW44S3k4MmFJVU0xc1VIMEFBMDdERGc5ckRaWmxqK09DdHNIYUlHckU4bHFzUXNZUzZXMTJSWGRremlMTktBRlYwWlhOMFpYSmtkV1JoTkN4RlptVnRZWEJwZHpVek9VQnplWE4zYVdaMExtTnZiVHNkbzhtZExaUmRLUGJVNjdMeHY1a3V4eGM+",
    "nickname" : "testerduda4",
    "username" : "testerduda4"
  },
  {
    "authStatus" : "stranger",
    "createdAt" : "2022-06-21T13:12:01Z",
    "id" : "PHh4YygyKWl3ZmpTRVFoc3VwL3I5TythSDE5bUMrNjdPOW1ZTHlkQzJqNUx0eVc0aVlEa0FaaUI5a1pvK0RsM1o1TzREU3VCMDN3TVAxZzZqWGtTZUxrTUtTRitQNEZmSkVKTnl5WTNjN0FMdXh5cStScUVIWkRUcnRpb3NJemhkYisrTmZ2dnNUVVVzZC9CK1lSU2pEVHcrbGg2NHE0cHpCaXlTNlNJRFI0K0lBZTJHdXpzTGZYejkzMmg2OWQzY1JlQi9HQ3RGWnlUekNIRUYrQ1RUQ29ILys0MUcydE0wc2UvQlF6UWpPNi9NUVd5cTlHWlZPR016aGFYNklHZkVWdmNRczBvTVdiWTdFdjFmeWVyMGxIL3dmdFhLR2NsQ0l2TGc2aStjRG1qd0gyeDlTQ09MUEFQSjF1L2kyM29lYWlCQ0poTWREMTZzOUhGUXpMTmJUR3FHYlh6bVR3RU5rR0JlK2JwdDRxRnB4SUxGQWI4NUdxeGdwSHkrNFp3OGhicExKMGhlY0NxSFpKTXExbFVjVzJmWldWeHVhcEUwdGlTb0RXNVE1YW5XT2VtYUVYRE1jZTZ2OFhNUkFkQmUvdlliNk8rT0xPcjdvT0xWRjQxOTE3WFRJWEZVcEZ1MmFmRGhXbkRXZlVQclNDOElNTlVWODBmNlYvZVl2bDcyWThBTWNneGZIeUZCZ0NvUG5kWUIrRldaTEh5c3dKa0g0eGpmWHh4Z2M2Uk5sN0Q2RWhNcHFSeDVweFdnUHdjUUFBQWdBN1c1a2pDb0NWWlFZSTRWWEhUTXhUeEE9PXh4Yz4=",
    "isRecent" : false
  },
  {
    "authStatus" : "verified",
    "createdAt" : "2022-06-21T13:17:23Z",
    "id" : "BstcMDaL3RRuX3jx7YeaAbl0uGwly9/M5c8BQpFuuQUD",
    "isRecent" : false,
    "marshaled" : "PHh4YygyKUJzdGNNRGFMM1JSdVgzang3WWVhQWJsMHVHd2x5OS9NNWM4QlFwRnV1UVVEa0FaaUI5a1pvK0RsM1F0bWpEZnpjUVdMeVF0QUtQUU1INThqRnBRU2FXMXptdndJa0pyOElSR0ljRklkK2xSR0I4cWtOQmZZODdJdzJod2F2UElZVE5jdm9rdlZ1N0VJazRjc2pRSjY1QTAzb1JlVVVhcXJYNEFyOThTdVk3MXdIZ2lWczVRRFptcmlUQVZJdGgyVDVScmEvK1BaN0ZNUVY1eGthcWxwdUo1R01ndVFlMURNRExTNUdtU1ljdWJYY2JXK2xlUFhKcWhBVG96SEYzRG9oYVpZMlB4VmM3bjdkaW96MEVYUzQxVDltMEYwaVExeHQwQkJWT3M0cnFrQks1c2pOQ2Z2RkdyMlJaa1RsOW5BTnozaXY0eE9ENS9PTW4xT1Q4dzFvT1JBU1RhczZ4bFBLYUw4Z2NXSnJITUxRVGdScTZaYXFBRzNiSHp1bzNQR1o0NE1uNG9XTUZnMERReFAzekp1cmtBSXNjV1kxSHVWZzE4LzRQYjM1bFJwcEYzdlc4T1hxUHU3NThDa01EcHdMWUJOWkJuVlVFU1R4TDlCZEZ0NGZjSlA2THQrKzhpS3BkT1hCeStOQVZtaXA4ajRGaG1GNGkyOEMrRWJTUWJRQUhlTWJUbUZlWm1IdzBSbUtXZ3hsMWcyNHlzVktWbVpxc0N1UlpHblNkWlhxUmdYRDV6L1lDZEJnMEFBam85VUVtRHJCeDN2S0wrb1dXcVNkbWtTVFlnV3QzdFlWbURkSnRCR015TWFBRlYwWlhOMFpYSmtkV1JoTmp1TVNzY3F6MkhxQVBUL1cvQWo1ckRQeHhjPg==",
    "username" : "testerduda6"
  },
  {
    "authStatus" : "hidden",
    "createdAt" : "2022-06-21T13:19:13Z",
    "id" : "V+Kh5TJTR3vJF7EeYpUv6AmXgWwI6fND/b5U4IEYc0YD",
    "isRecent" : false,
    "marshaled" : "PHh4YygyKVYrS2g1VEpUUjN2SkY3RWVZcFV2NkFtWGdXd0k2Zk5EL2I1VTRJRVljMFlEa0FaaUI5a1pvK0RsM1dycjhWSWMra1FxSXE3Z2psWDUvNHRLWFRzY1piUW9WanlVdXQ1Z3RDVXNzcm5hL3FHYmNFQkh5K1AxaE9RSU9YMFpSY1NiMjdVMmlVY1pONzJpZzZhb3lJNE45S0REWHNlZWlFUjJJRjhSVThpNThPT1NqVnVjZithN3JzNmE4MENxcWRxdWRGV0lsNnRzdWh3RlRKN2htUFRrZWNRQ1VRQkxQYVg2Qy84OXN0RVB3Z2RKeTc5SStVdXlTeWZoN0pkS0c0SzJ5NjlOalRnVXFxTU1mOU9HaUxaMUVPRmVHK0JMSnFPUklYc3pseE9YZ1NGNTBKYytVRzNvSmFvRWVNZ2hMTnJvRCs0WTlya0JqZHJnUFJNckZoRkxIUlhoWHZZOVQzRU5zalF3cG55clN5a0lWajB1TW5CVmEwQWI1djAvM3dHT21ONHhMWE9sWnlHS1RjRnJ4RE9MbjI2a0I3ZS9TbHM4cUZlNXFPMnQ2SVUybUkxQVNkWUtuaGF0ZXlkS1drM2x5RmpoN21PQVRIY1ZmRUtyckJrUzFzcFRyR252MjBoOXhrZE81N3lmVUYwWjhBbXp2aHcyK3lqN0UzVWlYTlVyeWRkRUdWbDRGV1I0RThkWm00SXN4Nk1HS0U2Uk82S1dwbUhBblpvZFVJdXBndUFCVjY3MHJTWll6MEFBZXNMY091dUFaUUVpNmtYbnBtQ2MzdDY4S0ErcjRuSXNvTVVkWkVHQWVGa2FBRlYwWlhOMFpYSmtkV1JoTnp0dldXRTFGOGxpZmMzMFN3YU9yNjhneHhjPg==",
    "username" : "testerduda7"
  },
  {
    "authStatus" : "friend",
    "createdAt" : "2022-06-21T13:20:28Z",
    "id" : "qD25S4VcTHLblBErCwftF/gV2Z+7sYW3PrD/1Sn0nKAD",
    "isRecent" : false,
    "marshaled" : "PHh4YygyKXFEMjVTNFZjVEhMYmxCRXJDd2Z0Ri9nVjJaKzdzWVczUHJELzFTbjBuS0FEa0FaaUI5a1pvK0RsM2R5T3A4QzBpM3NBTWhHc0tJR1N3bnhJbXhqLzN3S1BWQitoN1JsaTJyY1ZlOFUwcGhPdm1EZjZIMi9PRFIxWjBpN3p1cjUxaVpGT213bGs1UEo4TXg3SzFGOEd4em5MM1dtQUFDY1dBVTVSbFVoZXVWT0dydFdHRjZDVkRPWGZtMEdNclNRZ1h2aXU2OTNFTFUwL1VPbVo3ZGhnUWdOcml3V0VxbUVHa0M0V0duNGNZeGJ1a2NRQ2NzdHlzTitBaVhrcHhmVlFTTHIrcFlmcGNHa2dGWGRSQTdwMFBGMGZlSmExamYxNkVKSVoyb1hkKzk3YnlrWm5YMFY3Q0Nrc0VvK3RUQ3orRlRDRHVCdy9jNGJ5QnFvQ3l5YlVCVk82d0RDckpaOVBSZ1Q2UDhIWTB2d0tYSUlwamgrUEhZbFpxTytvTVJTak9ZTFF6QkNIY3FIVXFndFNCVTRIenRUemtxSm1oNlJXSFRVS0h2aHZITGhmUDByUkZVbE11L1ByWmlOMlZ3SytBNERHQ2dVb084eDZlU3kweGhpVllvSEJKQnFyNTdOS1VnRitYKy9QdEp2WS9xS0lIVy9adzQva0JXWks0MkRSTzdnaDhFaFZuaEN3M3dZNVZNT3ZPcE43aHNtMWtxWXV3OVllMERJODRaY2xaUFFCOVc5Z2g1dE9PMEFBbU9POHNYR003US9WNjB0ZVJMRUo2ZllJSXpyOElnOFRIemQ4bnV0WHZ6WWFBRlYwWlhOMFpYSmtkV1JoTlR1dlZza1ZqcXB6SkREWStOR1VTVWlzeHhjPg==",
    "nickname" : "testerduda5",
    "username" : "testerduda5"
  },
  {
    "authStatus" : "requested",
    "createdAt" : "2022-06-21T13:21:21Z",
    "id" : "JJT70wMTOxSEVDZXiWw/9lv5ZXr8R9kKFWGiZhHgJ4gD",
    "isRecent" : false,
    "marshaled" : "PHh4YygyKUpKVDcwd01UT3hTRVZEWlhpV3cvOWx2NVpYcjhSOWtLRldHaVpoSGdKNGdEa0FaaUI5a1pvK0RsM1Q3RDJVR2hOb2RYS3NkWnRON0prYkNOQUlvSkdUYzJSY002c0xtWnEvVW4wY2V4L2hEQ1N0bnVtYVFjbk5pVGJ0VUREY1A1bUFZVkdEQVNwQXdrWlRDOVE3WUpUbjZpT2loMWsyRnJxZGw0UDBJSDZMa004cGYzWnpYMlBMMHg1MVFwVG84S1B4Z1BBSGlkRTFaL29tdE9FQ3Q0QS9wcW5yU2pnK1ZJNXpVZzZJL1phZ0Q1OHhOZysrL1E0QVI0dUxHWmpQdm00Mm55QVE0NUJwWXRBQVpoWEFXZVA0c21PRkJYTTNiK1B4bHBHYUxnd2VscllFTnZlSEpsZ3VxTmp2WkR3dHpldmJnbXdEeE5wNXFPU3FXMEdqdThPcnkyVUtZMk5XODBNdDBDMkg0UWovNGpiamJ1QjlDZ05XdGpVeWhrYk5qN2Q4a2hWNzdYZktVZ2pmK3JsWHZwWjh2K0JqQTZHMzY5YXpsd0M5ZjQ5TWFMcmljOEYvR1hDbXVOVHcrNFlvWHJpazM2MXUzOVV4VDFpUldBK2Z4U2YwSm4xci9HOWNSeHBPcldLbXdpNG5SRHNXL1FOd2F1MlBnNnNvTEs5WlZ1bTc3Ym83Mzd2My8vcTlYS1ROaUtWNmpIeGRLSkc0RXdYaUphREoyQTdkTjJ6MzhJc2M2dk4yS0c5Z0FBTkFCVmRHVnpkR1Z5WkhWa1lUZ3NWWFJsYzNSbGNtUjFaR0U0TzJ2UkZVNklsWFpDaVB0WnUxVTF6RkU9eHhjPg==",
    "nickname" : "testerduda8",
    "username" : "testerduda8"
  },
  {
    "authStatus" : "requested",
    "createdAt" : "2022-06-21T13:26:00Z",
    "id" : "zhXeSR76/3PoNYIm/bDJ06frKDpFCOgfIZh6h9umnlID",
    "isRecent" : false,
    "marshaled" : "PHh4YygyKXpoWGVTUjc2LzNQb05ZSW0vYkRKMDZmcktEcEZDT2dmSVpoNmg5dW1ubElEa0FaaUI5a1pvK0RsM2FHR3FqS3BKR0diT1pTc2hqbm9yQUcxQnd6blR6dXROQVRucVdwb2ZuejczUHdTcGN6N1ZuTlVVcTlBVXdxVVNFQ1FRTzNENUN2U1QwdWNxRm5sbjBSNEg0MW11QU9pOXh2b3ZGS1RiUktXaWVXck1HejZucDVpQUVEWXpRbHl1cHgzRzZlbkhmbWZ6cU41dXJ6enZzVk91VUlWTmFGb0FkVmJOanFYSDNlMk5keFNPR0NML3lrcHZDekI2L0Y2T29RYitCbmJZRnh6b0RtVENGbUl0QUNocWZqblNYMWttSy9LVUlyTDdtdTFwR2JzM2lrWmpUMTdKZnV1RFdtUWkvUGphSExHK0FBR290L3dieTcwMlk0NlgxUUdiREhoNUhPc2pXWGMwZTRlM2VzbU1oTWVtV1dTc1l4N1gxaktjdGdVL0xhYjFON3ovWDE2QWVQeEdFZDE4RHZQSmMzZGdaZDBDcnloTDREbER1bWloMnpuUjh1b2ltM2RKeWp1UW5uY2tRbkxkeXJpNGUyVG5mbWJjRVg0NnNVd21XNWp4N2J3YkNGNXhkZHhDQzhWcEFMbHhmSHFuQVVTazc4UnRMUmVBUEthUW5lSHJTZ1F1aERtSWtLUUdVT2h0cDZ3NlBESmxWWWRtampqM0ozN1JwS0U2d1RSNFRPalY1L0dTd0FBTkFCVmRHVnpkR1Z5WkhWa1lUa3NWWFJsYzNSbGNtUjFaR0U1T3dhR2VFR3hqMjhOS0Rub2I4WGtJNEk9eHhjPg==",
    "nickname" : "testerduda9",
    "username" : "testerduda9"
  },
  {
    "authStatus" : "friend",
    "createdAt" : "2022-06-21T13:28:11Z",
    "id" : "fethB60FQ0SacWygirJaThKGYeQwl7CSUCZPqft48b0D",
    "isRecent" : true,
    "marshaled" : "PHh4YygyKWZldGhCNjBGUTBTYWNXeWdpckphVGhLR1llUXdsN0NTVUNaUHFmdDQ4YjBEa0FaaUI5a1pvK0RsM1hTNEVZdHFtWnNpaVBGa21qNlR4ZVVVaVNsMlVFcW56R2o5RHZqd1lUZ2Vhem5tNEZPU3Q2VlF3T0orS1VYNncwTVIyU3hpZ1Y2RXAzQVZEa0diYmN6RHNBUEhuOHpnQ0w3L1pMdDJ0OGlTclRBakdwTHJwVXRVaHJEMU1PcWpkeGszRGN4OEJTSG1HZENGd0tsK3ljUGhiWDh0Q3pzS3luWFpDWUl3T1JsYnNTUGt4UmtINy82a3VRdUZYVE55dVdRR25OSE82TmJqQjFPSGIrZjlOdDhOMWFKZnZ3QlpJS2NUcGdTTGZ2T1VQbkdHazBHK2dZS0RIdmF0OHJDc3BsWlA5czdrY3NrWDhRZTlwOFIvTFJjK0doYkR0L1ZtVGhOaEgrUEVPMHkvRE5Pb1JUcFBPakVHb2RYUkIvcmZEalZmQVNaWElUSEdwN2Q5ZXlWNno3L2c5MlBUYXlwQmtVWWxyamRWR0lyU3lYdGhUZVhIY3JDUlJ2aTRnZnRpTXpBQVBBMWJDUFl2R1hyb0hjVWhVd1Iza3VFQlJIS0YyRnhZaUUwbGpDTnE3eW03UlB0bkdsSlJwa0J2eGZjNi9GRSsvdHVXSGMvWXFTSHpXUHZFZVgyREJXLzhWcldYQTIrWGRtUUVzeVR6a1h1aldkQXgvZVNxRFR2cTRvU1N4QUFBT0FCVmRHVnpkR1Z5WkhWa1lURXdMRlYwWlhOMFpYSmtkV1JoTVRBN1daK0M0ejFNNVdBbWxSQWJDcVVFS0E9PXh4Yz4=",
    "nickname" : "testerduda10",
    "username" : "testerduda10"
  },
  {
    "authStatus" : "requested",
    "createdAt" : "2022-06-21T13:31:54Z",
    "id" : "Og7HnMukzfn0e1bbAk/pohjLvOCYb/N+UUBwZgmZfy8D",
    "isRecent" : false,
    "marshaled" : "PHh4YygyKU9nN0huTXVremZuMGUxYmJBay9wb2hqTHZPQ1liL04rVVVCd1pnbVpmeThEa0FaaUI5a1pvK0RsM1dCbzFqQStqbktVUEtsVUFwbG9zUkc4ZklTQnY4em4zVjlSdEx5UEtSNUwyZWlrK3B6VGtpUUZPRFpkKzQ5OStocUtSWFRidUloSlJ0UkdkQkFRNmF0dmxhTzBvdmVnYU1JbjZKM1BkQjFFUDgwZzFFZUV2UXJUbkRhNXJ0eUt6eTBlSTBzWlhTL2FhZXBsTUQ5THJsNGhNcnFYa2tnYjlMVVRDcDREcW8yczdpSkQ0SDV2d1FaODNzVFRsUDhjZytKa2hoRmUrN3padjVQNVo1T0kydzJtcE5tQ251WmZsa1RqWTM4YWRsTlpTSVV5d2Zta3M5dE9CUEQxQUFacG5JUkMzZGsvSUVjbHJHclVNWVhadEo3NEc4WEVMeFEyTk9MM25rOFlnenJLMXBBRithSGVseEFvZ3NrWU00d2N3c2taNFA1a2RvQ3c4TSt0UDJLQXNPVitiYU9sKzFTL0NJa2lGMXVtNHRFUklSaTA4d2d5ekJ3ejFKSEc2dnNUY3JJOUZBL0t3cUtTSmlmQ3h6Mk9qbFBEOG13djk5d0ZDVnptc1VISmR4aElEa0x6OGljRmt3US9QS1BKb3dqSEJobzB2eEZzTmpwVTQvM29FV1EzUFQzNDRnQUt5VmVzN1kxTVpuYnpEUjNQRVlYMDRZU2JoS2xYRDYzYXNBN0ZDd0FBT0FCVmRHVnpkR1Z5WkhWa1lURXlMRlYwWlhOMFpYSmtkV1JoTVRJNzBSdm9UNnREdEpBUW5xVlc3MFFwdEE9PXh4Yz4=",
    "nickname" : "testerduda12",
    "username" : "testerduda12"
  },
  {
    "authStatus" : "friend",
    "createdAt" : "2022-06-21T13:41:35Z",
    "email" : "wewiyil598@runqx.com",
    "id" : "L+JUu+FVT3JAFjyb0MLPRhLsDx06/3vhGmGOhOALqiED",
    "isRecent" : false,
    "marshaled" : "PHh4YygyKUwrSlV1K0ZWVDNKQUZqeWIwTUxQUmhMc0R4MDYvM3ZoR21HT2hPQUxxaUVEa0FaaUI5a1pvK0RsM2FOSmpIeGFCbHpaTVdMUFU5SVJBdkxNaytPcThwOG5SQ25McDh5eE5pdGNlbkF5RXZpM0duTHRVY2dhOHRpM3J0U2N6VWkvMVJlQkcrZzVncVJWSC9mdTZGSEVQRTFBbXNoeVY5Sm91TTFybmRyQnRqZDRKeFRxVFdnQTJ2STRGMlVvNUd1ZUtQSCtyYWdDemhJenpvSTZHM3J0YzJ0eWNGNHZKdCtHU2Rham0zTkpnNkppRjNxMEZ0SFpDUER4enNWbGEzSW9yL3J5YTFBUEZTZGtaTkJ2R3RKQnhKck1SOGhWMlFWeUhwTFRzQnZLb3hEQ2s0VVcyQm1xSFdQY2sxa1VYVzRyRU9tZk5FTUljeU1EalJoeCt6ang3OXJQWGJRbys4Sk9nY0JGeWk1anRlSVdKdEN6N1ZhNFdBdjdFSTdpQU1pemxtdllDWmlRcnpLdG5jVElUWitlcGhBbkl3dGxEMnZJYjY5TUlSV041bHB4SnYvNGZxMExrVXZHaDgyNVhGR0llaFM4N0Y4SnA5MmtPWmlLMktWeUNXN2dGa2lEZ1Q3ZVdhMWRwaDh5V1o0VFBYU3p2NjFlZVRaRUFFOEIveU1xTmpCa3piTlNqbHBEa2JqUVgrY3AycVRhNTVlUWMwbDdEVXY4T1VPSDRsdlVZOHRTMk9NY0l3Qnkwa0FBZ1J0N2J0ZGRTbEtkSVpKeUxIQmNFN2dGbXJ5YnZ4MWdwSmdncWI3Y2VpTklBRlYwWlhOMFpYSmtkV1JoTVRNc1JYZGxkMmw1YVd3MU9UaEFjblZ1Y1hndVkyOXRPNGxwSUR2U0VFVFI4MDFQQmZyQUtraz14eGM+",
    "nickname" : "testerduda13",
    "username" : "testerduda13"
  },
  {
    "authStatus" : "requested",
    "createdAt" : "2022-06-21T14:03:05Z",
    "id" : "SEQunIrXkgzW7poDlU7hb1i8s2IZ0ZTehvwC3yP4cKQD",
    "isRecent" : false,
    "marshaled" : "PHh4YygyKVNFUXVuSXJYa2d6Vzdwb0RsVTdoYjFpOHMySVowWlRlaHZ3QzN5UDRjS1FEa0FaaUI5a1pvK0RsM2RCeTJPSm9rV1ZVcnRITVl6NmYzUzgramlsVTgzenQ3TlgyQVcyWXoyOEJpN25kWUpRZlhocHRWZTJqNHR3K2k3SGFodFdKQmNUZ1JQS1FEUFBDSGZoSmNoeGJNL0VHT0tDbkYrU3liZE5nelR2elYrVXBZTmh6YnZBbGtJSnV3anhXY0h4dkE1Tnhvb0JNd3ViYVpiUUVTblJLRW9VQStoOXlYTUhITjdVZCs1QUthRkxZNE53K0NuVU9GeWZFYWtLbCt0dDY3Q2JUNXVhaU9aNW4waVFBZENKVHNqdTJ5bS9Edjd4TXBLNW9oSSsyTm9HRFh6TXZWd045bndKWWRVY2VMQkk5NXoxUnBTVVlXZW4rVWhIR3QwOU5iTVMzWTBHbTE0a1lxejZiV2thOUFLZUtQSHd3UFFVby9CUUZqZ1ZTZ1dGZkFQbkhwakhMa0dSSW9xdmZPNW9KVzljdmw5NURIQ1FqWkNidlNhOHFPTnpxNmJwc01WYjJMMzdUdm1sUGtPbDlZbmdHQm5jZ0RIUUJ6Z2ZxUTR2TVdXZmFJTlA0OHNmSG1WaDVCS1B6SU0zd3M2aE8zc3NzV3V0bml4Z1lVOHVtay8rSi9PUHluMWhDNC9yR3hkckljOFM0VlBBSnNFYlZOaFExLzU0azVTZ2hXakNaczFoOWZFSVhGd0FBT0FCVmRHVnpkR1Z5WkhWa1lURTFMRlYwWlhOMFpYSmtkV1JoTVRVN0NxdWVQdDcydkYxS3hTbmZIUStZcEE9PXh4Yz4=",
    "nickname" : "testerduda15",
    "username" : "testerduda15"
  },
  {
    "authStatus" : "hidden",
    "createdAt" : "2022-06-21T14:11:46Z",
    "id" : "tRpK4sI1Zr6321Yz/6HKZBmbTkkOX7KxlATLY7WuOcwD",
    "isRecent" : false,
    "marshaled" : "PHh4YygyKXRScEs0c0kxWnI2MzIxWXovNkhLWkJtYlRra09YN0t4bEFUTFk3V3VPY3dEa0FaaUI5a1pvK0RsM1VvK0g5L1VwT2ZBdnZ4aGIvUmR3SVBieDdoSE93bmtiU2EzWnc0dkw1ZWtYelhSOUV0QjA1dTh1V3ZLN0owZTRUSzNuUHdwZkVxcUVTMHNOc1pacHVyMzRmbEFNNkhOUm4wUkI2MU01L3J0STNyZGc4NDZTM0xpSldBZDYzNWp6SWg5b1JpZkpvb2MzRmVqdXE3cFhNQTQ2NUFpTzJUQVFhTjNCZ2tuelVZUldZOCtTa1BjbHVmU1RGSDdveTJSMWYxcnZJNHRWOFdibDhNNzNTNnFpUmptOHI4N0R2U2w4MHlSckJnR2lJNDI2d0w4cDRBZXVtMk1vMFRQVEZ2N3NJcmk3bE04eC84bEtEWFJjbXdYWnVjU2ZUcWUrcVNEUWwva3VhZGd1eWtqUXNnQW1YYjBSMnkrOElFZWlwdDJNVTlBZjllV1hNZzV1RU4yL2dIUWVENHc0clRheEdOc2E5VU1ld0hjT0FSckRBUnZGZzdNMGxLWW94ZW9SOWhSNng4RGNxZStVSWU0K202VDVqRThMQVFZSU1KMHRjY1dLQmhaVWN3UDBNS3RsaEdMUUg0elNvRkgyYXV6OU15VU1mNGJMUXVhcWIyMDFTTmJWaFRVYytFMVhRWUk1VmU1SjZ1aEtZMjBsT1NtMUQ0eEFBWWwrTEhlS0NtbU9pSEhza0FBTlBnRmZSblduSDZFVmowUkdzUHdITGx2RktZMVREZHZqMTRSV2QyMEtKNGNBRlYwWlhOMFpYSmtkV1JoTVRjN3MydHNaUjlpWjJONHlMaUt3MkEwM2c9PXh4Yz4=",
    "username" : "testerduda17"
  }
]