[
  {
    "date" : "2022-06-21T12:16:44Z",
    "id" : 1,
    "isUnread" : false,
    "networkId" : "Axzmm0lkeMsu9TAFHmQ19uLBUlrhjoiZgaTnv2jMZ6g=",
    "recipientId" : "GxCZp/Gv5mTP35CQcQ124wlnvqT+b20LftZp2co/8WcD",
    "roundURL" : "https://dashboard.xx.network/rounds/53915203?xxmessenger=true",
    "senderId" : "bXktY29udGFjdC1pZA==",
    "status" : "sent",
    "text" : "Hey Duda"
  },
  {
    "date" : "2022-06-21T12:16:45Z",
    "id" : 2,
    "isUnread" : false,
    "networkId" : "o/x7+6BSQ8mRxoOpuryQQ5QDivK85mvrmJ1njY1jTR8=",
    "recipientId" : "GxCZp/Gv5mTP35CQcQ124wlnvqT+b20LftZp2co/8WcD",
    "roundURL" : "https://dashboard.xx.network/rounds/53915203?xxmessenger=true",
    "senderId" : "bXktY29udGFjdC1pZA==",
    "status" : "sent",
    "text" : "All fine?"
  },
  {
    "date" : "2022-06-21T12:16:57Z",
    "fileTransferId" : "wag3yzRvNzh+TFkf7egatJJBKBoX2uOOOLWEr4wqB3A=",
    "id" : 3,
    "isUnread" : false,
    "recipientId" : "GxCZp/Gv5mTP35CQcQ124wlnvqT+b20LftZp2co/8WcD",
    "senderId" : "bXktY29udGFjdC1pZA==",
    "status" : "sent",
    "text" : "You sent an image"
  },
  {
    "date" : "2022-06-21T12:21:29Z",
    "id" : 4,
    "isUnread" : false,
    "networkId" : "rjqAQOfAXJp7BpS/ntATq5WCLIP9jaLrPNego3oxr3Q=",
    "recipientId" : "bXktY29udGFjdC1pZA==",
    "replyMessageId" : "Axzmm0lkeMsu9TAFHmQ19uLBUlrhjoiZgaTnv2jMZ6g=",
    "roundURL" : "https://dashboard.xx.network/rounds/53916078?xxmessenger=true",
    "senderId" : "GxCZp/Gv5mTP35CQcQ124wlnvqT+b20LftZp2co/8WcD",
    "status" : "received",
    "text" : "Hello darli"
  },
  {
    "date" : "2022-06-21T12:21:31Z",
    "id" : 5,
    "isUnread" : false,
    "networkId" : "4HZVFohDuz3zqGWT/ktfdZdl3kxpNUM/I6RpS8TD2so=",
    "recipientId" : "bXktY29udGFjdC1pZA==",
    "roundURL" : "https://dashboard.xx.network/rounds/53916092?xxmessenger=true",
    "senderId" : "GxCZp/Gv5mTP35CQcQ124wlnvqT+b20LftZp2co/8WcD",
    "status" : "received",
    "text" : "Fine and you?"
  },
  {
    "date" : "2022-06-21T12:21:44Z",
    "fileTransferId" : "y+QvllirRNabdeP0Mh/m/muSsWaTeGmJTehc/Iap5Fw=",
    "id" : 6,
    "isUnread" : false,
    "recipientId" : "bXktY29udGFjdC1pZA==",
    "senderId" : "GxCZp/Gv5mTP35CQcQ124wlnvqT+b20LftZp2co/8WcD",
    "status" : "received",
    "text" : "Sent you a m4a"
  },
  {
    "date" : "2022-06-21T12:21:56Z",
    "fileTransferId" : "3Dz9wfu/4dcHm+I2w3JNzo5tfMYH9iZ64G386gKPrzE=",
    "id" : 7,
    "isUnread" : false,
    "recipientId" : "bXktY29udGFjdC1pZA==",
    "senderId" : "GxCZp/Gv5mTP35CQcQ124wlnvqT+b20LftZp2co/8WcD",
    "status" : "received",
    "text" : "Sent you a jpeg"
  },
  {
    "date" : "2022-06-21T12:22:44Z",
    "fileTransferId" : "82P39q0zYzHJajBhIBvVoz3xKFY9ew01zR71fUpOYzc=",
    "id" : 8,
    "isUnread" : false,
    "recipientId" : "GxCZp/Gv5mTP35CQcQ124wlnvqT+b20LftZp2co/8WcD",
    "senderId" : "bXktY29udGFjdC1pZA==",
    "status" : "sent",
    "text" : "You sent a voice message"
  },
  {
    "date" : "2022-06-21T12:24:25Z",
    "groupId" : "WWYl6vNHj3TYyiPRR0WJa+JavWPX1iKOSdUY9sRUM5UE",
    "id" : 25,
    "isUnread" : false,
    "networkId" : "Ba2YDUvws+JlFlc9VL4Xxhxu/2+PehH3sDkE0/9L3xk=",
    "roundURL" : "https://dashboard.xx.network/rounds/53916596?xxmessenger=true",
    "senderId" : "bXktY29udGFjdC1pZA==",
    "status" : "sent",
    "text" : "HEEEEEY!"
  },
  {
    "date" : "2022-06-21T12:24:29Z",
    "groupId" : "WWYl6vNHj3TYyiPRR0WJa+JavWPX1iKOSdUY9sRUM5UE",
    "id" : 26,
    "isUnread" : false,
    "networkId" : "zFXcnW3Gb+37wshaMSKx/LCnicL9PJtyMBF8GdH2eQU=",
    "roundURL" : "https://dashboard.xx.network/rounds/53916636?xxmessenger=true",
    "senderId" : "bXktY29udGFjdC1pZA==",
    "status" : "sent",
    "text" : "NICE!"
  },
  {
    "date" : "2022-06-21T12:24:53Z",
    "groupId" : "woYZLU73WEoqxPooqIfUOJSMQIC3+ikbYwP+VcFXV+gE",
    "id" : 27,
    "isUnread" : false,
    "senderId" : "GxCZp/Gv5mTP35CQcQ124wlnvqT+b20LftZp2co/8WcD",
    "status" : "received",
    "text" : "ESSE TEM WELCOME!"
  },
  {
    "date" : "2022-06-21T12:25:36Z",
    "groupId" : "woYZLU73WEoqxPooqIfUOJSMQIC3+ikbYwP+VcFXV+gE",
    "id" : 28,
    "isUnread" : false,
    "networkId" : "bj9dDcCrZYtXFGU2YgrUKWc3hvkpW5WBce8pgL5YU0s=",
    "roundURL" : "https://dashboard.xx.network/rounds/53916860?xxmessenger=true",
    "senderId" : "bXktY29udGFjdC1pZA==",
    "status" : "sent",
    "text" : "Massa!"
  },
  {
    "date" : "2022-06-21T12:36:39Z",
    "id" : 9,
    "isUnread" : false,
    "networkId" : "TmDBN91ZmD9j/ufsSASQAbSYM3x9bcTume3b+J7G+QM=",
    "recipientId" : "bXktY29udGFjdC1pZA==",
    "roundURL" : "https://dashboard.xx.network/rounds/53918941?xxmessenger=true",
    "senderId" : "ybmgdlemAJ3EReCyt8Lwn419CrlG59R79iJ5fFa1Rj8D",
    "status" : "received",
    "text" : "Hey"
  },
  {
    "date" : "2022-06-21T12:36:41Z",
    "id" : 10,
    "isUnread" : false,
    "networkId" : "DIMLoIhf5HjAcI7HtehtQwRg9yLRdkd8V4cYeWGZiYU=",
    "recipientId" : "bXktY29udGFjdC1pZA==",
    "roundURL" : "https://dashboard.xx.network/rounds/53918971?xxmessenger=true",
    "senderId" : "ybmgdlemAJ3EReCyt8Lwn419CrlG59R79iJ5fFa1Rj8D",
    "status" : "received",
    "text" : "Testing"
  },
  {
    "date" : "2022-06-21T12:36:42Z",
    "id" : 11,
    "isUnread" : false,
    "networkId" : "H6MkTaBH2lgEunld+MTv4A8h2TKSIOJwRk0oFmQQw6o=",
    "recipientId" : "bXktY29udGFjdC1pZA==",
    "roundURL" : "https://dashboard.xx.network/rounds/53918967?xxmessenger=true",
    "senderId" : "ybmgdlemAJ3EReCyt8Lwn419CrlG59R79iJ5fFa1Rj8D",
    "status" : "received",
    "text" : "Cool"
  },
  {
    "date" : "2022-06-21T13:11:10Z",
    "fileTransferId" : "9DsrVN3g8V5Pqx+VccZw0Q3I7s3U3nzOzo4j+qaydxc=",
    "id" : 12,
    "isUnread" : false,
    "recipientId" : "bXktY29udGFjdC1pZA==",
    "senderId" : "ybmgdlemAJ3EReCyt8Lwn419CrlG59R79iJ5fFa1Rj8D",
    "status" : "received",
    "text" : "Sent you a jpeg"
  },
  {
    "date" : "2022-06-21T13:11:42Z",
    "fileTransferId" : "cq2/+U+JmvBrF+4p0d0d8kP5lcDFx4U3ZB9WG1WongI=",
    "id" : 13,
    "isUnread" : false,
    "recipientId" : "ybmgdlemAJ3EReCyt8Lwn419CrlG59R79iJ5fFa1Rj8D",
    "senderId" : "bXktY29udGFjdC1pZA==",
    "status" : "sent",
    "text" : "You sent a voice message"
  },
  {
    "date" : "2022-06-21T13:12:06Z",
    "groupId" : "i8dfJEWoqMIIn2tfRIM3zliNSTsVqMfmAoVZM/43JUQE",
    "id" : 29,
    "isUnread" : false,
    "networkId" : "GtD+qkXfUWIXiszZY09d+IrRUHbcWEoQzccz6+P4o/4=",
    "roundURL" : "https://dashboard.xx.network/rounds/53925609?xxmessenger=true",
    "senderId" : "bXktY29udGFjdC1pZA==",
    "status" : "sent",
    "text" : "Oieeeee"
  },
  {
    "date" : "2022-06-21T13:12:09Z",
    "groupId" : "i8dfJEWoqMIIn2tfRIM3zliNSTsVqMfmAoVZM/43JUQE",
    "id" : 30,
    "isUnread" : false,
    "networkId" : "PkBKX0RZaqgth8l7iptyzW/CZsfNqIDjSeHCblBVJ9E=",
    "roundURL" : "https://dashboard.xx.network/rounds/53925618?xxmessenger=true",
    "senderId" : "bXktY29udGFjdC1pZA==",
    "status" : "sent",
    "text" : "Ae galera"
  },
  {
    "date" : "2022-06-21T13:12:24Z",
    "groupId" : "1rF6W8dJuHm4cS/e5fYNdsc1y501Bof6zpG5wMDmK9wE",
    "id" : 31,
    "isUnread" : false,
    "senderId" : "bXktY29udGFjdC1pZA==",
    "status" : "sent",
    "text" : "BORA MANSAALS"
  },
  {
    "date" : "2022-06-21T13:12:52Z",
    "groupId" : "i8dfJEWoqMIIn2tfRIM3zliNSTsVqMfmAoVZM/43JUQE",
    "id" : 32,
    "isUnread" : false,
    "networkId" : "412iDisl1XC3Gb7qv9s4NTW3BIxzMKCOvBsWIc71Bvk=",
    "roundURL" : "https://dashboard.xx.network/rounds/53925755?xxmessenger=true",
    "senderId" : "ybmgdlemAJ3EReCyt8Lwn419CrlG59R79iJ5fFa1Rj8D",
    "status" : "received",
    "text" : "AEEEEEEEE"
  },
  {
    "date" : "2022-06-21T13:12:59Z",
    "groupId" : "1rF6W8dJuHm4cS/e5fYNdsc1y501Bof6zpG5wMDmK9wE",
    "id" : 33,
    "isUnread" : false,
    "networkId" : "rdIZfYj4duV67RUMyhhWt96sHq6wg1+t8gdDQq8O6/E=",
    "roundURL" : "https://dashboard.xx.network/rounds/53925785?xxmessenger=true",
    "senderId" : "ybmgdlemAJ3EReCyt8Lwn419CrlG59R79iJ5fFa1Rj8D",
    "status" : "received",
    "text" : "Eeeeeeeey"
  },
  {
    "date" : "2022-06-21T13:13:14Z",
    "groupId" : "i8dfJEWoqMIIn2tfRIM3zliNSTsVqMfmAoVZM/43JUQE",
    "id" : 34,
    "isUnread" : false,
    "networkId" : "nVvwjbDvjgYLMqaX4lPw+elEpM2rPMtZmqV7VoEbggA=",
    "replyMessageId" : "412iDisl1XC3Gb7qv9s4NTW3BIxzMKCOvBsWIc71Bvk=",
    "roundURL" : "https://dashboard.xx.network/rounds/53925823?xxmessenger=true",
    "senderId" : "bXktY29udGFjdC1pZA==",
    "status" : "sent",
    "text" : "Auuuuu"
  },
  {
    "date" : "2022-06-21T13:13:18Z",
    "groupId" : "i8dfJEWoqMIIn2tfRIM3zliNSTsVqMfmAoVZM/43JUQE",
    "id" : 35,
    "isUnread" : false,
    "networkId" : "5oPn2b5AeNHImE0TMou+f0eCgq6foHROd/JMROfhEP4=",
    "replyMessageId" : "PkBKX0RZaqgth8l7iptyzW/CZsfNqIDjSeHCblBVJ9E=",
    "roundURL" : "https://dashboard.xx.network/rounds/53925841?xxmessenger=true",
    "senderId" : "bXktY29udGFjdC1pZA==",
    "status" : "sent",
    "text" : "???"
  },
  {
    "date" : "2022-06-21T13:13:30Z",
    "groupId" : "i8dfJEWoqMIIn2tfRIM3zliNSTsVqMfmAoVZM/43JUQE",
    "id" : 36,
    "isUnread" : false,
    "networkId" : "eKXNuIQAKA8GVeUub6Fbm2x+yVRKM0O5wWawgDMT+dc=",
    "replyMessageId" : "nVvwjbDvjgYLMqaX4lPw+elEpM2rPMtZmqV7VoEbggA=",
    "roundURL" : "https://dashboard.xx.network/rounds/53925881?xxmessenger=true",
    "senderId" : "ybmgdlemAJ3EReCyt8Lwn419CrlG59R79iJ5fFa1Rj8D",
    "status" : "received",
    "text" : "heeeeewy"
  },
  {
    "date" : "2022-06-21T13:13:32Z",
    "groupId" : "i8dfJEWoqMIIn2tfRIM3zliNSTsVqMfmAoVZM/43JUQE",
    "id" : 37,
    "isUnread" : false,
    "networkId" : "d+sW3DWh63zsGoj9n+hxr8jNS4Xz8jEM9PkvicD9430=",
    "replyMessageId" : "5oPn2b5AeNHImE0TMou+f0eCgq6foHROd/JMROfhEP4=",
    "roundURL" : "https://dashboard.xx.network/rounds/53925888?xxmessenger=true",
    "senderId" : "ybmgdlemAJ3EReCyt8Lwn419CrlG59R79iJ5fFa1Rj8D",
    "status" : "received",
    "text" : "$9/,!9/!,9/,!/"
  },
  {
    "date" : "2022-06-21T13:13:36Z",
    "groupId" : "i8dfJEWoqMIIn2tfRIM3zliNSTsVqMfmAoVZM/43JUQE",
    "id" : 38,
    "isUnread" : false,
    "networkId" : "oPW28R/7k1oOWf3q7RSaLqP994wbRT/oxcBWAldsfEs=",
    "replyMessageId" : "412iDisl1XC3Gb7qv9s4NTW3BIxzMKCOvBsWIc71Bvk=",
    "roundURL" : "https://dashboard.xx.network/rounds/53925897?xxmessenger=true",
    "senderId" : "ybmgdlemAJ3EReCyt8Lwn419CrlG59R79iJ5fFa1Rj8D",
    "status" : "received",
    "text" : "Bowbdowcboa c"
  },
  {
    "date" : "2022-06-21T13:13:42Z",
    "groupId" : "i8dfJEWoqMIIn2tfRIM3zliNSTsVqMfmAoVZM/43JUQE",
    "id" : 39,
    "isUnread" : false,
    "networkId" : "DxYfnvxrSwDXJLBb7ASHOgpC9dVXzflZYl+z3JwPjpU=",
    "roundURL" : "https://dashboard.xx.network/rounds/53925899?xxmessenger=true",
    "senderId" : "ybmgdlemAJ3EReCyt8Lwn419CrlG59R79iJ5fFa1Rj8D",
    "status" : "received",
    "text" : "OB ob labcla"
  },
  {
    "date" : "2022-06-21T13:13:58Z",
    "groupId" : "1rF6W8dJuHm4cS/e5fYNdsc1y501Bof6zpG5wMDmK9wE",
    "id" : 40,
    "isUnread" : false,
    "networkId" : "aN6r3HwN61SbmmcXfMf/EdFkzP7I80Zn8OQ5VpzTBB8=",
    "roundURL" : "https://dashboard.xx.network/rounds/53925956?xxmessenger=true",
    "senderId" : "ybmgdlemAJ3EReCyt8Lwn419CrlG59R79iJ5fFa1Rj8D",
    "status" : "received",
    "text" : "Vooppppor"
  },
  {
    "date" : "2022-06-21T13:14:06Z",
    "groupId" : "1rF6W8dJuHm4cS/e5fYNdsc1y501Bof6zpG5wMDmK9wE",
    "id" : 41,
    "isUnread" : false,
    "networkId" : "KULAomz/L4GP7Fp/FyzKTPnbNPaGUmRoHyQQRUM3+wA=",
    "roundURL" : "https://dashboard.xx.network/rounds/53925995?xxmessenger=true",
    "senderId" : "bXktY29udGFjdC1pZA==",
    "status" : "sent",
    "text" : "JA JDJDJDJDJDJJD"
  },
  {
    "date" : "2022-06-21T13:14:08Z",
    "groupId" : "1rF6W8dJuHm4cS/e5fYNdsc1y501Bof6zpG5wMDmK9wE",
    "id" : 42,
    "isUnread" : false,
    "networkId" : "s/lxDZxS9y3MfBwJ/98VnxeLaJughraff2XD1UVibOs=",
    "replyMessageId" : "rdIZfYj4duV67RUMyhhWt96sHq6wg1+t8gdDQq8O6/E=",
    "roundURL" : "https://dashboard.xx.network/rounds/53925990?xxmessenger=true",
    "senderId" : "bXktY29udGFjdC1pZA==",
    "status" : "sent",
    "text" : "NE MASSA"
  },
  {
    "date" : "2022-06-21T13:14:29Z",
    "groupId" : "1rF6W8dJuHm4cS/e5fYNdsc1y501Bof6zpG5wMDmK9wE",
    "id" : 43,
    "isUnread" : false,
    "networkId" : "JvObtRege15fxHbVTmCQ2+cxZkuQlrlgRleVl7pKdqY=",
    "replyMessageId" : "KULAomz/L4GP7Fp/FyzKTPnbNPaGUmRoHyQQRUM3+wA=",
    "roundURL" : "https://dashboard.xx.network/rounds/53926060?xxmessenger=true",
    "senderId" : "ybmgdlemAJ3EReCyt8Lwn419CrlG59R79iJ5fFa1Rj8D",
    "status" : "received",
    "text" : "Qual doi????"
  },
  {
    "date" : "2022-06-21T13:14:39Z",
    "groupId" : "1rF6W8dJuHm4cS/e5fYNdsc1y501Bof6zpG5wMDmK9wE",
    "id" : 44,
    "isUnread" : false,
    "networkId" : "Op/IIow94/1n7Iesl46Pdg5fDxiKhQSw5Ejaez3dvz0=",
    "replyMessageId" : "KULAomz/L4GP7Fp/FyzKTPnbNPaGUmRoHyQQRUM3+wA=",
    "roundURL" : "https://dashboard.xx.network/rounds/53926078?xxmessenger=true",
    "senderId" : "ybmgdlemAJ3EReCyt8Lwn419CrlG59R79iJ5fFa1Rj8D",
    "status" : "received",
    "text" : "Erreeeee"
  },
  {
    "date" : "2022-06-21T13:41:55Z",
    "id" : 14,
    "isUnread" : false,
    "networkId" : "ntF2Jj+G+9hH1UoUVCecIL/hWGiVxvArHhlddzp+0VM=",
    "recipientId" : "bXktY29udGFjdC1pZA==",
    "roundURL" : "https://dashboard.xx.network/rounds/53931277?xxmessenger=true",
    "senderId" : "L+JUu+FVT3JAFjyb0MLPRhLsDx06/3vhGmGOhOALqiED",
    "status" : "received",
    "text" : "android aqui!tes"
  },
  {
    "date" : "2022-06-21T13:42:07Z",
    "id" : 15,
    "isUnread" : false,
    "networkId" : "iR6UZJM5ko0HnQZZs8Z0uJ6D1j//mw+znPY7q9rJ1QE=",
    "recipientId" : "bXktY29udGFjdC1pZA==",
    "roundURL" : "https://dashboard.xx.network/rounds/53931298?xxmessenger=true",
    "senderId" : "L+JUu+FVT3JAFjyb0MLPRhLsDx06/3vhGmGOhOALqiED",
    "status" : "received",
    "text" : "testando\n"
  },
  {
    "date" : "2022-06-21T13:43:12Z",
    "id" : 16,
    "isUnread" : false,
    "networkId" : "VUZSAtt871nUZO6+lat1xw/nBDHa4lsTmrGuYeMpFew=",
    "recipientId" : "L+JUu+FVT3JAFjyb0MLPRhLsDx06/3vhGmGOhOALqiED",
    "roundURL" : "https://dashboard.xx.network/rounds/53931507?xxmessenger=true",
    "senderId" : "bXktY29udGFjdC1pZA==",
    "status" : "sent",
    "text" : "Oiimas"
  },
  {
    "date" : "2022-06-21T13:43:13Z",
    "id" : 17,
    "isUnread" : false,
    "networkId" : "UfF+BZRuv/dc5rjX9N1hZtUs9PMeB+IJ7/JU2LInLxY=",
    "recipientId" : "L+JUu+FVT3JAFjyb0MLPRhLsDx06/3vhGmGOhOALqiED",
    "roundURL" : "https://dashboard.xx.network/rounds/53931514?xxmessenger=true",
    "senderId" : "bXktY29udGFjdC1pZA==",
    "status" : "sent",
    "text" : "Massa"
  },
  {
    "date" : "2022-06-21T13:43:18Z",
    "id" : 18,
    "isUnread" : false,
    "networkId" : "Iib0i9otfhN5RUU+2R5wWe3WHB8pePfwEo90mJ1gbAM=",
    "recipientId" : "L+JUu+FVT3JAFjyb0MLPRhLsDx06/3vhGmGOhOALqiED",
    "roundURL" : "https://dashboard.xx.network/rounds/53931525?xxmessenger=true",
    "senderId" : "bXktY29udGFjdC1pZA==",
    "status" : "sent",
    "text" : "Android device"
  },
  {
    "date" : "2022-06-21T13:43:21Z",
    "id" : 19,
    "isUnread" : false,
    "networkId" : "bJxJcfwYNw6hxqCvPJgvpsF7tPdcprl2tt5SlENSY+c=",
    "recipientId" : "L+JUu+FVT3JAFjyb0MLPRhLsDx06/3vhGmGOhOALqiED",
    "replyMessageId" : "ntF2Jj+G+9hH1UoUVCecIL/hWGiVxvArHhlddzp+0VM=",
    "roundURL" : "https://dashboard.xx.network/rounds/53931528?xxmessenger=true",
    "senderId" : "bXktY29udGFjdC1pZA==",
    "status" : "sent",
    "text" : "Lehal"
  },
  {
    "date" : "2022-06-21T13:43:24Z",
    "id" : 20,
    "isUnread" : false,
    "networkId" : "kKYKXCETeFH5BH76oSqIOQKNna5p4S+7FpLMzmgIb9E=",
    "recipientId" : "L+JUu+FVT3JAFjyb0MLPRhLsDx06/3vhGmGOhOALqiED",
    "replyMessageId" : "VUZSAtt871nUZO6+lat1xw/nBDHa4lsTmrGuYeMpFew=",
    "roundURL" : "https://dashboard.xx.network/rounds/53931538?xxmessenger=true",
    "senderId" : "bXktY29udGFjdC1pZA==",
    "status" : "sent",
    "text" : "Ne"
  },
  {
    "date" : "2022-06-21T13:43:38Z",
    "fileTransferId" : "9T+IUTbVmOCD+eyvXWJTrk06RfqKMoIIylb+MFBKd+U=",
    "id" : 21,
    "isUnread" : false,
    "recipientId" : "L+JUu+FVT3JAFjyb0MLPRhLsDx06/3vhGmGOhOALqiED",
    "senderId" : "bXktY29udGFjdC1pZA==",
    "status" : "sent",
    "text" : "You sent an image"
  },
  {
    "date" : "2022-06-21T13:44:08Z",
    "fileTransferId" : "465q1VzTGeAtQ9dsiVPNs1shhNTdWr/qV4bk2ZvNQqo=",
    "id" : 22,
    "isUnread" : false,
    "recipientId" : "L+JUu+FVT3JAFjyb0MLPRhLsDx06/3vhGmGOhOALqiED",
    "senderId" : "bXktY29udGFjdC1pZA==",
    "status" : "sent",
    "text" : "You sent a voice message"
  },
  {
    "date" : "2022-06-21T13:44:46Z",
    "fileTransferId" : "WGXtmvGSq9KJZWTIH0/VXlhuNlTcAaqHfDCFiiMsXJA=",
    "id" : 23,
    "isUnread" : false,
    "recipientId" : "bXktY29udGFjdC1pZA==",
    "senderId" : "L+JUu+FVT3JAFjyb0MLPRhLsDx06/3vhGmGOhOALqiED",
    "status" : "received",
    "text" : "Sent you a m4a"
  },
  {
    "date" : "2022-06-21T13:45:39Z",
    "fileTransferId" : "Fz2JV+X2KQ2T0hTVFdtdQU9XQOQd39uZ4qP7pUlE4w8=",
    "id" : 24,
    "isUnread" : false,
    "recipientId" : "bXktY29udGFjdC1pZA==",
    "senderId" : "L+JUu+FVT3JAFjyb0MLPRhLsDx06/3vhGmGOhOALqiED",
    "status" : "received",
    "text" : "Sent you a jpeg"
  },
  {
    "date" : "2022-06-21T13:46:24Z",
    "groupId" : "xXoWR9tPmhHXnbtuVuueklXRDmwGB2TQvyUb+1NqH7kE",
    "id" : 45,
    "isUnread" : false,
    "networkId" : "SkbGyu+zcuQhQ0XLdygnbA8P8XnRFutS7oUWRJD/pUY=",
    "roundURL" : "https://dashboard.xx.network/rounds/53932137?xxmessenger=true",
    "senderId" : "bXktY29udGFjdC1pZA==",
    "status" : "sent",
    "text" : "Heyyy"
  },
  {
    "date" : "2022-06-21T13:46:44Z",
    "groupId" : "Ey9i0d+tBKBeRicNPAPIJx68+Tic774v1bFIsvY9FOoE",
    "id" : 46,
    "isUnread" : false,
    "senderId" : "bXktY29udGFjdC1pZA==",
    "status" : "sent",
    "text" : "AWUI TEM QELXOME"
  },
  {
    "date" : "2022-06-21T13:47:12Z",
    "groupId" : "xXoWR9tPmhHXnbtuVuueklXRDmwGB2TQvyUb+1NqH7kE",
    "id" : 47,
    "isUnread" : false,
    "networkId" : "7WZQJ4gVqijId08XBVLgcgRQ9I0NBGUeu6cf5F+uboA=",
    "roundURL" : "https://dashboard.xx.network/rounds/53932280?xxmessenger=true",
    "senderId" : "L+JUu+FVT3JAFjyb0MLPRhLsDx06/3vhGmGOhOALqiED",
    "status" : "received",
    "text" : "ioeeeeeee"
  },
  {
    "date" : "2022-06-21T13:47:18Z",
    "groupId" : "Ey9i0d+tBKBeRicNPAPIJx68+Tic774v1bFIsvY9FOoE",
    "id" : 48,
    "isUnread" : false,
    "networkId" : "uh23p7/XxycWsIZxDTN/FE0kPG+srhChiRqKbe+17I4=",
    "roundURL" : "https://dashboard.xx.network/rounds/53932284?xxmessenger=true",
    "senderId" : "L+JUu+FVT3JAFjyb0MLPRhLsDx06/3vhGmGOhOALqiED",
    "status" : "received",
    "text" : "masssa"
  },
  {
    "date" : "2022-06-21T13:47:22Z",
    "groupId" : "Ey9i0d+tBKBeRicNPAPIJx68+Tic774v1bFIsvY9FOoE",
    "id" : 49,
    "isUnread" : false,
    "networkId" : "LEzA75GlM6OHMjt2ripVGVv1BhS+HgRutxo8c0vFUU4=",
    "roundURL" : "https://dashboard.xx.network/rounds/53932309?xxmessenger=true",
    "senderId" : "L+JUu+FVT3JAFjyb0MLPRhLsDx06/3vhGmGOhOALqiED",
    "status" : "received",
    "text" : "leghakl"
  },
  {
    "date" : "2022-06-21T13:47:26Z",
    "groupId" : "Ey9i0d+tBKBeRicNPAPIJx68+Tic774v1bFIsvY9FOoE",
    "id" : 50,
    "isUnread" : false,
    "networkId" : "BKuetUMYoT3P13HTjNWvbtVkR6JaWDVqxtvq5FnnP7o=",
    "roundURL" : "https://dashboard.xx.network/rounds/53932308?xxmessenger=true",
    "senderId" : "L+JUu+FVT3JAFjyb0MLPRhLsDx06/3vhGmGOhOALqiED",
    "status" : "received",
    "text" : "arretado"
  },
  {
    "date" : "2022-06-21T13:47:28Z",
    "groupId" : "Ey9i0d+tBKBeRicNPAPIJx68+Tic774v1bFIsvY9FOoE",
    "id" : 51,
    "isUnread" : false,
    "networkId" : "viw5w80Ltcdu4k90vAwTC+TU7qK4/Zer38hnZH0XSW4=",
    "replyMessageId" : "uh23p7/XxycWsIZxDTN/FE0kPG+srhChiRqKbe+17I4=",
    "roundURL" : "https://dashboard.xx.network/rounds/53932335?xxmessenger=true",
    "senderId" : "bXktY29udGFjdC1pZA==",
    "status" : "sent",
    "text" : "Ne"
  },
  {
    "date" : "2022-06-21T13:47:31Z",
    "groupId" : "Ey9i0d+tBKBeRicNPAPIJx68+Tic774v1bFIsvY9FOoE",
    "id" : 52,
    "isUnread" : false,
    "networkId" : "xyPMrsqXnpPQ7NX+vk6ocfIFRdtmET5m4HVheIrBLP8=",
    "roundURL" : "https://dashboard.xx.network/rounds/53932327?xxmessenger=true",
    "senderId" : "bXktY29udGFjdC1pZA==",
    "status" : "sent",
    "text" : "Mamamama"
  },
  {
    "date" : "2022-06-21T13:47:33Z",
    "groupId" : "Ey9i0d+tBKBeRicNPAPIJx68+Tic774v1bFIsvY9FOoE",
    "id" : 53,
    "isUnread" : false,
    "networkId" : "LEOKKfxpueNtxFHHWy/VYiUmC9Nuv9Cueyufv64c9NQ=",
    "replyMessageId" : "BKuetUMYoT3P13HTjNWvbtVkR6JaWDVqxtvq5FnnP7o=",
    "roundURL" : "https://dashboard.xx.network/rounds/53932330?xxmessenger=true",
    "senderId" : "bXktY29udGFjdC1pZA==",
    "status" : "sent",
    "text" : "Kxsncnwc"
  },
  {
    "date" : "2022-06-21T13:47:43Z",
    "groupId" : "Ey9i0d+tBKBeRicNPAPIJx68+Tic774v1bFIsvY9FOoE",
    "id" : 54,
    "isUnread" : false,
    "networkId" : "EAvZIp6DWJlV9D0HRdSpNHLDhoezo5TMpyWxP4PMAYg=",
    "replyMessageId" : "xyPMrsqXnpPQ7NX+vk6ocfIFRdtmET5m4HVheIrBLP8=",
    "roundURL" : "https://dashboard.xx.network/rounds/53932365?xxmessenger=true",
    "senderId" : "L+JUu+FVT3JAFjyb0MLPRhLsDx06/3vhGmGOhOALqiED",
    "status" : "received",
    "text" : "ok"
  },
  {
    "date" : "2022-06-21T13:51:21Z",
    "groupId" : "t7tA5gnDGzBIks0uAXRVn2WLlNmJCv+DZc7TEcIJGJcE",
    "id" : 55,
    "isUnread" : false,
    "senderId" : "L+JUu+FVT3JAFjyb0MLPRhLsDx06/3vhGmGOhOALqiED",
    "status" : "received",
    "text" : "ifjsdoifjsdiofjsd"
  },
  {
    "date" : "2022-06-21T13:51:34Z",
    "groupId" : "t7tA5gnDGzBIks0uAXRVn2WLlNmJCv+DZc7TEcIJGJcE",
    "id" : 56,
    "isUnread" : false,
    "networkId" : "tDlhZ1sF0GVs83PWJ8lVHf7SGAOCGKvdh1Uy+CU5ALY=",
    "roundURL" : "https://dashboard.xx.network/rounds/53933110?xxmessenger=true",
    "senderId" : "bXktY29udGFjdC1pZA==",
    "status" : "sent",
    "text" : "Massa"
  },
  {
    "date" : "2022-06-21T13:53:53Z",
    "groupId" : "vb1Dc6wUr7L5oBVRFV5AHqSmZ3o2V37e1MZyZ/CWJSkE",
    "id" : 57,
    "isUnread" : false,
    "senderId" : "fethB60FQ0SacWygirJaThKGYeQwl7CSUCZPqft48b0D",
    "status" : "received",
    "text" : "Oie"
  },
  {
    "date" : "2022-06-21T14:10:22Z",
    "groupId" : "ILJ1g+ZQdCKCNN2aw6L8cJYVGgAn92Ml+gt8XtwMQOUE",
    "id" : 58,
    "isUnread" : false,
    "networkId" : "mZipeZ0o1MtjFZVvrrS06u8uPTx01xpUypMZdit4EWs=",
    "roundURL" : "https://dashboard.xx.network/rounds/53936615?xxmessenger=true",
    "senderId" : "bXktY29udGFjdC1pZA==",
    "status" : "sent",
    "text" : "Btnss"
  }
]