[
  {
    "contactId" : "GxCZp/Gv5mTP35CQcQ124wlnvqT+b20LftZp2co/8WcD",
    "groupId" : "Ey9i0d+tBKBeRicNPAPIJx68+Tic774v1bFIsvY9FOoE"
  },
  {
    "contactId" : "L+JUu+FVT3JAFjyb0MLPRhLsDx06/3vhGmGOhOALqiED",
    "groupId" : "Ey9i0d+tBKBeRicNPAPIJx68+Tic774v1bFIsvY9FOoE"
  },
  {
    "contactId" : "fethB60FQ0SacWygirJaThKGYeQwl7CSUCZPqft48b0D",
    "groupId" : "Ey9i0d+tBKBeRicNPAPIJx68+Tic774v1bFIsvY9FOoE"
  },
  {
    "contactId" : "qD25S4VcTHLblBErCwftF/gV2Z+7sYW3PrD/1Sn0nKAD",
    "groupId" : "Ey9i0d+tBKBeRicNPAPIJx68+Tic774v1bFIsvY9FOoE"
  },
  {
    "contactId" : "ybmgdlemAJ3EReCyt8Lwn419CrlG59R79iJ5fFa1Rj8D",
    "groupId" : "Ey9i0d+tBKBeRicNPAPIJx68+Tic774v1bFIsvY9FOoE"
  },
  {
    "contactId" : "L+JUu+FVT3JAFjyb0MLPRhLsDx06/3vhGmGOhOALqiED",
    "groupId" : "ILJ1g+ZQdCKCNN2aw6L8cJYVGgAn92Ml+gt8XtwMQOUE"
  },
  {
    "contactId" : "fethB60FQ0SacWygirJaThKGYeQwl7CSUCZPqft48b0D",
    "groupId" : "ILJ1g+ZQdCKCNN2aw6L8cJYVGgAn92Ml+gt8XtwMQOUE"
  },
  {
    "contactId" : "GxCZp/Gv5mTP35CQcQ124wlnvqT+b20LftZp2co/8WcD",
    "groupId" : "WWYl6vNHj3TYyiPRR0WJa+JavWPX1iKOSdUY9sRUM5UE"
  },
  {
    "contactId" : "JPm+zBboFVIEPrfsDz5Ue3fst77oxCwoLxNXrdqg+1MD",
    "groupId" : "WWYl6vNHj3TYyiPRR0WJa+JavWPX1iKOSdUY9sRUM5UE"
  },
  {
    "contactId" : "2qcF7Xl/QEn6Zu6cdQC0fteI6EeoEX9IY0nkBdmBbRYD",
    "groupId" : "WWYl6vNHj3TYyiPRR0WJa+JavWPX1iKOSdUY9sRUM5UE"
  },
  {
    "contactId" : "L+JUu+FVT3JAFjyb0MLPRhLsDx06/3vhGmGOhOALqiED",
    "groupId" : "cwlg7VgESDV27aRCfqQt1t9SlMw/M9nzMdOPepoYYa0E"
  },
  {
    "contactId" : "fethB60FQ0SacWygirJaThKGYeQwl7CSUCZPqft48b0D",
    "groupId" : "cwlg7VgESDV27aRCfqQt1t9SlMw/M9nzMdOPepoYYa0E"
  },
  {
    "contactId" : "GxCZp/Gv5mTP35CQcQ124wlnvqT+b20LftZp2co/8WcD",
    "groupId" : "i8dfJEWoqMIIn2tfRIM3zliNSTsVqMfmAoVZM/43JUQE"
  },
  {
    "contactId" : "ybmgdlemAJ3EReCyt8Lwn419CrlG59R79iJ5fFa1Rj8D",
    "groupId" : "i8dfJEWoqMIIn2tfRIM3zliNSTsVqMfmAoVZM/43JUQE"
  },
  {
    "contactId" : "L+JUu+FVT3JAFjyb0MLPRhLsDx06/3vhGmGOhOALqiED",
    "groupId" : "t7tA5gnDGzBIks0uAXRVn2WLlNmJCv+DZc7TEcIJGJcE"
  },
  {
    "contactId" : "fethB60FQ0SacWygirJaThKGYeQwl7CSUCZPqft48b0D",
    "groupId" : "t7tA5gnDGzBIks0uAXRVn2WLlNmJCv+DZc7TEcIJGJcE"
  },
  {
    "contactId" : "L+JUu+FVT3JAFjyb0MLPRhLsDx06/3vhGmGOhOALqiED",
    "groupId" : "vb1Dc6wUr7L5oBVRFV5AHqSmZ3o2V37e1MZyZ/CWJSkE"
  },
  {
    "contactId" : "fethB60FQ0SacWygirJaThKGYeQwl7CSUCZPqft48b0D",
    "groupId" : "vb1Dc6wUr7L5oBVRFV5AHqSmZ3o2V37e1MZyZ/CWJSkE"
  },
  {
    "contactId" : "GxCZp/Gv5mTP35CQcQ124wlnvqT+b20LftZp2co/8WcD",
    "groupId" : "woYZLU73WEoqxPooqIfUOJSMQIC3+ikbYwP+VcFXV+gE"
  },
  {
    "contactId" : "JPm+zBboFVIEPrfsDz5Ue3fst77oxCwoLxNXrdqg+1MD",
    "groupId" : "woYZLU73WEoqxPooqIfUOJSMQIC3+ikbYwP+VcFXV+gE"
  },
  {
    "contactId" : "2qcF7Xl/QEn6Zu6cdQC0fteI6EeoEX9IY0nkBdmBbRYD",
    "groupId" : "woYZLU73WEoqxPooqIfUOJSMQIC3+ikbYwP+VcFXV+gE"
  },
  {
    "contactId" : "GxCZp/Gv5mTP35CQcQ124wlnvqT+b20LftZp2co/8WcD",
    "groupId" : "xOe58emykERh8h7Af6EamYdcSfrKdqnAeM1CHxVLAtUE"
  },
  {
    "contactId" : "JPm+zBboFVIEPrfsDz5Ue3fst77oxCwoLxNXrdqg+1MD",
    "groupId" : "xOe58emykERh8h7Af6EamYdcSfrKdqnAeM1CHxVLAtUE"
  },
  {
    "contactId" : "2qcF7Xl/QEn6Zu6cdQC0fteI6EeoEX9IY0nkBdmBbRYD",
    "groupId" : "xOe58emykERh8h7Af6EamYdcSfrKdqnAeM1CHxVLAtUE"
  },
  {
    "contactId" : "GxCZp/Gv5mTP35CQcQ124wlnvqT+b20LftZp2co/8WcD",
    "groupId" : "xXoWR9tPmhHXnbtuVuueklXRDmwGB2TQvyUb+1NqH7kE"
  },
  {
    "contactId" : "L+JUu+FVT3JAFjyb0MLPRhLsDx06/3vhGmGOhOALqiED",
    "groupId" : "xXoWR9tPmhHXnbtuVuueklXRDmwGB2TQvyUb+1NqH7kE"
  },
  {
    "contactId" : "fethB60FQ0SacWygirJaThKGYeQwl7CSUCZPqft48b0D",
    "groupId" : "xXoWR9tPmhHXnbtuVuueklXRDmwGB2TQvyUb+1NqH7kE"
  },
  {
    "contactId" : "qD25S4VcTHLblBErCwftF/gV2Z+7sYW3PrD/1Sn0nKAD",
    "groupId" : "xXoWR9tPmhHXnbtuVuueklXRDmwGB2TQvyUb+1NqH7kE"
  },
  {
    "contactId" : "ybmgdlemAJ3EReCyt8Lwn419CrlG59R79iJ5fFa1Rj8D",
    "groupId" : "xXoWR9tPmhHXnbtuVuueklXRDmwGB2TQvyUb+1NqH7kE"
  },
  {
    "contactId" : "GxCZp/Gv5mTP35CQcQ124wlnvqT+b20LftZp2co/8WcD",
    "groupId" : "1rF6W8dJuHm4cS/e5fYNdsc1y501Bof6zpG5wMDmK9wE"
  },
  {
    "contactId" : "ybmgdlemAJ3EReCyt8Lwn419CrlG59R79iJ5fFa1Rj8D",
    "groupId" : "1rF6W8dJuHm4cS/e5fYNdsc1y501Bof6zpG5wMDmK9wE"
  },
  {
    "contactId" : "L+JUu+FVT3JAFjyb0MLPRhLsDx06/3vhGmGOhOALqiED",
    "groupId" : "8KByI05jjYcb1JL9YxRUNnZ0yNr6v/wWbs2VAwyLX6YE"
  },
  {
    "contactId" : "fethB60FQ0SacWygirJaThKGYeQwl7CSUCZPqft48b0D",
    "groupId" : "8KByI05jjYcb1JL9YxRUNnZ0yNr6v/wWbs2VAwyLX6YE"
  }
]