[
  {
    "authStatus" : "participating",
    "createdAt" : "2022-06-21T11:47:51Z",
    "id" : "bjTzuNVsNcgQVr/0phJlT2uliJwbjk3Uqdhs/fGIsbsE",
    "leaderId" : "PHh4YygyKUd4Q1pwL0d2NW1UUDM1Q1FjUTEyNHdsbnZxVCtiMjBMZnRacDJjby84V2NEa0FaaUI5a1pvK0RsM1VqTVB1SlRwcHc4TDBPcnI3NnpTSlNyTG1mZ0kxRS9yNTQwRS9Ic3A3MXJaYW1HSWVkVitDVW5VVWgrVWVkOWRFQ3FxbnBnMjBLZVBKcUozMXlSN1ZQM0tWbXAza1NwMk0zM1dUOGgrUkU4TTJmcnVRRmFIQXg1MmY0QVhCalVhRlhYY25LK3J5WmJIemhRL0s2Q0w3NFJrbzdPdERoWDN0VXVna0kxWTdpekRaVDJ4RmZRZEN5T1lDbW96aUxQNm5UTDB3d2FycHFxSWxLeHl4TXl2QWErRWl4S3NzcGRPMktJNHNxTkkzYURsS2xZSzMrMUhrdVZSTENvNG90Y2xaMHRaY3VJb0Jkclc2UURwK2U5N216Wi93djN5UWNYSEIweWVxOFZsV0NidmJvelg3cWpjRUFPM3hNYWpSMEJnckVCSDJidDI0dEVGdm5VNFRwcW9jaWVveTdlM1c1RVZUaHhlWk5WTk1Zd01sM1pFb3R1VnBmQVN2NVJORkFJN0w5MTU1d2pmaStId0xrOEQrMjdmcEJ0STN1Q2tWa3JzY0tYMnNjY05VU1BKQ0JEQnlNRjVZZUNDTGF0Z01WY2VHWVZIV2VvcGxyZTdhY2Rrb2p6RC9wa1Bha1VwVGlsYURTQllRVVpQc3pVVS9wRkpNNURXRDBpdUI5NldzL0h4UUFBQWdBN1VpMTk2a0VIWE1WV0l2VkZvMjEwdEE9PXh4Yz4=",
    "name" : "Primeiro grupo",
    "serialized" : "DgAAAAAAAABQcmltZWlybyBncnVwb24087jVbDXIEFa/9KYSZU9rpYicG45N1KnYbP3xiLG7BOtgVTb+JWI/ww+ng0We31Xb2qHd3iBwGk7i3xGghF147hGifuX3o8saQF0QTdMpL1FoZnd1lYYwSBx5swSkgQ3R59bx5Jw4Z1cPsa4SH9a1QZWbi3grphj2mQ4THx2coQAAAAAAAAAAaGxoNk6g+hYDBQAAAAAAAAYAGxCZp/Gv5mTP35CQcQ124wlnvqT+b20LftZp2co/8WcDkAZiB9kZo+Dl3UjMPuJTppw8L0Orr76zSJSrLmfgI1E/r540E/Hsp71rZamGIedV+CUnUUh+Ued9dECqqnpg20KePJqJ31yR7VP3KVmp3kSp2M33WT8h+RE8M2fruQFaHAx52f4AXBjUaFXXcnK+ryZbHzhQ/K6CL74Rko7OtDhX3tUugkI1Y7izDZT2xFfQdCyOYCmoziLP6nTL0wwarpqqIlKxyxMyvAa+EixKsspdO2KI4sqNI3aDlKlYK3+1HkuVRLCo4otclZ0tZcuIoBdrW6QDp+e97mzZ/wv3yQcXHB0yeq8VlWCbvbozX7qjcEAO3xMajR0BgrEBH2bt24tEFvnU4Tpqocieoy7e3W5EVThxeZNVNMYwMl3ZEotuVpfASv5RNFAI7L9155wjfi+HwLk8D+27fpBtI3uCkVkrscKX2sccNUSPJCBDByMF5YeCCLatgMVceGYVHWeoplre7acdkojzD/pkPakUpTilaDSBYQUZPszUU/pFJM5DWD0iuB96Ws/HxST5vswW6BVSBD637A8+VHt37Le+6MQsKC8TV63aoPtTA5AGYgfZGaPg5d149qifZ/0pVurnT6sZ3kiEiCI/HXO76SFpdKB+L9bQzN11pjtziGR29Yo25hYse8ISlUz1caH7fPyAemne/av3kkOYWYtoLDN1NDM26H+yL13KhohX5LQnq4KWfAdxsv9s4vrhXP5idehwOVQx4R0pQ/5z4lO2BXzV051431+wXUoBm0Fnv9eI2Ixm0ztrW49j7pW1uNVxJ2fT0Li/Ic6uSKYMqw2dQ+H0Q2qOoXwtaf6jBE8+vYao023yQ+7azDCXL5fE4LBoqnGCAD2yGlxGA/NwPNU6wGz2DWB5sKpVfP8TlKiJwjYhpgXpttfEuRqlrRaxMfK6idXFzYu6nLpS2g85ZK7zOsj7U6PfwQCcG6WrYLxvOc24rd5CRJri2Sj9p0elNF76qCyRC8X/DHdj2LRMXSJW+b+rgQZJbubQ6MtkPIdq/TDaS2sAa4NVHK9cLIQQHAg0LoVFevH8VLlEjPaVxC5mAvlfVKhe5H0R7X0tFam/4c07ae+SA8REOMPapwXteX9ASfpm7px1ALR+14joR6gRf0hjSeQF2YFtFgOQBmIH2Rmj4OXd4cZ3pl1Came9EVKQm+0qvBrnVtuv6feGUcYME1SzLJuf0HjEjqqfCPZUSNOCvvy/n99m94qBvweVPcnRyFVsssMLlWvtcX7Yilz05trP8szRf/pKQP2Tt9zEJ+dmEZaJqZvZ5hQ1Z2TR6xSeieSRwrAf4ekga/KuinRxDMSX8NPpQy4rYMnhoQ53BtSp6FqTqhvnS32I2iBb5yCRk59GLciMsBO4K6XNe/5Wgr6J2lT0KU2Fd6xTgb33FOI9MPmw9PXo5JaFmp/Qi2WSw0wT6cxS/KIpqk3DgyrkQTo1LClBS+xttORp8mWy0G1i9iyRPSBgfgYrNpVqOd16FkI63PyXASwtQWSKvEfscT8FYQPuw19N6Y8tNzA+BKwItfaPKiMfTVOjYt75qw+YVoezjFaFhFVms+ugb4rL9i2tZxne1zBI/9Awj2gYjl8RBn+n5MqQrQv7kmUSCjGcJINi80ePDY3su3TttRGk/Srau6W1xYBlhALJGuXsvSWb2eYV2qcF7Xl/QEn6Zu6cdQC0fteI6EeoEX9IY0nkBdmBbRYDiAEAAAAAAABiB9kZo+Dl3erm+tbHxXIkyL8tUndtZFbaogrwmKCzAvZdEWetnookZmjBmEQGQoCwhlrBcdXdfAzAUgr9j7iYDdxpi4oTzPYtOAr1ZHs9tdBJh+gcA8+sle7M2ZniYkKbrSSHIi3vUtSmwefHI0KGPGWEpdNUPqlKUYrY+4SwT1/b6eOeDL0405pERV9rOsNl0Jez1ftq9iceKPOAUKsLsYYpe8wFliMu7i63mqBxkapTIpKputkYoSr1M4z0UZfAMnRILAFF2oBFkHZp8vy+5eKjZSlHecDWV976RCXF+Wf7gyWTxP6O035Fsz/qWDurGmCt6YrmnVmJK0ZF5fDn9q1/CztIxdXSeUxirjrN/FFD2m82uzjBHL+Zj0rAAQPxeyDEpzOyRFKIrK2Hg4Ebur8/cXIQ5X3Xwn+mnddiNn/yw4M+9uCAb5OL1rQNb0Ls3/ZqW+QiW5pD8BIgZxaaUeVgekYr+1zkFH/PfcfeTaUNB4tsnr7l1cKXHhiaMePhFuA59kaWxyT5vswW6BVSBD637A8+VHt37Le+6MQsKC8TV63aoPtTA4gBAAAAAAAAYgfZGaPg5d1JhrqO3k3QVCnimtNamR0MyyLCpCZ/XQbztRrZKXJX7bdlouoL/xXzqyR1FlXtHzt8kGibDdnZGeSsSIoy2IIBH1jrRhusp3A/Fo4wWQ6TsPgVYBeHgt8v5p9CnCOsqoNwkZMm4tVHV2/dF9ypEBmHyrnOYfqNvioyuHwVIN1+5syqdEoVXafUTZbW9VKhpqBSJEMjILBBD4S4ZR38b3qttroaAmboWffTKshtSmW0MNJgrSWsBF4edn5avh/0X44q5NKFdSV/uNPLMKRs/7wedd0RFYwHDttAIJ5/79/M1AuRXXq9QkYMt4C4rgcKhZ9awaHnrntKC2kiCpDX0TkyXa+BEGTA7+vyKkxRPop8G5jIr4q30ID5rSJrVQMhapmOAIlyfKMmHvTfImi+/olwDFbvsLM1fd8n/ESzMYR1HYKKeuOu/fFP1cqiiwwghunHzd+HlWd/yk9pnzCh/g8+kVAiYA/8gPv2s+aKrTAeLI3Ig5tXF2w5EhCVLWPxIqQ="
  },
  {
    "authStatus" : "participating",
    "createdAt" : "2022-06-21T11:48:31Z",
    "id" : "7v7cmlnh3clsF6gc6iSGnoDVNKyx0W+RjjUTE2uVmu8E",
    "leaderId" : "PHh4YygyKUd4Q1pwL0d2NW1UUDM1Q1FjUTEyNHdsbnZxVCtiMjBMZnRacDJjby84V2NEa0FaaUI5a1pvK0RsM1VqTVB1SlRwcHc4TDBPcnI3NnpTSlNyTG1mZ0kxRS9yNTQwRS9Ic3A3MXJaYW1HSWVkVitDVW5VVWgrVWVkOWRFQ3FxbnBnMjBLZVBKcUozMXlSN1ZQM0tWbXAza1NwMk0zM1dUOGgrUkU4TTJmcnVRRmFIQXg1MmY0QVhCalVhRlhYY25LK3J5WmJIemhRL0s2Q0w3NFJrbzdPdERoWDN0VXVna0kxWTdpekRaVDJ4RmZRZEN5T1lDbW96aUxQNm5UTDB3d2FycHFxSWxLeHl4TXl2QWErRWl4S3NzcGRPMktJNHNxTkkzYURsS2xZSzMrMUhrdVZSTENvNG90Y2xaMHRaY3VJb0Jkclc2UURwK2U5N216Wi93djN5UWNYSEIweWVxOFZsV0NidmJvelg3cWpjRUFPM3hNYWpSMEJnckVCSDJidDI0dEVGdm5VNFRwcW9jaWVveTdlM1c1RVZUaHhlWk5WTk1Zd01sM1pFb3R1VnBmQVN2NVJORkFJN0w5MTU1d2pmaStId0xrOEQrMjdmcEJ0STN1Q2tWa3JzY0tYMnNjY05VU1BKQ0JEQnlNRjVZZUNDTGF0Z01WY2VHWVZIV2VvcGxyZTdhY2Rrb2p6RC9wa1Bha1VwVGlsYURTQllRVVpQc3pVVS9wRkpNNURXRDBpdUI5NldzL0h4UUFBQWdBN1VpMTk2a0VIWE1WV0l2VkZvMjEwdEE9PXh4Yz4=",
    "name" : "Outro grupo",
    "serialized" : "CwAAAAAAAABPdXRybyBncnVwb+7+3JpZ4d3JbBeoHOokhp6A1TSssdFvkY41ExNrlZrvBKSK2D05g8sBWiH//euIn0O4Ry+MaAEWQg4Cu3Dnqew/T+d6317hDgMpxYHX04QMO7A38kYgC/NqsQSfMJUiIyOGK3Dyqsturi/Z+mUbQeimWpT880vV7T6Z564JNaP47w4AAAAAAAAASEVSRUxPIEZFTExPV1PofalpV6D6FgMFAAAAAAAABgAbEJmn8a/mZM/fkJBxDXbjCWe+pP5vbQt+1mnZyj/xZwOQBmIH2Rmj4OXdSMw+4lOmnDwvQ6uvvrNIlKsuZ+AjUT+vnjQT8eynvWtlqYYh51X4JSdRSH5R5310QKqqemDbQp48monfXJHtU/cpWaneRKnYzfdZPyH5ETwzZ+u5AVocDHnZ/gBcGNRoVddycr6vJlsfOFD8roIvvhGSjs60OFfe1S6CQjVjuLMNlPbEV9B0LI5gKajOIs/qdMvTDBqumqoiUrHLEzK8Br4SLEqyyl07Yojiyo0jdoOUqVgrf7UeS5VEsKjii1yVnS1ly4igF2tbpAOn573ubNn/C/fJBxccHTJ6rxWVYJu9ujNfuqNwQA7fExqNHQGCsQEfZu3bi0QW+dThOmqhyJ6jLt7dbkRVOHF5k1U0xjAyXdkSi25Wl8BK/lE0UAjsv3XnnCN+L4fAuTwP7bt+kG0je4KRWSuxwpfaxxw1RI8kIEMHIwXlh4IItq2AxVx4ZhUdZ6imWt7tpx2SiPMP+mQ9qRSlOKVoNIFhBRk+zNRT+kUkzkNYPSK4H3paz8fFJPm+zBboFVIEPrfsDz5Ue3fst77oxCwoLxNXrdqg+1MDkAZiB9kZo+Dl3Xj2qJ9n/SlW6udPqxneSISIIj8dc7vpIWl0oH4v1tDM3XWmO3OIZHb1ijbmFix7whKVTPVxoft8/IB6ad79q/eSQ5hZi2gsM3U0Mzbof7IvXcqGiFfktCergpZ8B3Gy/2zi+uFc/mJ16HA5VDHhHSlD/nPiU7YFfNXTnXjfX7BdSgGbQWe/14jYjGbTO2tbj2PulbW41XEnZ9PQuL8hzq5IpgyrDZ1D4fRDao6hfC1p/qMETz69hqjTbfJD7trMMJcvl8TgsGiqcYIAPbIaXEYD83A81TrAbPYNYHmwqlV8/xOUqInCNiGmBem218S5GqWtFrEx8rqJ1cXNi7qculLaDzlkrvM6yPtTo9/BAJwbpatgvG85zbit3kJEmuLZKP2nR6U0XvqoLJELxf8Md2PYtExdIlb5v6uBBklu5tDoy2Q8h2r9MNpLawBrg1Ucr1wshBAcCDQuhUV68fxUuUSM9pXELmYC+V9UqF7kfRHtfS0Vqb/hzTtp75IDxEQ4w9qnBe15f0BJ+mbunHUAtH7XiOhHqBF/SGNJ5AXZgW0WA5AGYgfZGaPg5d3hxnemXUJqZ70RUpCb7Sq8GudW26/p94ZRxgwTVLMsm5/QeMSOqp8I9lRI04K+/L+f32b3ioG/B5U9ydHIVWyywwuVa+1xftiKXPTm2s/yzNF/+kpA/ZO33MQn52YRlompm9nmFDVnZNHrFJ6J5JHCsB/h6SBr8q6KdHEMxJfw0+lDLitgyeGhDncG1KnoWpOqG+dLfYjaIFvnIJGTn0YtyIywE7grpc17/laCvonaVPQpTYV3rFOBvfcU4j0w+bD09ejkloWan9CLZZLDTBPpzFL8oimqTcODKuRBOjUsKUFL7G205GnyZbLQbWL2LJE9IGB+Bis2lWo53XoWQjrc/JcBLC1BZIq8R+xxPwVhA+7DX03pjy03MD4ErAi19o8qIx9NU6Ni3vmrD5hWh7OMVoWEVWaz66Bvisv2La1nGd7XMEj/0DCPaBiOXxEGf6fkypCtC/uSZRIKMZwkg2LzR48Njey7dO21EaT9Ktq7pbXFgGWEAska5ey9JZvZ5hUk+b7MFugVUgQ+t+wPPlR7d+y3vujELCgvE1et2qD7UwOIAQAAAAAAAGIH2Rmj4OXdSYa6jt5N0FQp4prTWpkdDMsiwqQmf10G87Ua2SlyV+23ZaLqC/8V86skdRZV7R87fJBomw3Z2RnkrEiKMtiCAR9Y60YbrKdwPxaOMFkOk7D4FWAXh4LfL+afQpwjrKqDcJGTJuLVR1dv3RfcqRAZh8q5zmH6jb4qMrh8FSDdfubMqnRKFV2n1E2W1vVSoaagUiRDIyCwQQ+EuGUd/G96rba6GgJm6Fn30yrIbUpltDDSYK0lrAReHnZ+Wr4f9F+OKuTShXUlf7jTyzCkbP+8HnXdERWMBw7bQCCef+/fzNQLkV16vUJGDLeAuK4HCoWfWsGh5657SgtpIgqQ19E5Ml2vgRBkwO/r8ipMUT6KfBuYyK+Kt9CA+a0ia1UDIWqZjgCJcnyjJh703yJovv6JcAxW77CzNX3fJ/xEszGEdR2Cinrjrv3xT9XKoosMIIbpx83fh5Vnf8pPaZ8wof4PPpFQImAP/ID79rPmiq0wHiyNyIObVxdsORIQlS1j8SKk2qcF7Xl/QEn6Zu6cdQC0fteI6EeoEX9IY0nkBdmBbRYDiAEAAAAAAABiB9kZo+Dl3erm+tbHxXIkyL8tUndtZFbaogrwmKCzAvZdEWetnookZmjBmEQGQoCwhlrBcdXdfAzAUgr9j7iYDdxpi4oTzPYtOAr1ZHs9tdBJh+gcA8+sle7M2ZniYkKbrSSHIi3vUtSmwefHI0KGPGWEpdNUPqlKUYrY+4SwT1/b6eOeDL0405pERV9rOsNl0Jez1ftq9iceKPOAUKsLsYYpe8wFliMu7i63mqBxkapTIpKputkYoSr1M4z0UZfAMnRILAFF2oBFkHZp8vy+5eKjZSlHecDWV976RCXF+Wf7gyWTxP6O035Fsz/qWDurGmCt6YrmnVmJK0ZF5fDn9q1/CztIxdXSeUxirjrN/FFD2m82uzjBHL+Zj0rAAQPxeyDEpzOyRFKIrK2Hg4Ebur8/cXIQ5X3Xwn+mnddiNn/yw4M+9uCAb5OL1rQNb0Ls3/ZqW+QiW5pD8BIgZxaaUeVgekYr+1zkFH/PfcfeTaUNB4tsnr7l1cKXHhiaMePhFuA59kaWxw=="
  },
  {
    "authStatus" : "pending",
    "createdAt" : "2022-06-21T12:03:12Z",
    "id" : "8uRb1YpquC6Zx0fYhYgOdFL2SqnTpuNyrqAQ65vweqcE",
    "leaderId" : "JPm+zBboFVIEPrfsDz5Ue3fst77oxCwoLxNXrdqg+1MD",
    "name" : "nao aceita",
    "serialized" : "CgAAAAAAAABuYW8gYWNlaXRh8uRb1YpquC6Zx0fYhYgOdFL2SqnTpuNyrqAQ65vweqcEQgh1pk5Yp+j0OJXsb34O7R028wVMJ9dU549e815xlGWFgxfXJmtDuidcf8sjLyq82oHl7isIfXEpG6RGoo6kl4TvIv+IGExLKGxnQHz5WNiVkeVCzP4C2fq8ueFZudUlAAAAAAAAAACARGTsI6H6FgMFAAAAAAAABgAk+b7MFugVUgQ+t+wPPlR7d+y3vujELCgvE1et2qD7UwOQBmIH2Rmj4OXdn1Hhi3/vPWww6I6aNx6s4a8yT0CfviEU9DLeIXivPHZAL8ZJZfKFTzwC+CT84L93fNa12zpTMIr0gGcOzq2ycjPKO2qShGcWL8/SNnKYnxOn670D+uBrWKa+iil2MBT+MCYZpUDD3bTwaEnktHDOePA3H4aN6+aFCIBlCZ7qpnXM8Xkz+2tnm8T9sQnwPPcSi4BxI4AyZ60JVHPofAUepdr4f174L7ZzfIFDTUJJR3kDz3T0XgsDUdsx1Zc5W0n3USjj/1GbobLp+Di4vy3myOAQlzSr2ggn1eoVpfv7wnwgktdV3I9hs/J5WrBhzYeqPCCIUuBgs79TLCAXTpKyNHMqv+r5hRbOZJ/mpFrNlaoUei40T3fmqhObqjv6T1Nkbeq6+S3f4zc9wuwnZIg/oa1WyCQfnib9N8V66vnLIOUBxjx5UUtBYRWav3LMeD6U+CHINVkLFAyemAFdIVdHcABI7SQvncp53Nhm9gXRsAk+43f3db8bIpHTDL+POtEgA2ehoC0Upl2n/pc0aRsArosO3hUKotgwjbUhotnuTU0DkAZiB9kZo+Dl3ekOxHeuQtyMCxXNQ6XApg9sy9VKECmWjcEzoK/ZCCBj3T7s0Z6OI+dsH48QVA0u69d5I3priZXV3+X4QOaCT6iPGkJJ8ySWiMNqffhue9YkU6B3pH8urHj+BiJlhr5d9YRvdZdSmVedeUujHa8ru3nu0WzxomFRSt3/8gZtJu1LsQLFhx063LuCWRTxH15F4Fu0QI2kmr7893GPfSRBTfH1WozNiLVCJ2VKFcg4P8jjwSciIuBpM75iV0vuBIMIIqsRj7v0AsemT2b2c4VQnwukNwaIhDYu86fcO7nFTRxAcOav88WGdZygqdO9sHcqkgwwg2HD9suNGebGxtxXrg4iGBiCAJgnCl/OvEoE7Tvs3MNK9zY0CfRYDt7z1KyvKJBcErNN5YqVFMXuEtZQUjzNWD6hekrmjdh6rmGgJ1sNj2/KN2it/Bf2EEi2TssyVXweho9EJC8vAwRa9x6hTjsM6DhAVcMTNavSYF6WcMducTT91kEzZXjX0fnjpw8R8hsQmafxr+Zkz9+QkHENduMJZ76k/m9tC37WadnKP/FnA5AGYgfZGaPg5d0YM9xvJaUthyIXIcOuVn5u5LiKBotav5Pkuaq5oRjBDZ6BZbj9VfwjqXMn7XB/xXB69QGSHtJnqn9BgknEUAim1Ig51cw54KF71M/pCegKkkJ2bOmr+mq3HkZmec9zGr4/FSqkiABVBoMDqxk+SIVuiWSTyd/WdcyBl4m+RsIpegNIsQe4G2WVrtr0GjoJfEhh9oD2RVH+665hIcpTk8L9tUBl5vwcnZA9kHfBNmeHLn4nLWbeiAj6UVex2DPwIEi8+vhWs6u2vuqnq58sUk0BJlI6U3lFWnqhYrIDXJLxNqqfShhH4E206C0MTsQCe2DNAL2p95gQsBx4crLKq3zxoGljoKTh4eh7/JriUPs+GgyzmRpnYwPXS2I4YFpXajKIy6/XC/ojmsZ/G4YXaSMkyYmz1F9Dk+YE9sklujn9iOEQlHt5UyVIPYO/Nht7kEP8ZNBRDdu3TDDYsRGVeU/1GVrx0LpUnI6o5pc0qdnyktf1SUHx63Zg1NrPJOByhK0k+b7MFugVUgQ+t+wPPlR7d+y3vujELCgvE1et2qD7UwOIAQAAAAAAAGIH2Rmj4OXdSYa6jt5N0FQp4prTWpkdDMsiwqQmf10G87Ua2SlyV+23ZaLqC/8V86skdRZV7R87fJBomw3Z2RnkrEiKMtiCAR9Y60YbrKdwPxaOMFkOk7D4FWAXh4LfL+afQpwjrKqDcJGTJuLVR1dv3RfcqRAZh8q5zmH6jb4qMrh8FSDdfubMqnRKFV2n1E2W1vVSoaagUiRDIyCwQQ+EuGUd/G96rba6GgJm6Fn30yrIbUpltDDSYK0lrAReHnZ+Wr4f9F+OKuTShXUlf7jTyzCkbP+8HnXdERWMBw7bQCCef+/fzNQLkV16vUJGDLeAuK4HCoWfWsGh5657SgtpIgqQ19E5Ml2vgRBkwO/r8ipMUT6KfBuYyK+Kt9CA+a0ia1UDIWqZjgCJcnyjJh703yJovv6JcAxW77CzNX3fJ/xEszGEdR2Cinrjrv3xT9XKoosMIIbpx83fh5Vnf8pPaZ8wof4PPpFQImAP/ID79rPmiq0wHiyNyIObVxdsORIQlS1j8SKkA2ehoC0Upl2n/pc0aRsArosO3hUKotgwjbUhotnuTU0DiAEAAAAAAABiB9kZo+Dl3fOVRY28Hg2BeRGxxRwLNM44G0zAb0ZABjuGZ0mWtzcFX+JKA2IlM0jR/jA+yjJBas39dn6OG8eIREGGEF2G3IeZRVo2o2sDDHagmREXY1ENuY4sQ+WllO6Cc29kqY7qf2OXYZYDbNljl4ifORl6EdUyrWWnZ0YXm6tnVQ1Gf5zcRRgmKdf0fKLMuCPDCLCKDLRhy8k+fEZWXiBq7Qr4ThJ/XW1jdJbQ1xMJrfpdIEj2w87P/89zHcaDJ0lAk4384fopYNOFHWdw7FTpYJedeOBcKtkR/Z2z0GEQdh6wUApDQEJk3mmVxdHMXKXr0aP3soU0Jl5qMI7w0lHee1LTKQ9hG3vp1q3rHhqpVozqgGzONFv3+NQ92rykSlrCQ+K5+Z9QCeRJVQxRcLWloZeVQdB+/Qg7eyJHfaZTSB64TcwP4MNISqT1MgqIrBKL1ryvRZSn2rx40+AiiRl5s3mOBSecYCd1QsBsIsR971sqWbBwy01wy/y3hB4aohkfgkEB+Q=="
  },
  {
    "authStatus" : "participating",
    "createdAt" : "2022-06-21T12:03:34Z",
    "id" : "btnDW6YBLV5+b9PXiKfYsUfEOwIIeCtVcHhqECDXtToE",
    "leaderId" : "JPm+zBboFVIEPrfsDz5Ue3fst77oxCwoLxNXrdqg+1MD",
    "name" : "pode aceitar esse",
    "serialized" : "EQAAAAAAAABwb2RlIGFjZWl0YXIgZXNzZW7Zw1umAS1efm/T14in2LFHxDsCCHgrVXB4ahAg17U6BNHrPgHet2apRi3dYqBSRdjx7D7i2EWbAeUxYsLg+SW0PFwv61qWtqmD/sGtrCFKjX1l1+YMa94Azc4zWQQpLAT9CoU/Y2Y7OGKOTsc9GIf9oS97s4+fQzfNftobRPHenwYAAAAAAAAAaGV5aGV5wBKluyih+hYDBQAAAAAAAAYAJPm+zBboFVIEPrfsDz5Ue3fst77oxCwoLxNXrdqg+1MDkAZiB9kZo+Dl3Z9R4Yt/7z1sMOiOmjcerOGvMk9An74hFPQy3iF4rzx2QC/GSWXyhU88Avgk/OC/d3zWtds6UzCK9IBnDs6tsnIzyjtqkoRnFi/P0jZymJ8Tp+u9A/rga1imvoopdjAU/jAmGaVAw9208GhJ5LRwznjwNx+GjevmhQiAZQme6qZ1zPF5M/trZ5vE/bEJ8Dz3EouAcSOAMmetCVRz6HwFHqXa+H9e+C+2c3yBQ01CSUd5A8909F4LA1HbMdWXOVtJ91Eo4/9Rm6Gy6fg4uL8t5sjgEJc0q9oIJ9XqFaX7+8J8IJLXVdyPYbPyeVqwYc2HqjwgiFLgYLO/UywgF06SsjRzKr/q+YUWzmSf5qRazZWqFHouNE935qoTm6o7+k9TZG3quvkt3+M3PcLsJ2SIP6GtVsgkH54m/TfFeur5yyDlAcY8eVFLQWEVmr9yzHg+lPghyDVZCxQMnpgBXSFXR3AASO0kL53KedzYZvYF0bAJPuN393W/GyKR0wy/jzrRIANnoaAtFKZdp/6XNGkbAK6LDt4VCqLYMI21IaLZ7k1NA5AGYgfZGaPg5d3pDsR3rkLcjAsVzUOlwKYPbMvVShAplo3BM6Cv2QggY90+7NGejiPnbB+PEFQNLuvXeSN6a4mV1d/l+EDmgk+ojxpCSfMklojDan34bnvWJFOgd6R/Lqx4/gYiZYa+XfWEb3WXUplXnXlLox2vK7t57tFs8aJhUUrd//IGbSbtS7ECxYcdOty7glkU8R9eReBbtECNpJq+/Pdxj30kQU3x9VqMzYi1QidlShXIOD/I48EnIiLgaTO+YldL7gSDCCKrEY+79ALHpk9m9nOFUJ8LpDcGiIQ2LvOn3Du5xU0cQHDmr/PFhnWcoKnTvbB3KpIMMINhw/bLjRnmxsbcV64OIhgYggCYJwpfzrxKBO077NzDSvc2NAn0WA7e89SsryiQXBKzTeWKlRTF7hLWUFI8zVg+oXpK5o3Yeq5hoCdbDY9vyjdorfwX9hBItk7LMlV8HoaPRCQvLwMEWvceoU47DOg4QFXDEzWr0mBelnDHbnE0/dZBM2V419H546cPEfIbEJmn8a/mZM/fkJBxDXbjCWe+pP5vbQt+1mnZyj/xZwOQBmIH2Rmj4OXdGDPcbyWlLYciFyHDrlZ+buS4igaLWr+T5LmquaEYwQ2egWW4/VX8I6lzJ+1wf8VwevUBkh7SZ6p/QYJJxFAIptSIOdXMOeChe9TP6QnoCpJCdmzpq/pqtx5GZnnPcxq+PxUqpIgAVQaDA6sZPkiFbolkk8nf1nXMgZeJvkbCKXoDSLEHuBtlla7a9Bo6CXxIYfaA9kVR/uuuYSHKU5PC/bVAZeb8HJ2QPZB3wTZnhy5+Jy1m3ogI+lFXsdgz8CBIvPr4VrOrtr7qp6ufLFJNASZSOlN5RVp6oWKyA1yS8Taqn0oYR+BNtOgtDE7EAntgzQC9qfeYELAceHKyyqt88aBpY6Ck4eHoe/ya4lD7PhoMs5kaZ2MD10tiOGBaV2oyiMuv1wv6I5rGfxuGF2kjJMmJs9RfQ5PmBPbJJbo5/YjhEJR7eVMlSD2DvzYbe5BD/GTQUQ3bt0ww2LERlXlP9Rla8dC6VJyOqOaXNKnZ8pLX9UlB8et2YNTazyTgcoStJPm+zBboFVIEPrfsDz5Ue3fst77oxCwoLxNXrdqg+1MDiAEAAAAAAABiB9kZo+Dl3UmGuo7eTdBUKeKa01qZHQzLIsKkJn9dBvO1Gtkpclftt2Wi6gv/FfOrJHUWVe0fO3yQaJsN2dkZ5KxIijLYggEfWOtGG6yncD8WjjBZDpOw+BVgF4eC3y/mn0KcI6yqg3CRkybi1UdXb90X3KkQGYfKuc5h+o2+KjK4fBUg3X7mzKp0ShVdp9RNltb1UqGmoFIkQyMgsEEPhLhlHfxveq22uhoCZuhZ99MqyG1KZbQw0mCtJawEXh52flq+H/Rfjirk0oV1JX+408swpGz/vB513REVjAcO20Agnn/v38zUC5Fder1CRgy3gLiuBwqFn1rBoeeue0oLaSIKkNfROTJdr4EQZMDv6/IqTFE+inwbmMivirfQgPmtImtVAyFqmY4AiXJ8oyYe9N8iaL7+iXAMVu+wszV93yf8RLMxhHUdgop646798U/VyqKLDCCG6cfN34eVZ3/KT2mfMKH+Dz6RUCJgD/yA+/az5oqtMB4sjciDm1cXbDkSEJUtY/EipANnoaAtFKZdp/6XNGkbAK6LDt4VCqLYMI21IaLZ7k1NA4gBAAAAAAAAYgfZGaPg5d3zlUWNvB4NgXkRscUcCzTOOBtMwG9GQAY7hmdJlrc3BV/iSgNiJTNI0f4wPsoyQWrN/XZ+jhvHiERBhhBdhtyHmUVaNqNrAwx2oJkRF2NRDbmOLEPlpZTugnNvZKmO6n9jl2GWA2zZY5eInzkZehHVMq1lp2dGF5urZ1UNRn+c3EUYJinX9HyizLgjwwiwigy0YcvJPnxGVl4gau0K+E4Sf11tY3SW0NcTCa36XSBI9sPOz//Pcx3GgydJQJON/OH6KWDThR1ncOxU6WCXnXjgXCrZEf2ds9BhEHYesFAKQ0BCZN5plcXRzFyl69Gj97KFNCZeajCO8NJR3ntS0ykPYRt76dat6x4aqVaM6oBszjRb9/jUPdq8pEpawkPiufmfUAnkSVUMUXC1paGXlUHQfv0IO3siR32mU0geuE3MD+DDSEqk9TIKiKwSi9a8r0WUp9q8eNPgIokZebN5jgUnnGAndULAbCLEfe9bKlmwcMtNcMv8t4QeGqIZH4JBAfk="
  },
  {
    "authStatus" : "participating",
    "createdAt" : "2022-06-21T12:03:44Z",
    "id" : "K6XMB1hxK82TBeua7VsVN3G84on1tJThtNcPsVXGML8E",
    "leaderId" : "JPm+zBboFVIEPrfsDz5Ue3fst77oxCwoLxNXrdqg+1MD",
    "name" : "esse tambem",
    "serialized" : "CwAAAAAAAABlc3NlIHRhbWJlbSulzAdYcSvNkwXrmu1bFTdxvOKJ9bSU4bTXD7FVxjC/BJ11bYNczG+Eyy8slh3bRHAYZz7HX+hQatYXx/J/9WilFYqHiluC2QOCDQGnGEPO9N68QLA5Xjc+kG4pDPvldChl0/kSv38rLF+Luzcc/U4VM3LybLc4BKMazST9zhmmpQAAAAAAAAAAQHxd4Cqh+hYDBQAAAAAAAAYAJPm+zBboFVIEPrfsDz5Ue3fst77oxCwoLxNXrdqg+1MDkAZiB9kZo+Dl3Z9R4Yt/7z1sMOiOmjcerOGvMk9An74hFPQy3iF4rzx2QC/GSWXyhU88Avgk/OC/d3zWtds6UzCK9IBnDs6tsnIzyjtqkoRnFi/P0jZymJ8Tp+u9A/rga1imvoopdjAU/jAmGaVAw9208GhJ5LRwznjwNx+GjevmhQiAZQme6qZ1zPF5M/trZ5vE/bEJ8Dz3EouAcSOAMmetCVRz6HwFHqXa+H9e+C+2c3yBQ01CSUd5A8909F4LA1HbMdWXOVtJ91Eo4/9Rm6Gy6fg4uL8t5sjgEJc0q9oIJ9XqFaX7+8J8IJLXVdyPYbPyeVqwYc2HqjwgiFLgYLO/UywgF06SsjRzKr/q+YUWzmSf5qRazZWqFHouNE935qoTm6o7+k9TZG3quvkt3+M3PcLsJ2SIP6GtVsgkH54m/TfFeur5yyDlAcY8eVFLQWEVmr9yzHg+lPghyDVZCxQMnpgBXSFXR3AASO0kL53KedzYZvYF0bAJPuN393W/GyKR0wy/jzrRIANnoaAtFKZdp/6XNGkbAK6LDt4VCqLYMI21IaLZ7k1NA5AGYgfZGaPg5d3pDsR3rkLcjAsVzUOlwKYPbMvVShAplo3BM6Cv2QggY90+7NGejiPnbB+PEFQNLuvXeSN6a4mV1d/l+EDmgk+ojxpCSfMklojDan34bnvWJFOgd6R/Lqx4/gYiZYa+XfWEb3WXUplXnXlLox2vK7t57tFs8aJhUUrd//IGbSbtS7ECxYcdOty7glkU8R9eReBbtECNpJq+/Pdxj30kQU3x9VqMzYi1QidlShXIOD/I48EnIiLgaTO+YldL7gSDCCKrEY+79ALHpk9m9nOFUJ8LpDcGiIQ2LvOn3Du5xU0cQHDmr/PFhnWcoKnTvbB3KpIMMINhw/bLjRnmxsbcV64OIhgYggCYJwpfzrxKBO077NzDSvc2NAn0WA7e89SsryiQXBKzTeWKlRTF7hLWUFI8zVg+oXpK5o3Yeq5hoCdbDY9vyjdorfwX9hBItk7LMlV8HoaPRCQvLwMEWvceoU47DOg4QFXDEzWr0mBelnDHbnE0/dZBM2V419H546cPEfIbEJmn8a/mZM/fkJBxDXbjCWe+pP5vbQt+1mnZyj/xZwOQBmIH2Rmj4OXdGDPcbyWlLYciFyHDrlZ+buS4igaLWr+T5LmquaEYwQ2egWW4/VX8I6lzJ+1wf8VwevUBkh7SZ6p/QYJJxFAIptSIOdXMOeChe9TP6QnoCpJCdmzpq/pqtx5GZnnPcxq+PxUqpIgAVQaDA6sZPkiFbolkk8nf1nXMgZeJvkbCKXoDSLEHuBtlla7a9Bo6CXxIYfaA9kVR/uuuYSHKU5PC/bVAZeb8HJ2QPZB3wTZnhy5+Jy1m3ogI+lFXsdgz8CBIvPr4VrOrtr7qp6ufLFJNASZSOlN5RVp6oWKyA1yS8Taqn0oYR+BNtOgtDE7EAntgzQC9qfeYELAceHKyyqt88aBpY6Ck4eHoe/ya4lD7PhoMs5kaZ2MD10tiOGBaV2oyiMuv1wv6I5rGfxuGF2kjJMmJs9RfQ5PmBPbJJbo5/YjhEJR7eVMlSD2DvzYbe5BD/GTQUQ3bt0ww2LERlXlP9Rla8dC6VJyOqOaXNKnZ8pLX9UlB8et2YNTazyTgcoStJPm+zBboFVIEPrfsDz5Ue3fst77oxCwoLxNXrdqg+1MDiAEAAAAAAABiB9kZo+Dl3UmGuo7eTdBUKeKa01qZHQzLIsKkJn9dBvO1Gtkpclftt2Wi6gv/FfOrJHUWVe0fO3yQaJsN2dkZ5KxIijLYggEfWOtGG6yncD8WjjBZDpOw+BVgF4eC3y/mn0KcI6yqg3CRkybi1UdXb90X3KkQGYfKuc5h+o2+KjK4fBUg3X7mzKp0ShVdp9RNltb1UqGmoFIkQyMgsEEPhLhlHfxveq22uhoCZuhZ99MqyG1KZbQw0mCtJawEXh52flq+H/Rfjirk0oV1JX+408swpGz/vB513REVjAcO20Agnn/v38zUC5Fder1CRgy3gLiuBwqFn1rBoeeue0oLaSIKkNfROTJdr4EQZMDv6/IqTFE+inwbmMivirfQgPmtImtVAyFqmY4AiXJ8oyYe9N8iaL7+iXAMVu+wszV93yf8RLMxhHUdgop646798U/VyqKLDCCG6cfN34eVZ3/KT2mfMKH+Dz6RUCJgD/yA+/az5oqtMB4sjciDm1cXbDkSEJUtY/EipANnoaAtFKZdp/6XNGkbAK6LDt4VCqLYMI21IaLZ7k1NA4gBAAAAAAAAYgfZGaPg5d3zlUWNvB4NgXkRscUcCzTOOBtMwG9GQAY7hmdJlrc3BV/iSgNiJTNI0f4wPsoyQWrN/XZ+jhvHiERBhhBdhtyHmUVaNqNrAwx2oJkRF2NRDbmOLEPlpZTugnNvZKmO6n9jl2GWA2zZY5eInzkZehHVMq1lp2dGF5urZ1UNRn+c3EUYJinX9HyizLgjwwiwigy0YcvJPnxGVl4gau0K+E4Sf11tY3SW0NcTCa36XSBI9sPOz//Pcx3GgydJQJON/OH6KWDThR1ncOxU6WCXnXjgXCrZEf2ds9BhEHYesFAKQ0BCZN5plcXRzFyl69Gj97KFNCZeajCO8NJR3ntS0ykPYRt76dat6x4aqVaM6oBszjRb9/jUPdq8pEpawkPiufmfUAnkSVUMUXC1paGXlUHQfv0IO3siR32mU0geuE3MD+DDSEqk9TIKiKwSi9a8r0WUp9q8eNPgIokZebN5jgUnnGAndULAbCLEfe9bKlmwcMtNcMv8t4QeGqIZH4JBAfk="
  }
]