[
  {
    "date" : "2022-06-21T11:39:52Z",
    "id" : 1,
    "isUnread" : false,
    "networkId" : "maa/KodOo2dbzLmgHMKHw79pbPa+JFCEkBcwuWTgPBc=",
    "recipientId" : "JPm+zBboFVIEPrfsDz5Ue3fst77oxCwoLxNXrdqg+1MD",
    "roundURL" : "https://dashboard.xx.network/rounds/53908246?xxmessenger=true",
    "senderId" : "PHh4YygyKUd4Q1pwL0d2NW1UUDM1Q1FjUTEyNHdsbnZxVCtiMjBMZnRacDJjby84V2NEa0FaaUI5a1pvK0RsM1VqTVB1SlRwcHc4TDBPcnI3NnpTSlNyTG1mZ0kxRS9yNTQwRS9Ic3A3MXJaYW1HSWVkVitDVW5VVWgrVWVkOWRFQ3FxbnBnMjBLZVBKcUozMXlSN1ZQM0tWbXAza1NwMk0zM1dUOGgrUkU4TTJmcnVRRmFIQXg1MmY0QVhCalVhRlhYY25LK3J5WmJIemhRL0s2Q0w3NFJrbzdPdERoWDN0VXVna0kxWTdpekRaVDJ4RmZRZEN5T1lDbW96aUxQNm5UTDB3d2FycHFxSWxLeHl4TXl2QWErRWl4S3NzcGRPMktJNHNxTkkzYURsS2xZSzMrMUhrdVZSTENvNG90Y2xaMHRaY3VJb0Jkclc2UURwK2U5N216Wi93djN5UWNYSEIweWVxOFZsV0NidmJvelg3cWpjRUFPM3hNYWpSMEJnckVCSDJidDI0dEVGdm5VNFRwcW9jaWVveTdlM1c1RVZUaHhlWk5WTk1Zd01sM1pFb3R1VnBmQVN2NVJORkFJN0w5MTU1d2pmaStId0xrOEQrMjdmcEJ0STN1Q2tWa3JzY0tYMnNjY05VU1BKQ0JEQnlNRjVZZUNDTGF0Z01WY2VHWVZIV2VvcGxyZTdhY2Rrb2p6RC9wa1Bha1VwVGlsYURTQllRVVpQc3pVVS9wRkpNNURXRDBpdUI5NldzL0h4UUFBQWdBN1VpMTk2a0VIWE1WV0l2VkZvMjEwdEE9PXh4Yz4=",
    "status" : "sent",
    "text" : "Hello!"
  },
  {
    "date" : "2022-06-21T11:39:54Z",
    "id" : 2,
    "isUnread" : false,
    "networkId" : "HRBh7q7vJtAVxqAYN1aZNrsjcdtrdF9yFvtcVfUnyl0=",
    "recipientId" : "JPm+zBboFVIEPrfsDz5Ue3fst77oxCwoLxNXrdqg+1MD",
    "roundURL" : "https://dashboard.xx.network/rounds/53908245?xxmessenger=true",
    "senderId" : "PHh4YygyKUd4Q1pwL0d2NW1UUDM1Q1FjUTEyNHdsbnZxVCtiMjBMZnRacDJjby84V2NEa0FaaUI5a1pvK0RsM1VqTVB1SlRwcHc4TDBPcnI3NnpTSlNyTG1mZ0kxRS9yNTQwRS9Ic3A3MXJaYW1HSWVkVitDVW5VVWgrVWVkOWRFQ3FxbnBnMjBLZVBKcUozMXlSN1ZQM0tWbXAza1NwMk0zM1dUOGgrUkU4TTJmcnVRRmFIQXg1MmY0QVhCalVhRlhYY25LK3J5WmJIemhRL0s2Q0w3NFJrbzdPdERoWDN0VXVna0kxWTdpekRaVDJ4RmZRZEN5T1lDbW96aUxQNm5UTDB3d2FycHFxSWxLeHl4TXl2QWErRWl4S3NzcGRPMktJNHNxTkkzYURsS2xZSzMrMUhrdVZSTENvNG90Y2xaMHRaY3VJb0Jkclc2UURwK2U5N216Wi93djN5UWNYSEIweWVxOFZsV0NidmJvelg3cWpjRUFPM3hNYWpSMEJnckVCSDJidDI0dEVGdm5VNFRwcW9jaWVveTdlM1c1RVZUaHhlWk5WTk1Zd01sM1pFb3R1VnBmQVN2NVJORkFJN0w5MTU1d2pmaStId0xrOEQrMjdmcEJ0STN1Q2tWa3JzY0tYMnNjY05VU1BKQ0JEQnlNRjVZZUNDTGF0Z01WY2VHWVZIV2VvcGxyZTdhY2Rrb2p6RC9wa1Bha1VwVGlsYURTQllRVVpQc3pVVS9wRkpNNURXRDBpdUI5NldzL0h4UUFBQWdBN1VpMTk2a0VIWE1WV0l2VkZvMjEwdEE9PXh4Yz4=",
    "status" : "sent",
    "text" : "All good?"
  },
  {
    "date" : "2022-06-21T11:40:28Z",
    "id" : 3,
    "isUnread" : false,
    "networkId" : "UB34Msh9AhmhKOE5CuMAFf1aCXJx1jszF9mBx7fZs88=",
    "recipientId" : "PHh4YygyKUd4Q1pwL0d2NW1UUDM1Q1FjUTEyNHdsbnZxVCtiMjBMZnRacDJjby84V2NEa0FaaUI5a1pvK0RsM1VqTVB1SlRwcHc4TDBPcnI3NnpTSlNyTG1mZ0kxRS9yNTQwRS9Ic3A3MXJaYW1HSWVkVitDVW5VVWgrVWVkOWRFQ3FxbnBnMjBLZVBKcUozMXlSN1ZQM0tWbXAza1NwMk0zM1dUOGgrUkU4TTJmcnVRRmFIQXg1MmY0QVhCalVhRlhYY25LK3J5WmJIemhRL0s2Q0w3NFJrbzdPdERoWDN0VXVna0kxWTdpekRaVDJ4RmZRZEN5T1lDbW96aUxQNm5UTDB3d2FycHFxSWxLeHl4TXl2QWErRWl4S3NzcGRPMktJNHNxTkkzYURsS2xZSzMrMUhrdVZSTENvNG90Y2xaMHRaY3VJb0Jkclc2UURwK2U5N216Wi93djN5UWNYSEIweWVxOFZsV0NidmJvelg3cWpjRUFPM3hNYWpSMEJnckVCSDJidDI0dEVGdm5VNFRwcW9jaWVveTdlM1c1RVZUaHhlWk5WTk1Zd01sM1pFb3R1VnBmQVN2NVJORkFJN0w5MTU1d2pmaStId0xrOEQrMjdmcEJ0STN1Q2tWa3JzY0tYMnNjY05VU1BKQ0JEQnlNRjVZZUNDTGF0Z01WY2VHWVZIV2VvcGxyZTdhY2Rrb2p6RC9wa1Bha1VwVGlsYURTQllRVVpQc3pVVS9wRkpNNURXRDBpdUI5NldzL0h4UUFBQWdBN1VpMTk2a0VIWE1WV0l2VkZvMjEwdEE9PXh4Yz4=",
    "roundURL" : "https://dashboard.xx.network/rounds/53908346?xxmessenger=true",
    "senderId" : "JPm+zBboFVIEPrfsDz5Ue3fst77oxCwoLxNXrdqg+1MD",
    "status" : "received",
    "text" : "heeeey"
  },
  {
    "date" : "2022-06-21T11:40:30Z",
    "id" : 4,
    "isUnread" : false,
    "networkId" : "PPOdMfnvKGd2ZfQM2XY5TefR2ERhN8T5Vpegt+uQ3WI=",
    "recipientId" : "PHh4YygyKUd4Q1pwL0d2NW1UUDM1Q1FjUTEyNHdsbnZxVCtiMjBMZnRacDJjby84V2NEa0FaaUI5a1pvK0RsM1VqTVB1SlRwcHc4TDBPcnI3NnpTSlNyTG1mZ0kxRS9yNTQwRS9Ic3A3MXJaYW1HSWVkVitDVW5VVWgrVWVkOWRFQ3FxbnBnMjBLZVBKcUozMXlSN1ZQM0tWbXAza1NwMk0zM1dUOGgrUkU4TTJmcnVRRmFIQXg1MmY0QVhCalVhRlhYY25LK3J5WmJIemhRL0s2Q0w3NFJrbzdPdERoWDN0VXVna0kxWTdpekRaVDJ4RmZRZEN5T1lDbW96aUxQNm5UTDB3d2FycHFxSWxLeHl4TXl2QWErRWl4S3NzcGRPMktJNHNxTkkzYURsS2xZSzMrMUhrdVZSTENvNG90Y2xaMHRaY3VJb0Jkclc2UURwK2U5N216Wi93djN5UWNYSEIweWVxOFZsV0NidmJvelg3cWpjRUFPM3hNYWpSMEJnckVCSDJidDI0dEVGdm5VNFRwcW9jaWVveTdlM1c1RVZUaHhlWk5WTk1Zd01sM1pFb3R1VnBmQVN2NVJORkFJN0w5MTU1d2pmaStId0xrOEQrMjdmcEJ0STN1Q2tWa3JzY0tYMnNjY05VU1BKQ0JEQnlNRjVZZUNDTGF0Z01WY2VHWVZIV2VvcGxyZTdhY2Rrb2p6RC9wa1Bha1VwVGlsYURTQllRVVpQc3pVVS9wRkpNNURXRDBpdUI5NldzL0h4UUFBQWdBN1VpMTk2a0VIWE1WV0l2VkZvMjEwdEE9PXh4Yz4=",
    "roundURL" : "https://dashboard.xx.network/rounds/53908355?xxmessenger=true",
    "senderId" : "JPm+zBboFVIEPrfsDz5Ue3fst77oxCwoLxNXrdqg+1MD",
    "status" : "received",
    "text" : "yesss"
  },
  {
    "date" : "2022-06-21T11:40:34Z",
    "id" : 5,
    "isUnread" : false,
    "networkId" : "JtAPZhlaqDQttThJErJavujF2xFhJgOfX7vYMPRu2Rc=",
    "recipientId" : "PHh4YygyKUd4Q1pwL0d2NW1UUDM1Q1FjUTEyNHdsbnZxVCtiMjBMZnRacDJjby84V2NEa0FaaUI5a1pvK0RsM1VqTVB1SlRwcHc4TDBPcnI3NnpTSlNyTG1mZ0kxRS9yNTQwRS9Ic3A3MXJaYW1HSWVkVitDVW5VVWgrVWVkOWRFQ3FxbnBnMjBLZVBKcUozMXlSN1ZQM0tWbXAza1NwMk0zM1dUOGgrUkU4TTJmcnVRRmFIQXg1MmY0QVhCalVhRlhYY25LK3J5WmJIemhRL0s2Q0w3NFJrbzdPdERoWDN0VXVna0kxWTdpekRaVDJ4RmZRZEN5T1lDbW96aUxQNm5UTDB3d2FycHFxSWxLeHl4TXl2QWErRWl4S3NzcGRPMktJNHNxTkkzYURsS2xZSzMrMUhrdVZSTENvNG90Y2xaMHRaY3VJb0Jkclc2UURwK2U5N216Wi93djN5UWNYSEIweWVxOFZsV0NidmJvelg3cWpjRUFPM3hNYWpSMEJnckVCSDJidDI0dEVGdm5VNFRwcW9jaWVveTdlM1c1RVZUaHhlWk5WTk1Zd01sM1pFb3R1VnBmQVN2NVJORkFJN0w5MTU1d2pmaStId0xrOEQrMjdmcEJ0STN1Q2tWa3JzY0tYMnNjY05VU1BKQ0JEQnlNRjVZZUNDTGF0Z01WY2VHWVZIV2VvcGxyZTdhY2Rrb2p6RC9wa1Bha1VwVGlsYURTQllRVVpQc3pVVS9wRkpNNURXRDBpdUI5NldzL0h4UUFBQWdBN1VpMTk2a0VIWE1WV0l2VkZvMjEwdEE9PXh4Yz4=",
    "roundURL" : "https://dashboard.xx.network/rounds/53908369?xxmessenger=true",
    "senderId" : "JPm+zBboFVIEPrfsDz5Ue3fst77oxCwoLxNXrdqg+1MD",
    "status" : "received",
    "text" : "all fineeeee"
  },
  {
    "date" : "2022-06-21T11:40:37Z",
    "id" : 6,
    "isUnread" : false,
    "networkId" : "8PI6EMjRbdzzMNnWljMn1IBfYyZin4KO6RiANPUxmoc=",
    "recipientId" : "PHh4YygyKUd4Q1pwL0d2NW1UUDM1Q1FjUTEyNHdsbnZxVCtiMjBMZnRacDJjby84V2NEa0FaaUI5a1pvK0RsM1VqTVB1SlRwcHc4TDBPcnI3NnpTSlNyTG1mZ0kxRS9yNTQwRS9Ic3A3MXJaYW1HSWVkVitDVW5VVWgrVWVkOWRFQ3FxbnBnMjBLZVBKcUozMXlSN1ZQM0tWbXAza1NwMk0zM1dUOGgrUkU4TTJmcnVRRmFIQXg1MmY0QVhCalVhRlhYY25LK3J5WmJIemhRL0s2Q0w3NFJrbzdPdERoWDN0VXVna0kxWTdpekRaVDJ4RmZRZEN5T1lDbW96aUxQNm5UTDB3d2FycHFxSWxLeHl4TXl2QWErRWl4S3NzcGRPMktJNHNxTkkzYURsS2xZSzMrMUhrdVZSTENvNG90Y2xaMHRaY3VJb0Jkclc2UURwK2U5N216Wi93djN5UWNYSEIweWVxOFZsV0NidmJvelg3cWpjRUFPM3hNYWpSMEJnckVCSDJidDI0dEVGdm5VNFRwcW9jaWVveTdlM1c1RVZUaHhlWk5WTk1Zd01sM1pFb3R1VnBmQVN2NVJORkFJN0w5MTU1d2pmaStId0xrOEQrMjdmcEJ0STN1Q2tWa3JzY0tYMnNjY05VU1BKQ0JEQnlNRjVZZUNDTGF0Z01WY2VHWVZIV2VvcGxyZTdhY2Rrb2p6RC9wa1Bha1VwVGlsYURTQllRVVpQc3pVVS9wRkpNNURXRDBpdUI5NldzL0h4UUFBQWdBN1VpMTk2a0VIWE1WV0l2VkZvMjEwdEE9PXh4Yz4=",
    "replyMessageId" : "HRBh7q7vJtAVxqAYN1aZNrsjcdtrdF9yFvtcVfUnyl0=",
    "roundURL" : "https://dashboard.xx.network/rounds/53908374?xxmessenger=true",
    "senderId" : "JPm+zBboFVIEPrfsDz5Ue3fst77oxCwoLxNXrdqg+1MD",
    "status" : "received",
    "text" : "you?"
  },
  {
    "date" : "2022-06-21T11:40:46Z",
    "id" : 7,
    "isUnread" : false,
    "networkId" : "nt+VLVo96xONMXAtnh2b0FrrLvf5M8UugwFUE/Vs+aY=",
    "recipientId" : "JPm+zBboFVIEPrfsDz5Ue3fst77oxCwoLxNXrdqg+1MD",
    "replyMessageId" : "UB34Msh9AhmhKOE5CuMAFf1aCXJx1jszF9mBx7fZs88=",
    "roundURL" : "https://dashboard.xx.network/rounds/53908418?xxmessenger=true",
    "senderId" : "PHh4YygyKUd4Q1pwL0d2NW1UUDM1Q1FjUTEyNHdsbnZxVCtiMjBMZnRacDJjby84V2NEa0FaaUI5a1pvK0RsM1VqTVB1SlRwcHc4TDBPcnI3NnpTSlNyTG1mZ0kxRS9yNTQwRS9Ic3A3MXJaYW1HSWVkVitDVW5VVWgrVWVkOWRFQ3FxbnBnMjBLZVBKcUozMXlSN1ZQM0tWbXAza1NwMk0zM1dUOGgrUkU4TTJmcnVRRmFIQXg1MmY0QVhCalVhRlhYY25LK3J5WmJIemhRL0s2Q0w3NFJrbzdPdERoWDN0VXVna0kxWTdpekRaVDJ4RmZRZEN5T1lDbW96aUxQNm5UTDB3d2FycHFxSWxLeHl4TXl2QWErRWl4S3NzcGRPMktJNHNxTkkzYURsS2xZSzMrMUhrdVZSTENvNG90Y2xaMHRaY3VJb0Jkclc2UURwK2U5N216Wi93djN5UWNYSEIweWVxOFZsV0NidmJvelg3cWpjRUFPM3hNYWpSMEJnckVCSDJidDI0dEVGdm5VNFRwcW9jaWVveTdlM1c1RVZUaHhlWk5WTk1Zd01sM1pFb3R1VnBmQVN2NVJORkFJN0w5MTU1d2pmaStId0xrOEQrMjdmcEJ0STN1Q2tWa3JzY0tYMnNjY05VU1BKQ0JEQnlNRjVZZUNDTGF0Z01WY2VHWVZIV2VvcGxyZTdhY2Rrb2p6RC9wa1Bha1VwVGlsYURTQllRVVpQc3pVVS9wRkpNNURXRDBpdUI5NldzL0h4UUFBQWdBN1VpMTk2a0VIWE1WV0l2VkZvMjEwdEE9PXh4Yz4=",
    "status" : "sent",
    "text" : "Heyhey ü´∂üèª"
  },
  {
    "date" : "2022-06-21T11:40:52Z",
    "id" : 8,
    "isUnread" : false,
    "networkId" : "ftV70UibRsRpt9+0r2rNYtkiWoMHPLH4WH9asp01jc4=",
    "recipientId" : "JPm+zBboFVIEPrfsDz5Ue3fst77oxCwoLxNXrdqg+1MD",
    "replyMessageId" : "8PI6EMjRbdzzMNnWljMn1IBfYyZin4KO6RiANPUxmoc=",
    "roundURL" : "https://dashboard.xx.network/rounds/53908430?xxmessenger=true",
    "senderId" : "PHh4YygyKUd4Q1pwL0d2NW1UUDM1Q1FjUTEyNHdsbnZxVCtiMjBMZnRacDJjby84V2NEa0FaaUI5a1pvK0RsM1VqTVB1SlRwcHc4TDBPcnI3NnpTSlNyTG1mZ0kxRS9yNTQwRS9Ic3A3MXJaYW1HSWVkVitDVW5VVWgrVWVkOWRFQ3FxbnBnMjBLZVBKcUozMXlSN1ZQM0tWbXAza1NwMk0zM1dUOGgrUkU4TTJmcnVRRmFIQXg1MmY0QVhCalVhRlhYY25LK3J5WmJIemhRL0s2Q0w3NFJrbzdPdERoWDN0VXVna0kxWTdpekRaVDJ4RmZRZEN5T1lDbW96aUxQNm5UTDB3d2FycHFxSWxLeHl4TXl2QWErRWl4S3NzcGRPMktJNHNxTkkzYURsS2xZSzMrMUhrdVZSTENvNG90Y2xaMHRaY3VJb0Jkclc2UURwK2U5N216Wi93djN5UWNYSEIweWVxOFZsV0NidmJvelg3cWpjRUFPM3hNYWpSMEJnckVCSDJidDI0dEVGdm5VNFRwcW9jaWVveTdlM1c1RVZUaHhlWk5WTk1Zd01sM1pFb3R1VnBmQVN2NVJORkFJN0w5MTU1d2pmaStId0xrOEQrMjdmcEJ0STN1Q2tWa3JzY0tYMnNjY05VU1BKQ0JEQnlNRjVZZUNDTGF0Z01WY2VHWVZIV2VvcGxyZTdhY2Rrb2p6RC9wa1Bha1VwVGlsYURTQllRVVpQc3pVVS9wRkpNNURXRDBpdUI5NldzL0h4UUFBQWdBN1VpMTk2a0VIWE1WV0l2VkZvMjEwdEE9PXh4Yz4=",
    "status" : "sent",
    "text" : "Cool too"
  },
  {
    "date" : "2022-06-21T11:41:00Z",
    "id" : 9,
    "isUnread" : false,
    "networkId" : "dGWcogz5IxhG9DG0VmLiHfsMjQTj5+JB/zmrVtYHG20=",
    "recipientId" : "JPm+zBboFVIEPrfsDz5Ue3fst77oxCwoLxNXrdqg+1MD",
    "roundURL" : "https://dashboard.xx.network/rounds/53908449?xxmessenger=true",
    "senderId" : "PHh4YygyKUd4Q1pwL0d2NW1UUDM1Q1FjUTEyNHdsbnZxVCtiMjBMZnRacDJjby84V2NEa0FaaUI5a1pvK0RsM1VqTVB1SlRwcHc4TDBPcnI3NnpTSlNyTG1mZ0kxRS9yNTQwRS9Ic3A3MXJaYW1HSWVkVitDVW5VVWgrVWVkOWRFQ3FxbnBnMjBLZVBKcUozMXlSN1ZQM0tWbXAza1NwMk0zM1dUOGgrUkU4TTJmcnVRRmFIQXg1MmY0QVhCalVhRlhYY25LK3J5WmJIemhRL0s2Q0w3NFJrbzdPdERoWDN0VXVna0kxWTdpekRaVDJ4RmZRZEN5T1lDbW96aUxQNm5UTDB3d2FycHFxSWxLeHl4TXl2QWErRWl4S3NzcGRPMktJNHNxTkkzYURsS2xZSzMrMUhrdVZSTENvNG90Y2xaMHRaY3VJb0Jkclc2UURwK2U5N216Wi93djN5UWNYSEIweWVxOFZsV0NidmJvelg3cWpjRUFPM3hNYWpSMEJnckVCSDJidDI0dEVGdm5VNFRwcW9jaWVveTdlM1c1RVZUaHhlWk5WTk1Zd01sM1pFb3R1VnBmQVN2NVJORkFJN0w5MTU1d2pmaStId0xrOEQrMjdmcEJ0STN1Q2tWa3JzY0tYMnNjY05VU1BKQ0JEQnlNRjVZZUNDTGF0Z01WY2VHWVZIV2VvcGxyZTdhY2Rrb2p6RC9wa1Bha1VwVGlsYURTQllRVVpQc3pVVS9wRkpNNURXRDBpdUI5NldzL0h4UUFBQWdBN1VpMTk2a0VIWE1WV0l2VkZvMjEwdEE9PXh4Yz4=",
    "status" : "sent",
    "text" : "Lets see some photos?"
  },
  {
    "date" : "2022-06-21T11:41:07Z",
    "fileTransferId" : "/BHNXE87D7lOQQwWH9S17gn0x3CaDdVA7X0tRv/9dI0=",
    "id" : 10,
    "isUnread" : false,
    "recipientId" : "JPm+zBboFVIEPrfsDz5Ue3fst77oxCwoLxNXrdqg+1MD",
    "senderId" : "PHh4YygyKUd4Q1pwL0d2NW1UUDM1Q1FjUTEyNHdsbnZxVCtiMjBMZnRacDJjby84V2NEa0FaaUI5a1pvK0RsM1VqTVB1SlRwcHc4TDBPcnI3NnpTSlNyTG1mZ0kxRS9yNTQwRS9Ic3A3MXJaYW1HSWVkVitDVW5VVWgrVWVkOWRFQ3FxbnBnMjBLZVBKcUozMXlSN1ZQM0tWbXAza1NwMk0zM1dUOGgrUkU4TTJmcnVRRmFIQXg1MmY0QVhCalVhRlhYY25LK3J5WmJIemhRL0s2Q0w3NFJrbzdPdERoWDN0VXVna0kxWTdpekRaVDJ4RmZRZEN5T1lDbW96aUxQNm5UTDB3d2FycHFxSWxLeHl4TXl2QWErRWl4S3NzcGRPMktJNHNxTkkzYURsS2xZSzMrMUhrdVZSTENvNG90Y2xaMHRaY3VJb0Jkclc2UURwK2U5N216Wi93djN5UWNYSEIweWVxOFZsV0NidmJvelg3cWpjRUFPM3hNYWpSMEJnckVCSDJidDI0dEVGdm5VNFRwcW9jaWVveTdlM1c1RVZUaHhlWk5WTk1Zd01sM1pFb3R1VnBmQVN2NVJORkFJN0w5MTU1d2pmaStId0xrOEQrMjdmcEJ0STN1Q2tWa3JzY0tYMnNjY05VU1BKQ0JEQnlNRjVZZUNDTGF0Z01WY2VHWVZIV2VvcGxyZTdhY2Rrb2p6RC9wa1Bha1VwVGlsYURTQllRVVpQc3pVVS9wRkpNNURXRDBpdUI5NldzL0h4UUFBQWdBN1VpMTk2a0VIWE1WV0l2VkZvMjEwdEE9PXh4Yz4=",
    "status" : "sent",
    "text" : "You sent an image"
  },
  {
    "date" : "2022-06-21T11:41:12Z",
    "id" : 11,
    "isUnread" : false,
    "networkId" : "kyvtpCzPTEh3RuNIC1O18yppoaw6/aItrkBbIWJWfC8=",
    "recipientId" : "JPm+zBboFVIEPrfsDz5Ue3fst77oxCwoLxNXrdqg+1MD",
    "roundURL" : "https://dashboard.xx.network/rounds/53908484?xxmessenger=true",
    "senderId" : "PHh4YygyKUd4Q1pwL0d2NW1UUDM1Q1FjUTEyNHdsbnZxVCtiMjBMZnRacDJjby84V2NEa0FaaUI5a1pvK0RsM1VqTVB1SlRwcHc4TDBPcnI3NnpTSlNyTG1mZ0kxRS9yNTQwRS9Ic3A3MXJaYW1HSWVkVitDVW5VVWgrVWVkOWRFQ3FxbnBnMjBLZVBKcUozMXlSN1ZQM0tWbXAza1NwMk0zM1dUOGgrUkU4TTJmcnVRRmFIQXg1MmY0QVhCalVhRlhYY25LK3J5WmJIemhRL0s2Q0w3NFJrbzdPdERoWDN0VXVna0kxWTdpekRaVDJ4RmZRZEN5T1lDbW96aUxQNm5UTDB3d2FycHFxSWxLeHl4TXl2QWErRWl4S3NzcGRPMktJNHNxTkkzYURsS2xZSzMrMUhrdVZSTENvNG90Y2xaMHRaY3VJb0Jkclc2UURwK2U5N216Wi93djN5UWNYSEIweWVxOFZsV0NidmJvelg3cWpjRUFPM3hNYWpSMEJnckVCSDJidDI0dEVGdm5VNFRwcW9jaWVveTdlM1c1RVZUaHhlWk5WTk1Zd01sM1pFb3R1VnBmQVN2NVJORkFJN0w5MTU1d2pmaStId0xrOEQrMjdmcEJ0STN1Q2tWa3JzY0tYMnNjY05VU1BKQ0JEQnlNRjVZZUNDTGF0Z01WY2VHWVZIV2VvcGxyZTdhY2Rrb2p6RC9wa1Bha1VwVGlsYURTQllRVVpQc3pVVS9wRkpNNURXRDBpdUI5NldzL0h4UUFBQWdBN1VpMTk2a0VIWE1WV0l2VkZvMjEwdEE9PXh4Yz4=",
    "status" : "sent",
    "text" : "Thats my kid!"
  },
  {
    "date" : "2022-06-21T11:41:48Z",
    "fileTransferId" : "5sunoA5gwByvVWmlhACo8K6yVrSxquhDsWLFuHbN1jw=",
    "id" : 12,
    "isUnread" : false,
    "recipientId" : "JPm+zBboFVIEPrfsDz5Ue3fst77oxCwoLxNXrdqg+1MD",
    "senderId" : "PHh4YygyKUd4Q1pwL0d2NW1UUDM1Q1FjUTEyNHdsbnZxVCtiMjBMZnRacDJjby84V2NEa0FaaUI5a1pvK0RsM1VqTVB1SlRwcHc4TDBPcnI3NnpTSlNyTG1mZ0kxRS9yNTQwRS9Ic3A3MXJaYW1HSWVkVitDVW5VVWgrVWVkOWRFQ3FxbnBnMjBLZVBKcUozMXlSN1ZQM0tWbXAza1NwMk0zM1dUOGgrUkU4TTJmcnVRRmFIQXg1MmY0QVhCalVhRlhYY25LK3J5WmJIemhRL0s2Q0w3NFJrbzdPdERoWDN0VXVna0kxWTdpekRaVDJ4RmZRZEN5T1lDbW96aUxQNm5UTDB3d2FycHFxSWxLeHl4TXl2QWErRWl4S3NzcGRPMktJNHNxTkkzYURsS2xZSzMrMUhrdVZSTENvNG90Y2xaMHRaY3VJb0Jkclc2UURwK2U5N216Wi93djN5UWNYSEIweWVxOFZsV0NidmJvelg3cWpjRUFPM3hNYWpSMEJnckVCSDJidDI0dEVGdm5VNFRwcW9jaWVveTdlM1c1RVZUaHhlWk5WTk1Zd01sM1pFb3R1VnBmQVN2NVJORkFJN0w5MTU1d2pmaStId0xrOEQrMjdmcEJ0STN1Q2tWa3JzY0tYMnNjY05VU1BKQ0JEQnlNRjVZZUNDTGF0Z01WY2VHWVZIV2VvcGxyZTdhY2Rrb2p6RC9wa1Bha1VwVGlsYURTQllRVVpQc3pVVS9wRkpNNURXRDBpdUI5NldzL0h4UUFBQWdBN1VpMTk2a0VIWE1WV0l2VkZvMjEwdEE9PXh4Yz4=",
    "status" : "sent",
    "text" : "You sent a voice message"
  },
  {
    "date" : "2022-06-21T11:42:23Z",
    "fileTransferId" : "uy3zse2341o5BLIPsfmTT2cCzrOc91jjhdRWrNuaWak=",
    "id" : 13,
    "isUnread" : false,
    "recipientId" : "PHh4YygyKUd4Q1pwL0d2NW1UUDM1Q1FjUTEyNHdsbnZxVCtiMjBMZnRacDJjby84V2NEa0FaaUI5a1pvK0RsM1VqTVB1SlRwcHc4TDBPcnI3NnpTSlNyTG1mZ0kxRS9yNTQwRS9Ic3A3MXJaYW1HSWVkVitDVW5VVWgrVWVkOWRFQ3FxbnBnMjBLZVBKcUozMXlSN1ZQM0tWbXAza1NwMk0zM1dUOGgrUkU4TTJmcnVRRmFIQXg1MmY0QVhCalVhRlhYY25LK3J5WmJIemhRL0s2Q0w3NFJrbzdPdERoWDN0VXVna0kxWTdpekRaVDJ4RmZRZEN5T1lDbW96aUxQNm5UTDB3d2FycHFxSWxLeHl4TXl2QWErRWl4S3NzcGRPMktJNHNxTkkzYURsS2xZSzMrMUhrdVZSTENvNG90Y2xaMHRaY3VJb0Jkclc2UURwK2U5N216Wi93djN5UWNYSEIweWVxOFZsV0NidmJvelg3cWpjRUFPM3hNYWpSMEJnckVCSDJidDI0dEVGdm5VNFRwcW9jaWVveTdlM1c1RVZUaHhlWk5WTk1Zd01sM1pFb3R1VnBmQVN2NVJORkFJN0w5MTU1d2pmaStId0xrOEQrMjdmcEJ0STN1Q2tWa3JzY0tYMnNjY05VU1BKQ0JEQnlNRjVZZUNDTGF0Z01WY2VHWVZIV2VvcGxyZTdhY2Rrb2p6RC9wa1Bha1VwVGlsYURTQllRVVpQc3pVVS9wRkpNNURXRDBpdUI5NldzL0h4UUFBQWdBN1VpMTk2a0VIWE1WV0l2VkZvMjEwdEE9PXh4Yz4=",
    "senderId" : "JPm+zBboFVIEPrfsDz5Ue3fst77oxCwoLxNXrdqg+1MD",
    "status" : "received",
    "text" : "Sent you a jpeg"
  },
  {
    "date" : "2022-06-21T11:46:27Z",
    "id" : 14,
    "isUnread" : false,
    "networkId" : "nRyN11fD3QNFUgBUkMPuAWh09SlRhjm2W3q69lA/P5Q=",
    "recipientId" : "PHh4YygyKUd4Q1pwL0d2NW1UUDM1Q1FjUTEyNHdsbnZxVCtiMjBMZnRacDJjby84V2NEa0FaaUI5a1pvK0RsM1VqTVB1SlRwcHc4TDBPcnI3NnpTSlNyTG1mZ0kxRS9yNTQwRS9Ic3A3MXJaYW1HSWVkVitDVW5VVWgrVWVkOWRFQ3FxbnBnMjBLZVBKcUozMXlSN1ZQM0tWbXAza1NwMk0zM1dUOGgrUkU4TTJmcnVRRmFIQXg1MmY0QVhCalVhRlhYY25LK3J5WmJIemhRL0s2Q0w3NFJrbzdPdERoWDN0VXVna0kxWTdpekRaVDJ4RmZRZEN5T1lDbW96aUxQNm5UTDB3d2FycHFxSWxLeHl4TXl2QWErRWl4S3NzcGRPMktJNHNxTkkzYURsS2xZSzMrMUhrdVZSTENvNG90Y2xaMHRaY3VJb0Jkclc2UURwK2U5N216Wi93djN5UWNYSEIweWVxOFZsV0NidmJvelg3cWpjRUFPM3hNYWpSMEJnckVCSDJidDI0dEVGdm5VNFRwcW9jaWVveTdlM1c1RVZUaHhlWk5WTk1Zd01sM1pFb3R1VnBmQVN2NVJORkFJN0w5MTU1d2pmaStId0xrOEQrMjdmcEJ0STN1Q2tWa3JzY0tYMnNjY05VU1BKQ0JEQnlNRjVZZUNDTGF0Z01WY2VHWVZIV2VvcGxyZTdhY2Rrb2p6RC9wa1Bha1VwVGlsYURTQllRVVpQc3pVVS9wRkpNNURXRDBpdUI5NldzL0h4UUFBQWdBN1VpMTk2a0VIWE1WV0l2VkZvMjEwdEE9PXh4Yz4=",
    "roundURL" : "https://dashboard.xx.network/rounds/53909512?xxmessenger=true",
    "senderId" : "2qcF7Xl/QEn6Zu6cdQC0fteI6EeoEX9IY0nkBdmBbRYD",
    "status" : "received",
    "text" : "oieeeeeeeeee"
  },
  {
    "date" : "2022-06-21T11:46:28Z",
    "id" : 15,
    "isUnread" : false,
    "networkId" : "aUdjPeg3qzohBoX7MCYHQgRSmc313Z4vmR66rReOUCM=",
    "recipientId" : "PHh4YygyKUd4Q1pwL0d2NW1UUDM1Q1FjUTEyNHdsbnZxVCtiMjBMZnRacDJjby84V2NEa0FaaUI5a1pvK0RsM1VqTVB1SlRwcHc4TDBPcnI3NnpTSlNyTG1mZ0kxRS9yNTQwRS9Ic3A3MXJaYW1HSWVkVitDVW5VVWgrVWVkOWRFQ3FxbnBnMjBLZVBKcUozMXlSN1ZQM0tWbXAza1NwMk0zM1dUOGgrUkU4TTJmcnVRRmFIQXg1MmY0QVhCalVhRlhYY25LK3J5WmJIemhRL0s2Q0w3NFJrbzdPdERoWDN0VXVna0kxWTdpekRaVDJ4RmZRZEN5T1lDbW96aUxQNm5UTDB3d2FycHFxSWxLeHl4TXl2QWErRWl4S3NzcGRPMktJNHNxTkkzYURsS2xZSzMrMUhrdVZSTENvNG90Y2xaMHRaY3VJb0Jkclc2UURwK2U5N216Wi93djN5UWNYSEIweWVxOFZsV0NidmJvelg3cWpjRUFPM3hNYWpSMEJnckVCSDJidDI0dEVGdm5VNFRwcW9jaWVveTdlM1c1RVZUaHhlWk5WTk1Zd01sM1pFb3R1VnBmQVN2NVJORkFJN0w5MTU1d2pmaStId0xrOEQrMjdmcEJ0STN1Q2tWa3JzY0tYMnNjY05VU1BKQ0JEQnlNRjVZZUNDTGF0Z01WY2VHWVZIV2VvcGxyZTdhY2Rrb2p6RC9wa1Bha1VwVGlsYURTQllRVVpQc3pVVS9wRkpNNURXRDBpdUI5NldzL0h4UUFBQWdBN1VpMTk2a0VIWE1WV0l2VkZvMjEwdEE9PXh4Yz4=",
    "roundURL" : "https://dashboard.xx.network/rounds/53909512?xxmessenger=true",
    "senderId" : "2qcF7Xl/QEn6Zu6cdQC0fteI6EeoEX9IY0nkBdmBbRYD",
    "status" : "received",
    "text" : "legal!"
  },
  {
    "date" : "2022-06-21T11:46:30Z",
    "id" : 16,
    "isUnread" : false,
    "networkId" : "Nb607ydjTQSmwqljeFvzoouTFyoP8w1eS5GMjaxmkuw=",
    "recipientId" : "PHh4YygyKUd4Q1pwL0d2NW1UUDM1Q1FjUTEyNHdsbnZxVCtiMjBMZnRacDJjby84V2NEa0FaaUI5a1pvK0RsM1VqTVB1SlRwcHc4TDBPcnI3NnpTSlNyTG1mZ0kxRS9yNTQwRS9Ic3A3MXJaYW1HSWVkVitDVW5VVWgrVWVkOWRFQ3FxbnBnMjBLZVBKcUozMXlSN1ZQM0tWbXAza1NwMk0zM1dUOGgrUkU4TTJmcnVRRmFIQXg1MmY0QVhCalVhRlhYY25LK3J5WmJIemhRL0s2Q0w3NFJrbzdPdERoWDN0VXVna0kxWTdpekRaVDJ4RmZRZEN5T1lDbW96aUxQNm5UTDB3d2FycHFxSWxLeHl4TXl2QWErRWl4S3NzcGRPMktJNHNxTkkzYURsS2xZSzMrMUhrdVZSTENvNG90Y2xaMHRaY3VJb0Jkclc2UURwK2U5N216Wi93djN5UWNYSEIweWVxOFZsV0NidmJvelg3cWpjRUFPM3hNYWpSMEJnckVCSDJidDI0dEVGdm5VNFRwcW9jaWVveTdlM1c1RVZUaHhlWk5WTk1Zd01sM1pFb3R1VnBmQVN2NVJORkFJN0w5MTU1d2pmaStId0xrOEQrMjdmcEJ0STN1Q2tWa3JzY0tYMnNjY05VU1BKQ0JEQnlNRjVZZUNDTGF0Z01WY2VHWVZIV2VvcGxyZTdhY2Rrb2p6RC9wa1Bha1VwVGlsYURTQllRVVpQc3pVVS9wRkpNNURXRDBpdUI5NldzL0h4UUFBQWdBN1VpMTk2a0VIWE1WV0l2VkZvMjEwdEE9PXh4Yz4=",
    "roundURL" : "https://dashboard.xx.network/rounds/53909522?xxmessenger=true",
    "senderId" : "2qcF7Xl/QEn6Zu6cdQC0fteI6EeoEX9IY0nkBdmBbRYD",
    "status" : "received",
    "text" : "coool!"
  },
  {
    "date" : "2022-06-21T11:46:44Z",
    "id" : 17,
    "isUnread" : false,
    "networkId" : "+HcfK4A0SYGSiTekukvA6zpu/z7s+oDqLv0zvYCtBJ8=",
    "recipientId" : "2qcF7Xl/QEn6Zu6cdQC0fteI6EeoEX9IY0nkBdmBbRYD",
    "replyMessageId" : "nRyN11fD3QNFUgBUkMPuAWh09SlRhjm2W3q69lA/P5Q=",
    "roundURL" : "https://dashboard.xx.network/rounds/53909518?xxmessenger=true",
    "senderId" : "PHh4YygyKUd4Q1pwL0d2NW1UUDM1Q1FjUTEyNHdsbnZxVCtiMjBMZnRacDJjby84V2NEa0FaaUI5a1pvK0RsM1VqTVB1SlRwcHc4TDBPcnI3NnpTSlNyTG1mZ0kxRS9yNTQwRS9Ic3A3MXJaYW1HSWVkVitDVW5VVWgrVWVkOWRFQ3FxbnBnMjBLZVBKcUozMXlSN1ZQM0tWbXAza1NwMk0zM1dUOGgrUkU4TTJmcnVRRmFIQXg1MmY0QVhCalVhRlhYY25LK3J5WmJIemhRL0s2Q0w3NFJrbzdPdERoWDN0VXVna0kxWTdpekRaVDJ4RmZRZEN5T1lDbW96aUxQNm5UTDB3d2FycHFxSWxLeHl4TXl2QWErRWl4S3NzcGRPMktJNHNxTkkzYURsS2xZSzMrMUhrdVZSTENvNG90Y2xaMHRaY3VJb0Jkclc2UURwK2U5N216Wi93djN5UWNYSEIweWVxOFZsV0NidmJvelg3cWpjRUFPM3hNYWpSMEJnckVCSDJidDI0dEVGdm5VNFRwcW9jaWVveTdlM1c1RVZUaHhlWk5WTk1Zd01sM1pFb3R1VnBmQVN2NVJORkFJN0w5MTU1d2pmaStId0xrOEQrMjdmcEJ0STN1Q2tWa3JzY0tYMnNjY05VU1BKQ0JEQnlNRjVZZUNDTGF0Z01WY2VHWVZIV2VvcGxyZTdhY2Rrb2p6RC9wa1Bha1VwVGlsYURTQllRVVpQc3pVVS9wRkpNNURXRDBpdUI5NldzL0h4UUFBQWdBN1VpMTk2a0VIWE1WV0l2VkZvMjEwdEE9PXh4Yz4=",
    "status" : "sent",
    "text" : "Oieeee"
  },
  {
    "date" : "2022-06-21T11:46:45Z",
    "id" : 18,
    "isUnread" : false,
    "networkId" : "7AAKP3Rt9UQvJeHbpYo9LTIExff54QXosCbGtk86IXs=",
    "recipientId" : "2qcF7Xl/QEn6Zu6cdQC0fteI6EeoEX9IY0nkBdmBbRYD",
    "roundURL" : "https://dashboard.xx.network/rounds/53909570?xxmessenger=true",
    "senderId" : "PHh4YygyKUd4Q1pwL0d2NW1UUDM1Q1FjUTEyNHdsbnZxVCtiMjBMZnRacDJjby84V2NEa0FaaUI5a1pvK0RsM1VqTVB1SlRwcHc4TDBPcnI3NnpTSlNyTG1mZ0kxRS9yNTQwRS9Ic3A3MXJaYW1HSWVkVitDVW5VVWgrVWVkOWRFQ3FxbnBnMjBLZVBKcUozMXlSN1ZQM0tWbXAza1NwMk0zM1dUOGgrUkU4TTJmcnVRRmFIQXg1MmY0QVhCalVhRlhYY25LK3J5WmJIemhRL0s2Q0w3NFJrbzdPdERoWDN0VXVna0kxWTdpekRaVDJ4RmZRZEN5T1lDbW96aUxQNm5UTDB3d2FycHFxSWxLeHl4TXl2QWErRWl4S3NzcGRPMktJNHNxTkkzYURsS2xZSzMrMUhrdVZSTENvNG90Y2xaMHRaY3VJb0Jkclc2UURwK2U5N216Wi93djN5UWNYSEIweWVxOFZsV0NidmJvelg3cWpjRUFPM3hNYWpSMEJnckVCSDJidDI0dEVGdm5VNFRwcW9jaWVveTdlM1c1RVZUaHhlWk5WTk1Zd01sM1pFb3R1VnBmQVN2NVJORkFJN0w5MTU1d2pmaStId0xrOEQrMjdmcEJ0STN1Q2tWa3JzY0tYMnNjY05VU1BKQ0JEQnlNRjVZZUNDTGF0Z01WY2VHWVZIV2VvcGxyZTdhY2Rrb2p6RC9wa1Bha1VwVGlsYURTQllRVVpQc3pVVS9wRkpNNURXRDBpdUI5NldzL0h4UUFBQWdBN1VpMTk2a0VIWE1WV0l2VkZvMjEwdEE9PXh4Yz4=",
    "status" : "sent",
    "text" : "Simm"
  },
  {
    "date" : "2022-06-21T11:46:47Z",
    "id" : 19,
    "isUnread" : false,
    "networkId" : "kzM8mS036VyV6+BhvshbGryJSCnhmbB+oouR4zdtwbk=",
    "recipientId" : "2qcF7Xl/QEn6Zu6cdQC0fteI6EeoEX9IY0nkBdmBbRYD",
    "roundURL" : "https://dashboard.xx.network/rounds/53909560?xxmessenger=true",
    "senderId" : "PHh4YygyKUd4Q1pwL0d2NW1UUDM1Q1FjUTEyNHdsbnZxVCtiMjBMZnRacDJjby84V2NEa0FaaUI5a1pvK0RsM1VqTVB1SlRwcHc4TDBPcnI3NnpTSlNyTG1mZ0kxRS9yNTQwRS9Ic3A3MXJaYW1HSWVkVitDVW5VVWgrVWVkOWRFQ3FxbnBnMjBLZVBKcUozMXlSN1ZQM0tWbXAza1NwMk0zM1dUOGgrUkU4TTJmcnVRRmFIQXg1MmY0QVhCalVhRlhYY25LK3J5WmJIemhRL0s2Q0w3NFJrbzdPdERoWDN0VXVna0kxWTdpekRaVDJ4RmZRZEN5T1lDbW96aUxQNm5UTDB3d2FycHFxSWxLeHl4TXl2QWErRWl4S3NzcGRPMktJNHNxTkkzYURsS2xZSzMrMUhrdVZSTENvNG90Y2xaMHRaY3VJb0Jkclc2UURwK2U5N216Wi93djN5UWNYSEIweWVxOFZsV0NidmJvelg3cWpjRUFPM3hNYWpSMEJnckVCSDJidDI0dEVGdm5VNFRwcW9jaWVveTdlM1c1RVZUaHhlWk5WTk1Zd01sM1pFb3R1VnBmQVN2NVJORkFJN0w5MTU1d2pmaStId0xrOEQrMjdmcEJ0STN1Q2tWa3JzY0tYMnNjY05VU1BKQ0JEQnlNRjVZZUNDTGF0Z01WY2VHWVZIV2VvcGxyZTdhY2Rrb2p6RC9wa1Bha1VwVGlsYURTQllRVVpQc3pVVS9wRkpNNURXRDBpdUI5NldzL0h4UUFBQWdBN1VpMTk2a0VIWE1WV0l2VkZvMjEwdEE9PXh4Yz4=",
    "status" : "sent",
    "text" : "Masssa!!!"
  },
  {
    "date" : "2022-06-21T11:48:19Z",
    "groupId" : "bjTzuNVsNcgQVr/0phJlT2uliJwbjk3Uqdhs/fGIsbsE",
    "id" : 21,
    "isUnread" : false,
    "networkId" : "eE7gCTYaj61Y1YN5GfDtyjxgBURf2CqgX122ZHXx9xQ=",
    "roundURL" : "https://dashboard.xx.network/rounds/53909858?xxmessenger=true",
    "senderId" : "PHh4YygyKUd4Q1pwL0d2NW1UUDM1Q1FjUTEyNHdsbnZxVCtiMjBMZnRacDJjby84V2NEa0FaaUI5a1pvK0RsM1VqTVB1SlRwcHc4TDBPcnI3NnpTSlNyTG1mZ0kxRS9yNTQwRS9Ic3A3MXJaYW1HSWVkVitDVW5VVWgrVWVkOWRFQ3FxbnBnMjBLZVBKcUozMXlSN1ZQM0tWbXAza1NwMk0zM1dUOGgrUkU4TTJmcnVRRmFIQXg1MmY0QVhCalVhRlhYY25LK3J5WmJIemhRL0s2Q0w3NFJrbzdPdERoWDN0VXVna0kxWTdpekRaVDJ4RmZRZEN5T1lDbW96aUxQNm5UTDB3d2FycHFxSWxLeHl4TXl2QWErRWl4S3NzcGRPMktJNHNxTkkzYURsS2xZSzMrMUhrdVZSTENvNG90Y2xaMHRaY3VJb0Jkclc2UURwK2U5N216Wi93djN5UWNYSEIweWVxOFZsV0NidmJvelg3cWpjRUFPM3hNYWpSMEJnckVCSDJidDI0dEVGdm5VNFRwcW9jaWVveTdlM1c1RVZUaHhlWk5WTk1Zd01sM1pFb3R1VnBmQVN2NVJORkFJN0w5MTU1d2pmaStId0xrOEQrMjdmcEJ0STN1Q2tWa3JzY0tYMnNjY05VU1BKQ0JEQnlNRjVZZUNDTGF0Z01WY2VHWVZIV2VvcGxyZTdhY2Rrb2p6RC9wa1Bha1VwVGlsYURTQllRVVpQc3pVVS9wRkpNNURXRDBpdUI5NldzL0h4UUFBQWdBN1VpMTk2a0VIWE1WV0l2VkZvMjEwdEE9PXh4Yz4=",
    "status" : "sent",
    "text" : "Oie"
  },
  {
    "date" : "2022-06-21T11:48:21Z",
    "groupId" : "bjTzuNVsNcgQVr/0phJlT2uliJwbjk3Uqdhs/fGIsbsE",
    "id" : 22,
    "isUnread" : false,
    "networkId" : "Q4V3AFG/FEGhjmVpk3qCbg9efwWSG83zCL9pZB2xsiI=",
    "roundURL" : "https://dashboard.xx.network/rounds/53909878?xxmessenger=true",
    "senderId" : "PHh4YygyKUd4Q1pwL0d2NW1UUDM1Q1FjUTEyNHdsbnZxVCtiMjBMZnRacDJjby84V2NEa0FaaUI5a1pvK0RsM1VqTVB1SlRwcHc4TDBPcnI3NnpTSlNyTG1mZ0kxRS9yNTQwRS9Ic3A3MXJaYW1HSWVkVitDVW5VVWgrVWVkOWRFQ3FxbnBnMjBLZVBKcUozMXlSN1ZQM0tWbXAza1NwMk0zM1dUOGgrUkU4TTJmcnVRRmFIQXg1MmY0QVhCalVhRlhYY25LK3J5WmJIemhRL0s2Q0w3NFJrbzdPdERoWDN0VXVna0kxWTdpekRaVDJ4RmZRZEN5T1lDbW96aUxQNm5UTDB3d2FycHFxSWxLeHl4TXl2QWErRWl4S3NzcGRPMktJNHNxTkkzYURsS2xZSzMrMUhrdVZSTENvNG90Y2xaMHRaY3VJb0Jkclc2UURwK2U5N216Wi93djN5UWNYSEIweWVxOFZsV0NidmJvelg3cWpjRUFPM3hNYWpSMEJnckVCSDJidDI0dEVGdm5VNFRwcW9jaWVveTdlM1c1RVZUaHhlWk5WTk1Zd01sM1pFb3R1VnBmQVN2NVJORkFJN0w5MTU1d2pmaStId0xrOEQrMjdmcEJ0STN1Q2tWa3JzY0tYMnNjY05VU1BKQ0JEQnlNRjVZZUNDTGF0Z01WY2VHWVZIV2VvcGxyZTdhY2Rrb2p6RC9wa1Bha1VwVGlsYURTQllRVVpQc3pVVS9wRkpNNURXRDBpdUI5NldzL0h4UUFBQWdBN1VpMTk2a0VIWE1WV0l2VkZvMjEwdEE9PXh4Yz4=",
    "status" : "sent",
    "text" : "Legal?"
  },
  {
    "date" : "2022-06-21T11:48:31Z",
    "groupId" : "7v7cmlnh3clsF6gc6iSGnoDVNKyx0W+RjjUTE2uVmu8E",
    "id" : 23,
    "isUnread" : false,
    "senderId" : "PHh4YygyKUd4Q1pwL0d2NW1UUDM1Q1FjUTEyNHdsbnZxVCtiMjBMZnRacDJjby84V2NEa0FaaUI5a1pvK0RsM1VqTVB1SlRwcHc4TDBPcnI3NnpTSlNyTG1mZ0kxRS9yNTQwRS9Ic3A3MXJaYW1HSWVkVitDVW5VVWgrVWVkOWRFQ3FxbnBnMjBLZVBKcUozMXlSN1ZQM0tWbXAza1NwMk0zM1dUOGgrUkU4TTJmcnVRRmFIQXg1MmY0QVhCalVhRlhYY25LK3J5WmJIemhRL0s2Q0w3NFJrbzdPdERoWDN0VXVna0kxWTdpekRaVDJ4RmZRZEN5T1lDbW96aUxQNm5UTDB3d2FycHFxSWxLeHl4TXl2QWErRWl4S3NzcGRPMktJNHNxTkkzYURsS2xZSzMrMUhrdVZSTENvNG90Y2xaMHRaY3VJb0Jkclc2UURwK2U5N216Wi93djN5UWNYSEIweWVxOFZsV0NidmJvelg3cWpjRUFPM3hNYWpSMEJnckVCSDJidDI0dEVGdm5VNFRwcW9jaWVveTdlM1c1RVZUaHhlWk5WTk1Zd01sM1pFb3R1VnBmQVN2NVJORkFJN0w5MTU1d2pmaStId0xrOEQrMjdmcEJ0STN1Q2tWa3JzY0tYMnNjY05VU1BKQ0JEQnlNRjVZZUNDTGF0Z01WY2VHWVZIV2VvcGxyZTdhY2Rrb2p6RC9wa1Bha1VwVGlsYURTQllRVVpQc3pVVS9wRkpNNURXRDBpdUI5NldzL0h4UUFBQWdBN1VpMTk2a0VIWE1WV0l2VkZvMjEwdEE9PXh4Yz4=",
    "status" : "sent",
    "text" : "HERELO FELLOWS"
  },
  {
    "date" : "2022-06-21T11:49:00Z",
    "groupId" : "bjTzuNVsNcgQVr/0phJlT2uliJwbjk3Uqdhs/fGIsbsE",
    "id" : 24,
    "isUnread" : false,
    "networkId" : "WtA6TgkBGhPf49cGGYVvEDDchETycvX+h2vEc1CWpag=",
    "roundURL" : "https://dashboard.xx.network/rounds/53909995?xxmessenger=true",
    "senderId" : "2qcF7Xl/QEn6Zu6cdQC0fteI6EeoEX9IY0nkBdmBbRYD",
    "status" : "received",
    "text" : "oieeeeee"
  },
  {
    "date" : "2022-06-21T11:49:41Z",
    "groupId" : "7v7cmlnh3clsF6gc6iSGnoDVNKyx0W+RjjUTE2uVmu8E",
    "id" : 25,
    "isUnread" : false,
    "networkId" : "7h7M4G5iJL01cmR2swSC8jVGsX/trWrXac8C3AH/Nn4=",
    "roundURL" : "https://dashboard.xx.network/rounds/53910114?xxmessenger=true",
    "senderId" : "JPm+zBboFVIEPrfsDz5Ue3fst77oxCwoLxNXrdqg+1MD",
    "status" : "received",
    "text" : "HELLLOOOO"
  },
  {
    "date" : "2022-06-21T11:50:09Z",
    "groupId" : "7v7cmlnh3clsF6gc6iSGnoDVNKyx0W+RjjUTE2uVmu8E",
    "id" : 26,
    "isUnread" : false,
    "networkId" : "ZuoudjyxkcMfK9WWsi+osQTvvCv/cxcUmWBKNqS0zHI=",
    "roundURL" : "https://dashboard.xx.network/rounds/53910222?xxmessenger=true",
    "senderId" : "2qcF7Xl/QEn6Zu6cdQC0fteI6EeoEX9IY0nkBdmBbRYD",
    "status" : "received",
    "text" : "hey hey"
  },
  {
    "date" : "2022-06-21T11:50:13Z",
    "groupId" : "7v7cmlnh3clsF6gc6iSGnoDVNKyx0W+RjjUTE2uVmu8E",
    "id" : 27,
    "isUnread" : false,
    "networkId" : "wqsbbJE/6YorSkmtdUUezvw+182O5EXJTXmLBTwH9HI=",
    "roundURL" : "https://dashboard.xx.network/rounds/53910219?xxmessenger=true",
    "senderId" : "2qcF7Xl/QEn6Zu6cdQC0fteI6EeoEX9IY0nkBdmBbRYD",
    "status" : "received",
    "text" : "nice"
  },
  {
    "date" : "2022-06-21T11:50:24Z",
    "groupId" : "7v7cmlnh3clsF6gc6iSGnoDVNKyx0W+RjjUTE2uVmu8E",
    "id" : 28,
    "isUnread" : false,
    "networkId" : "AKJq3ra+FgnyL4bXw1kWqnzZUQ2bO3L2GdcfAXmQYhE=",
    "roundURL" : "https://dashboard.xx.network/rounds/53910236?xxmessenger=true",
    "senderId" : "2qcF7Xl/QEn6Zu6cdQC0fteI6EeoEX9IY0nkBdmBbRYD",
    "status" : "received",
    "text" : "yes"
  },
  {
    "date" : "2022-06-21T11:50:36Z",
    "groupId" : "7v7cmlnh3clsF6gc6iSGnoDVNKyx0W+RjjUTE2uVmu8E",
    "id" : 29,
    "isUnread" : false,
    "networkId" : "2Fo3AU6kxa2LC5yO1fExjqQ6QqwdgxCfGDRuqaWfbbw=",
    "roundURL" : "https://dashboard.xx.network/rounds/53910283?xxmessenger=true",
    "senderId" : "2qcF7Xl/QEn6Zu6cdQC0fteI6EeoEX9IY0nkBdmBbRYD",
    "status" : "received",
    "text" : "ijfiosdjfiosdfjiosdjfiosd"
  },
  {
    "date" : "2022-06-21T12:00:52Z",
    "fileTransferId" : "DlibT/iRF10i82P7Sdxjt7sGWYVdDA8UC1Ux0y8llQI=",
    "id" : 20,
    "isUnread" : true,
    "recipientId" : "PHh4YygyKUd4Q1pwL0d2NW1UUDM1Q1FjUTEyNHdsbnZxVCtiMjBMZnRacDJjby84V2NEa0FaaUI5a1pvK0RsM1VqTVB1SlRwcHc4TDBPcnI3NnpTSlNyTG1mZ0kxRS9yNTQwRS9Ic3A3MXJaYW1HSWVkVitDVW5VVWgrVWVkOWRFQ3FxbnBnMjBLZVBKcUozMXlSN1ZQM0tWbXAza1NwMk0zM1dUOGgrUkU4TTJmcnVRRmFIQXg1MmY0QVhCalVhRlhYY25LK3J5WmJIemhRL0s2Q0w3NFJrbzdPdERoWDN0VXVna0kxWTdpekRaVDJ4RmZRZEN5T1lDbW96aUxQNm5UTDB3d2FycHFxSWxLeHl4TXl2QWErRWl4S3NzcGRPMktJNHNxTkkzYURsS2xZSzMrMUhrdVZSTENvNG90Y2xaMHRaY3VJb0Jkclc2UURwK2U5N216Wi93djN5UWNYSEIweWVxOFZsV0NidmJvelg3cWpjRUFPM3hNYWpSMEJnckVCSDJidDI0dEVGdm5VNFRwcW9jaWVveTdlM1c1RVZUaHhlWk5WTk1Zd01sM1pFb3R1VnBmQVN2NVJORkFJN0w5MTU1d2pmaStId0xrOEQrMjdmcEJ0STN1Q2tWa3JzY0tYMnNjY05VU1BKQ0JEQnlNRjVZZUNDTGF0Z01WY2VHWVZIV2VvcGxyZTdhY2Rrb2p6RC9wa1Bha1VwVGlsYURTQllRVVpQc3pVVS9wRkpNNURXRDBpdUI5NldzL0h4UUFBQWdBN1VpMTk2a0VIWE1WV0l2VkZvMjEwdEE9PXh4Yz4=",
    "senderId" : "JPm+zBboFVIEPrfsDz5Ue3fst77oxCwoLxNXrdqg+1MD",
    "status" : "received",
    "text" : "Sent you a m4a"
  },
  {
    "date" : "2022-06-21T12:03:34Z",
    "groupId" : "btnDW6YBLV5+b9PXiKfYsUfEOwIIeCtVcHhqECDXtToE",
    "id" : 30,
    "isUnread" : false,
    "senderId" : "JPm+zBboFVIEPrfsDz5Ue3fst77oxCwoLxNXrdqg+1MD",
    "status" : "received",
    "text" : "heyhey"
  },
  {
    "date" : "2022-06-21T12:03:45Z",
    "groupId" : "btnDW6YBLV5+b9PXiKfYsUfEOwIIeCtVcHhqECDXtToE",
    "id" : 31,
    "isUnread" : false,
    "networkId" : "DYToB6nGkFYTaBMrOI9ULrj7WTYCQvOFXt35v7Ag8Vk=",
    "roundURL" : "https://dashboard.xx.network/rounds/53912814?xxmessenger=true",
    "senderId" : "PHh4YygyKUd4Q1pwL0d2NW1UUDM1Q1FjUTEyNHdsbnZxVCtiMjBMZnRacDJjby84V2NEa0FaaUI5a1pvK0RsM1VqTVB1SlRwcHc4TDBPcnI3NnpTSlNyTG1mZ0kxRS9yNTQwRS9Ic3A3MXJaYW1HSWVkVitDVW5VVWgrVWVkOWRFQ3FxbnBnMjBLZVBKcUozMXlSN1ZQM0tWbXAza1NwMk0zM1dUOGgrUkU4TTJmcnVRRmFIQXg1MmY0QVhCalVhRlhYY25LK3J5WmJIemhRL0s2Q0w3NFJrbzdPdERoWDN0VXVna0kxWTdpekRaVDJ4RmZRZEN5T1lDbW96aUxQNm5UTDB3d2FycHFxSWxLeHl4TXl2QWErRWl4S3NzcGRPMktJNHNxTkkzYURsS2xZSzMrMUhrdVZSTENvNG90Y2xaMHRaY3VJb0Jkclc2UURwK2U5N216Wi93djN5UWNYSEIweWVxOFZsV0NidmJvelg3cWpjRUFPM3hNYWpSMEJnckVCSDJidDI0dEVGdm5VNFRwcW9jaWVveTdlM1c1RVZUaHhlWk5WTk1Zd01sM1pFb3R1VnBmQVN2NVJORkFJN0w5MTU1d2pmaStId0xrOEQrMjdmcEJ0STN1Q2tWa3JzY0tYMnNjY05VU1BKQ0JEQnlNRjVZZUNDTGF0Z01WY2VHWVZIV2VvcGxyZTdhY2Rrb2p6RC9wa1Bha1VwVGlsYURTQllRVVpQc3pVVS9wRkpNNURXRDBpdUI5NldzL0h4UUFBQWdBN1VpMTk2a0VIWE1WV0l2VkZvMjEwdEE9PXh4Yz4=",
    "status" : "sent",
    "text" : "Oskskkskskks"
  },
  {
    "date" : "2022-06-21T12:03:49Z",
    "groupId" : "btnDW6YBLV5+b9PXiKfYsUfEOwIIeCtVcHhqECDXtToE",
    "id" : 32,
    "isUnread" : false,
    "networkId" : "OVWAwo8naBHYC8SDMt64GYbvjuvQn3zTkLe8zevXXAk=",
    "roundURL" : "https://dashboard.xx.network/rounds/53912821?xxmessenger=true",
    "senderId" : "PHh4YygyKUd4Q1pwL0d2NW1UUDM1Q1FjUTEyNHdsbnZxVCtiMjBMZnRacDJjby84V2NEa0FaaUI5a1pvK0RsM1VqTVB1SlRwcHc4TDBPcnI3NnpTSlNyTG1mZ0kxRS9yNTQwRS9Ic3A3MXJaYW1HSWVkVitDVW5VVWgrVWVkOWRFQ3FxbnBnMjBLZVBKcUozMXlSN1ZQM0tWbXAza1NwMk0zM1dUOGgrUkU4TTJmcnVRRmFIQXg1MmY0QVhCalVhRlhYY25LK3J5WmJIemhRL0s2Q0w3NFJrbzdPdERoWDN0VXVna0kxWTdpekRaVDJ4RmZRZEN5T1lDbW96aUxQNm5UTDB3d2FycHFxSWxLeHl4TXl2QWErRWl4S3NzcGRPMktJNHNxTkkzYURsS2xZSzMrMUhrdVZSTENvNG90Y2xaMHRaY3VJb0Jkclc2UURwK2U5N216Wi93djN5UWNYSEIweWVxOFZsV0NidmJvelg3cWpjRUFPM3hNYWpSMEJnckVCSDJidDI0dEVGdm5VNFRwcW9jaWVveTdlM1c1RVZUaHhlWk5WTk1Zd01sM1pFb3R1VnBmQVN2NVJORkFJN0w5MTU1d2pmaStId0xrOEQrMjdmcEJ0STN1Q2tWa3JzY0tYMnNjY05VU1BKQ0JEQnlNRjVZZUNDTGF0Z01WY2VHWVZIV2VvcGxyZTdhY2Rrb2p6RC9wa1Bha1VwVGlsYURTQllRVVpQc3pVVS9wRkpNNURXRDBpdUI5NldzL0h4UUFBQWdBN1VpMTk2a0VIWE1WV0l2VkZvMjEwdEE9PXh4Yz4=",
    "status" : "sent",
    "text" : "Cool"
  },
  {
    "date" : "2022-06-21T12:04:23Z",
    "groupId" : "btnDW6YBLV5+b9PXiKfYsUfEOwIIeCtVcHhqECDXtToE",
    "id" : 33,
    "isUnread" : false,
    "networkId" : "KcU3UcOIP6KaJcP71yJNDySGN0eSYmg1CnalOZwS+9Q=",
    "roundURL" : "https://dashboard.xx.network/rounds/53912920?xxmessenger=true",
    "senderId" : "A2ehoC0Upl2n/pc0aRsArosO3hUKotgwjbUhotnuTU0D",
    "status" : "received",
    "text" : "MANOOOOOO"
  },
  {
    "date" : "2022-06-21T12:04:25Z",
    "groupId" : "btnDW6YBLV5+b9PXiKfYsUfEOwIIeCtVcHhqECDXtToE",
    "id" : 34,
    "isUnread" : false,
    "networkId" : "SqNrcCubR2BD0EVsQDL+S0lSinhE+Cj+KLNpK8gixrc=",
    "roundURL" : "https://dashboard.xx.network/rounds/53912914?xxmessenger=true",
    "senderId" : "A2ehoC0Upl2n/pc0aRsArosO3hUKotgwjbUhotnuTU0D",
    "status" : "received",
    "text" : "QUE TOP@"
  },
  {
    "date" : "2022-06-21T12:04:30Z",
    "groupId" : "btnDW6YBLV5+b9PXiKfYsUfEOwIIeCtVcHhqECDXtToE",
    "id" : 35,
    "isUnread" : false,
    "networkId" : "SiNDSDDgmpFgRQaF8YNC7a/cfXd+5FVQl6GMe3Cta3c=",
    "roundURL" : "https://dashboard.xx.network/rounds/53912957?xxmessenger=true",
    "senderId" : "JPm+zBboFVIEPrfsDz5Ue3fst77oxCwoLxNXrdqg+1MD",
    "status" : "received",
    "text" : "neeee"
  },
  {
    "date" : "2022-06-21T12:04:32Z",
    "groupId" : "btnDW6YBLV5+b9PXiKfYsUfEOwIIeCtVcHhqECDXtToE",
    "id" : 36,
    "isUnread" : false,
    "networkId" : "ZnddY8GD9fKcdMJ6aKuKX/k6ILznKvLs2KiqCRjtQdo=",
    "roundURL" : "https://dashboard.xx.network/rounds/53912949?xxmessenger=true",
    "senderId" : "JPm+zBboFVIEPrfsDz5Ue3fst77oxCwoLxNXrdqg+1MD",
    "status" : "received",
    "text" : "neeeedo carioxocc"
  },
  {
    "date" : "2022-06-21T12:04:51Z",
    "groupId" : "btnDW6YBLV5+b9PXiKfYsUfEOwIIeCtVcHhqECDXtToE",
    "id" : 37,
    "isUnread" : false,
    "networkId" : "P8CH5K0oVUZpXeEwWqBKQGhAuZvBQflBeyXPyxsfLw4=",
    "replyMessageId" : "SqNrcCubR2BD0EVsQDL+S0lSinhE+Cj+KLNpK8gixrc=",
    "roundURL" : "https://dashboard.xx.network/rounds/53913003?xxmessenger=true",
    "senderId" : "PHh4YygyKUd4Q1pwL0d2NW1UUDM1Q1FjUTEyNHdsbnZxVCtiMjBMZnRacDJjby84V2NEa0FaaUI5a1pvK0RsM1VqTVB1SlRwcHc4TDBPcnI3NnpTSlNyTG1mZ0kxRS9yNTQwRS9Ic3A3MXJaYW1HSWVkVitDVW5VVWgrVWVkOWRFQ3FxbnBnMjBLZVBKcUozMXlSN1ZQM0tWbXAza1NwMk0zM1dUOGgrUkU4TTJmcnVRRmFIQXg1MmY0QVhCalVhRlhYY25LK3J5WmJIemhRL0s2Q0w3NFJrbzdPdERoWDN0VXVna0kxWTdpekRaVDJ4RmZRZEN5T1lDbW96aUxQNm5UTDB3d2FycHFxSWxLeHl4TXl2QWErRWl4S3NzcGRPMktJNHNxTkkzYURsS2xZSzMrMUhrdVZSTENvNG90Y2xaMHRaY3VJb0Jkclc2UURwK2U5N216Wi93djN5UWNYSEIweWVxOFZsV0NidmJvelg3cWpjRUFPM3hNYWpSMEJnckVCSDJidDI0dEVGdm5VNFRwcW9jaWVveTdlM1c1RVZUaHhlWk5WTk1Zd01sM1pFb3R1VnBmQVN2NVJORkFJN0w5MTU1d2pmaStId0xrOEQrMjdmcEJ0STN1Q2tWa3JzY0tYMnNjY05VU1BKQ0JEQnlNRjVZZUNDTGF0Z01WY2VHWVZIV2VvcGxyZTdhY2Rrb2p6RC9wa1Bha1VwVGlsYURTQllRVVpQc3pVVS9wRkpNNURXRDBpdUI5NldzL0h4UUFBQWdBN1VpMTk2a0VIWE1WV0l2VkZvMjEwdEE9PXh4Yz4=",
    "status" : "sent",
    "text" : "Ne?"
  },
  {
    "date" : "2022-06-21T12:05:04Z",
    "groupId" : "K6XMB1hxK82TBeua7VsVN3G84on1tJThtNcPsVXGML8E",
    "id" : 38,
    "isUnread" : false,
    "networkId" : "V1pA/tEcWFFMAABjGEJugQ9Lhh7sX/45JCuAxxuDmp4=",
    "roundURL" : "https://dashboard.xx.network/rounds/53913057?xxmessenger=true",
    "senderId" : "PHh4YygyKUd4Q1pwL0d2NW1UUDM1Q1FjUTEyNHdsbnZxVCtiMjBMZnRacDJjby84V2NEa0FaaUI5a1pvK0RsM1VqTVB1SlRwcHc4TDBPcnI3NnpTSlNyTG1mZ0kxRS9yNTQwRS9Ic3A3MXJaYW1HSWVkVitDVW5VVWgrVWVkOWRFQ3FxbnBnMjBLZVBKcUozMXlSN1ZQM0tWbXAza1NwMk0zM1dUOGgrUkU4TTJmcnVRRmFIQXg1MmY0QVhCalVhRlhYY25LK3J5WmJIemhRL0s2Q0w3NFJrbzdPdERoWDN0VXVna0kxWTdpekRaVDJ4RmZRZEN5T1lDbW96aUxQNm5UTDB3d2FycHFxSWxLeHl4TXl2QWErRWl4S3NzcGRPMktJNHNxTkkzYURsS2xZSzMrMUhrdVZSTENvNG90Y2xaMHRaY3VJb0Jkclc2UURwK2U5N216Wi93djN5UWNYSEIweWVxOFZsV0NidmJvelg3cWpjRUFPM3hNYWpSMEJnckVCSDJidDI0dEVGdm5VNFRwcW9jaWVveTdlM1c1RVZUaHhlWk5WTk1Zd01sM1pFb3R1VnBmQVN2NVJORkFJN0w5MTU1d2pmaStId0xrOEQrMjdmcEJ0STN1Q2tWa3JzY0tYMnNjY05VU1BKQ0JEQnlNRjVZZUNDTGF0Z01WY2VHWVZIV2VvcGxyZTdhY2Rrb2p6RC9wa1Bha1VwVGlsYURTQllRVVpQc3pVVS9wRkpNNURXRDBpdUI5NldzL0h4UUFBQWdBN1VpMTk2a0VIWE1WV0l2VkZvMjEwdEE9PXh4Yz4=",
    "status" : "sent",
    "text" : "Cetto"
  },
  {
    "date" : "2022-06-21T12:05:05Z",
    "groupId" : "K6XMB1hxK82TBeua7VsVN3G84on1tJThtNcPsVXGML8E",
    "id" : 39,
    "isUnread" : false,
    "networkId" : "vYKINMUC0NvYR5Rdpo8qyeJgJ08Ps2/6xJadZXQGiQU=",
    "roundURL" : "https://dashboard.xx.network/rounds/53913057?xxmessenger=true",
    "senderId" : "PHh4YygyKUd4Q1pwL0d2NW1UUDM1Q1FjUTEyNHdsbnZxVCtiMjBMZnRacDJjby84V2NEa0FaaUI5a1pvK0RsM1VqTVB1SlRwcHc4TDBPcnI3NnpTSlNyTG1mZ0kxRS9yNTQwRS9Ic3A3MXJaYW1HSWVkVitDVW5VVWgrVWVkOWRFQ3FxbnBnMjBLZVBKcUozMXlSN1ZQM0tWbXAza1NwMk0zM1dUOGgrUkU4TTJmcnVRRmFIQXg1MmY0QVhCalVhRlhYY25LK3J5WmJIemhRL0s2Q0w3NFJrbzdPdERoWDN0VXVna0kxWTdpekRaVDJ4RmZRZEN5T1lDbW96aUxQNm5UTDB3d2FycHFxSWxLeHl4TXl2QWErRWl4S3NzcGRPMktJNHNxTkkzYURsS2xZSzMrMUhrdVZSTENvNG90Y2xaMHRaY3VJb0Jkclc2UURwK2U5N216Wi93djN5UWNYSEIweWVxOFZsV0NidmJvelg3cWpjRUFPM3hNYWpSMEJnckVCSDJidDI0dEVGdm5VNFRwcW9jaWVveTdlM1c1RVZUaHhlWk5WTk1Zd01sM1pFb3R1VnBmQVN2NVJORkFJN0w5MTU1d2pmaStId0xrOEQrMjdmcEJ0STN1Q2tWa3JzY0tYMnNjY05VU1BKQ0JEQnlNRjVZZUNDTGF0Z01WY2VHWVZIV2VvcGxyZTdhY2Rrb2p6RC9wa1Bha1VwVGlsYURTQllRVVpQc3pVVS9wRkpNNURXRDBpdUI5NldzL0h4UUFBQWdBN1VpMTk2a0VIWE1WV0l2VkZvMjEwdEE9PXh4Yz4=",
    "status" : "sent",
    "text" : "Massa"
  },
  {
    "date" : "2022-06-21T12:05:44Z",
    "groupId" : "btnDW6YBLV5+b9PXiKfYsUfEOwIIeCtVcHhqECDXtToE",
    "id" : 40,
    "isUnread" : true,
    "networkId" : "GMkeQyCWUuUIdQ/VKy/fjhnrRColqaaadDxFvj0n8p8=",
    "replyMessageId" : "SqNrcCubR2BD0EVsQDL+S0lSinhE+Cj+KLNpK8gixrc=",
    "roundURL" : "https://dashboard.xx.network/rounds/53913175?xxmessenger=true",
    "senderId" : "JPm+zBboFVIEPrfsDz5Ue3fst77oxCwoLxNXrdqg+1MD",
    "status" : "received",
    "text" : "oaoakkskskskd"
  },
  {
    "date" : "2022-06-21T12:05:48Z",
    "groupId" : "btnDW6YBLV5+b9PXiKfYsUfEOwIIeCtVcHhqECDXtToE",
    "id" : 41,
    "isUnread" : true,
    "networkId" : "iP9gRT8Y5y4KzR8JUwqqXLh21dF4DW/gd0+sSoFGV9s=",
    "replyMessageId" : "P8CH5K0oVUZpXeEwWqBKQGhAuZvBQflBeyXPyxsfLw4=",
    "roundURL" : "https://dashboard.xx.network/rounds/53913174?xxmessenger=true",
    "senderId" : "JPm+zBboFVIEPrfsDz5Ue3fst77oxCwoLxNXrdqg+1MD",
    "status" : "received",
    "text" : "jajajajjsjsjsjjsjs"
  }
]