[
  {
    "contactId" : "A2ehoC0Upl2n/pc0aRsArosO3hUKotgwjbUhotnuTU0D",
    "groupId" : "K6XMB1hxK82TBeua7VsVN3G84on1tJThtNcPsVXGML8E"
  },
  {
    "contactId" : "JPm+zBboFVIEPrfsDz5Ue3fst77oxCwoLxNXrdqg+1MD",
    "groupId" : "K6XMB1hxK82TBeua7VsVN3G84on1tJThtNcPsVXGML8E"
  },
  {
    "contactId" : "JPm+zBboFVIEPrfsDz5Ue3fst77oxCwoLxNXrdqg+1MD",
    "groupId" : "bjTzuNVsNcgQVr/0phJlT2uliJwbjk3Uqdhs/fGIsbsE"
  },
  {
    "contactId" : "2qcF7Xl/QEn6Zu6cdQC0fteI6EeoEX9IY0nkBdmBbRYD",
    "groupId" : "bjTzuNVsNcgQVr/0phJlT2uliJwbjk3Uqdhs/fGIsbsE"
  },
  {
    "contactId" : "A2ehoC0Upl2n/pc0aRsArosO3hUKotgwjbUhotnuTU0D",
    "groupId" : "btnDW6YBLV5+b9PXiKfYsUfEOwIIeCtVcHhqECDXtToE"
  },
  {
    "contactId" : "JPm+zBboFVIEPrfsDz5Ue3fst77oxCwoLxNXrdqg+1MD",
    "groupId" : "btnDW6YBLV5+b9PXiKfYsUfEOwIIeCtVcHhqECDXtToE"
  },
  {
    "contactId" : "JPm+zBboFVIEPrfsDz5Ue3fst77oxCwoLxNXrdqg+1MD",
    "groupId" : "7v7cmlnh3clsF6gc6iSGnoDVNKyx0W+RjjUTE2uVmu8E"
  },
  {
    "contactId" : "2qcF7Xl/QEn6Zu6cdQC0fteI6EeoEX9IY0nkBdmBbRYD",
    "groupId" : "7v7cmlnh3clsF6gc6iSGnoDVNKyx0W+RjjUTE2uVmu8E"
  },
  {
    "contactId" : "A2ehoC0Upl2n/pc0aRsArosO3hUKotgwjbUhotnuTU0D",
    "groupId" : "8uRb1YpquC6Zx0fYhYgOdFL2SqnTpuNyrqAQ65vweqcE"
  },
  {
    "contactId" : "JPm+zBboFVIEPrfsDz5Ue3fst77oxCwoLxNXrdqg+1MD",
    "groupId" : "8uRb1YpquC6Zx0fYhYgOdFL2SqnTpuNyrqAQ65vweqcE"
  }
]