[
  {
    "authStatus" : "friend",
    "createdAt" : "1970-01-01T00:20:34Z",
    "id" : "bXktY29udGFjdC1pZA==",
    "isRecent" : false,
    "marshaled" : "PHh4YygyKUd4Q1pwL0d2NW1UUDM1Q1FjUTEyNHdsbnZxVCtiMjBMZnRacDJjby84V2NEa0FaaUI5a1pvK0RsM1VqTVB1SlRwcHc4TDBPcnI3NnpTSlNyTG1mZ0kxRS9yNTQwRS9Ic3A3MXJaYW1HSWVkVitDVW5VVWgrVWVkOWRFQ3FxbnBnMjBLZVBKcUozMXlSN1ZQM0tWbXAza1NwMk0zM1dUOGgrUkU4TTJmcnVRRmFIQXg1MmY0QVhCalVhRlhYY25LK3J5WmJIemhRL0s2Q0w3NFJrbzdPdERoWDN0VXVna0kxWTdpekRaVDJ4RmZRZEN5T1lDbW96aUxQNm5UTDB3d2FycHFxSWxLeHl4TXl2QWErRWl4S3NzcGRPMktJNHNxTkkzYURsS2xZSzMrMUhrdVZSTENvNG90Y2xaMHRaY3VJb0Jkclc2UURwK2U5N216Wi93djN5UWNYSEIweWVxOFZsV0NidmJvelg3cWpjRUFPM3hNYWpSMEJnckVCSDJidDI0dEVGdm5VNFRwcW9jaWVveTdlM1c1RVZUaHhlWk5WTk1Zd01sM1pFb3R1VnBmQVN2NVJORkFJN0w5MTU1d2pmaStId0xrOEQrMjdmcEJ0STN1Q2tWa3JzY0tYMnNjY05VU1BKQ0JEQnlNRjVZZUNDTGF0Z01WY2VHWVZIV2VvcGxyZTdhY2Rrb2p6RC9wa1Bha1VwVGlsYURTQllRVVpQc3pVVS9wRkpNNURXRDBpdUI5NldzL0h4UUFBQWdBN1VpMTk2a0VIWE1WV0l2VkZvMjEwdEE9PXh4Yz4="
  },
  {
    "authStatus" : "friend",
    "createdAt" : "2022-06-21T11:37:56Z",
    "id" : "JPm+zBboFVIEPrfsDz5Ue3fst77oxCwoLxNXrdqg+1MD",
    "isRecent" : false,
    "marshaled" : "PHh4YygyKUpQbSt6QmJvRlZJRVByZnNEejVVZTNmc3Q3N294Q3dvTHhOWHJkcWcrMU1Ea0FaaUI5a1pvK0RsM1o5UjRZdC83ejFzTU9pT21qY2VyT0d2TWs5QW43NGhGUFF5M2lGNHJ6eDJRQy9HU1dYeWhVODhBdmdrL09DL2Qzeld0ZHM2VXpDSzlJQm5EczZ0c25JenlqdHFrb1JuRmkvUDBqWnltSjhUcCt1OUEvcmdhMWltdm9vcGRqQVUvakFtR2FWQXc5MjA4R2hKNUxSd3puandOeCtHamV2bWhRaUFaUW1lNnFaMXpQRjVNL3RyWjV2RS9iRUo4RHozRW91QWNTT0FNbWV0Q1ZSejZId0ZIcVhhK0g5ZStDKzJjM3lCUTAxQ1NVZDVBODkwOUY0TEExSGJNZFdYT1Z0SjkxRW80LzlSbTZHeTZmZzR1TDh0NXNqZ0VKYzBxOW9JSjlYcUZhWDcrOEo4SUpMWFZkeVBZYlB5ZVZxd1ljMkhxandnaUZMZ1lMTy9VeXdnRjA2U3NqUnpLci9xK1lVV3ptU2Y1cVJhelpXcUZIb3VORTkzNXFvVG02bzcrazlUWkczcXV2a3QzK00zUGNMc0oyU0lQNkd0VnNna0g1NG0vVGZGZXVyNXl5RGxBY1k4ZVZGTFFXRVZtcjl5ekhnK2xQZ2h5RFZaQ3hRTW5wZ0JYU0ZYUjNBQVNPMGtMNTNLZWR6WVp2WUYwYkFKUHVOMzkzVy9HeUtSMHd5L2p6clJJQUFBSUFCVmNYZGxjak0xTEZWeGQyVnlNelU3d3hiNTUydlFXTVU1RW5EUEtjZ2xiUT09eHhjPg==",
    "nickname" : "qwer35",
    "username" : "qwer35"
  },
  {
    "authStatus" : "friend",
    "createdAt" : "2022-06-21T11:46:18Z",
    "id" : "2qcF7Xl/QEn6Zu6cdQC0fteI6EeoEX9IY0nkBdmBbRYD",
    "isRecent" : false,
    "marshaled" : "PHh4YygyKTJxY0Y3WGwvUUVuNlp1NmNkUUMwZnRlSTZFZW9FWDlJWTBua0JkbUJiUllEa0FaaUI5a1pvK0RsM2VIR2Q2WmRRbXBudlJGU2tKdnRLcndhNTFiYnIrbjNobEhHREJOVXN5eWJuOUI0eEk2cW53ajJWRWpUZ3I3OHY1L2ZadmVLZ2I4SGxUM0owY2hWYkxMREM1VnI3WEYrMklwYzlPYmF6L0xNMFgvNlNrRDlrN2ZjeENmblpoR1dpYW1iMmVZVU5XZGswZXNVbm9ua2tjS3dIK0hwSUd2eXJvcDBjUXpFbC9EVDZVTXVLMkRKNGFFT2R3YlVxZWhhazZvYjUwdDlpTm9nVytjZ2taT2ZSaTNJakxBVHVDdWx6WHYrVm9LK2lkcFU5Q2xOaFhlc1U0Rzk5eFRpUFRENXNQVDE2T1NXaFpxZjBJdGxrc05NRStuTVV2eWlLYXBOdzRNcTVFRTZOU3dwUVV2c2JiVGthZkpsc3RCdFl2WXNrVDBnWUg0R0t6YVZham5kZWhaQ090ejhsd0VzTFVGa2lyeEg3SEUvQldFRDdzTmZUZW1QTFRjd1BnU3NDTFgyanlvakgwMVRvMkxlK2FzUG1GYUhzNHhXaFlSVlpyUHJvRytLeS9ZdHJXY1ozdGN3U1AvUU1JOW9HSTVmRVFaL3ArVEtrSzBMKzVKbEVnb3huQ1NEWXZOSGp3Mk43THQwN2JVUnBQMHEycnVsdGNXQVpZUUN5UnJsN0wwbG05bm1GVUFBRFNlWCtOUUFuZ0ppZldQSnpHWDdIQ0R0MjdndDJmNnd2a3V0d1JBN29yWU1BRlZzYTJwb096amVKNzdWT2RyeDRuV3l5a1AzQU1JPXh4Yz4=",
    "nickname" : "lkjh",
    "username" : "lkjh"
  },
  {
    "authStatus" : "stranger",
    "createdAt" : "2022-06-21T11:47:51Z",
    "id" : "PHh4YygyKUd4Q1pwL0d2NW1UUDM1Q1FjUTEyNHdsbnZxVCtiMjBMZnRacDJjby84V2NEa0FaaUI5a1pvK0RsM1VqTVB1SlRwcHc4TDBPcnI3NnpTSlNyTG1mZ0kxRS9yNTQwRS9Ic3A3MXJaYW1HSWVkVitDVW5VVWgrVWVkOWRFQ3FxbnBnMjBLZVBKcUozMXlSN1ZQM0tWbXAza1NwMk0zM1dUOGgrUkU4TTJmcnVRRmFIQXg1MmY0QVhCalVhRlhYY25LK3J5WmJIemhRL0s2Q0w3NFJrbzdPdERoWDN0VXVna0kxWTdpekRaVDJ4RmZRZEN5T1lDbW96aUxQNm5UTDB3d2FycHFxSWxLeHl4TXl2QWErRWl4S3NzcGRPMktJNHNxTkkzYURsS2xZSzMrMUhrdVZSTENvNG90Y2xaMHRaY3VJb0Jkclc2UURwK2U5N216Wi93djN5UWNYSEIweWVxOFZsV0NidmJvelg3cWpjRUFPM3hNYWpSMEJnckVCSDJidDI0dEVGdm5VNFRwcW9jaWVveTdlM1c1RVZUaHhlWk5WTk1Zd01sM1pFb3R1VnBmQVN2NVJORkFJN0w5MTU1d2pmaStId0xrOEQrMjdmcEJ0STN1Q2tWa3JzY0tYMnNjY05VU1BKQ0JEQnlNRjVZZUNDTGF0Z01WY2VHWVZIV2VvcGxyZTdhY2Rrb2p6RC9wa1Bha1VwVGlsYURTQllRVVpQc3pVVS9wRkpNNURXRDBpdUI5NldzL0h4UUFBQWdBN1VpMTk2a0VIWE1WV0l2VkZvMjEwdEE9PXh4Yz4=",
    "isRecent" : false
  },
  {
    "authStatus" : "verified",
    "createdAt" : "2022-06-21T11:54:47Z",
    "id" : "QE7xGfzgsHBfyYmclvj79XmGL5fMFyTu54n0L7sNXFAD",
    "isRecent" : false,
    "marshaled" : "PHh4YygyKVFFN3hHZnpnc0hCZnlZbWNsdmo3OVhtR0w1Zk1GeVR1NTRuMEw3c05YRkFEa0FaaUI5a1pvK0RsM1g1SEc2bmdaUHI1cjcwWjFIV0J2VXdrdWZyMkpucWtNK2Nxb1NPeUVCZ3JsZVF3OE9TSE5HUG5xcEkvendMM1p4VWFmNHYyd1NkYWdYeVB3S05lMFUvc1NvbWRrZ0gvT3pheWhKcDc5N0s3bEQwNzR5UjJHZldoSUNhNElNWVJTam5CUDFtUXcxeTBUcWE2cFQ3YlVUSi9HT01rUGx6eE5UZGd0UzFnZHhISWZndDlDb2RSYVRhbEdVbUlBSFBkUGlsbnZJZEdwZVF5Z1NQemtZMXAyRzFVQ3A0VnhzajlLejcwM2VoVWlHOGVMQmIxWkRQV3k3WmE1VUNqeEN6Wk1ZeUhJYVEyZ2d4SDN1aXVUYkpLZy9FM2Eyc1VkSjB5Y01DUmNqV2o2WnFuRXd1YmN6QVFjQmlmRGN0c1lka0RyNFNtaFRVU3QrdzBsNm1NaHdDSUpxSVhkcXJXcEtYeGhGa0JtYVkwNGdHZG9ndVhOeXA3M1lQYVU3TWtPdkZ3aFdzYTRjaFowZEs4NDJaUG5oVVNseTdQTzdaSjMyRU42Qm9HQTJXR1RON2hnWlQranZhMzdtRUVDd0dHNnVSdkN2R0ZJNTJpMlgrdlgzTTdxQUpwZy9OeTBrLytWK2U3bzIwNGtlQ2ViUkdxdnZRdUc5M2NyQ09pVlZVajhSLytlMEFBWjZMRkM2c3M2ZnMzSFFxSUlFVXB4eGlPOXBZL1ZDYmRJbWE3Tk13QzU0VVFBRlZ3YjJscmJETTd5ZktXNTBnd0lmZ1I3M0tqYkVKd2xnPT14eGM+",
    "username" : "poikl3"
  },
  {
    "authStatus" : "hidden",
    "createdAt" : "2022-06-21T11:57:42Z",
    "id" : "A2ehoC0Upl2n/pc0aRsArosO3hUKotgwjbUhotnuTU0D",
    "isRecent" : false,
    "marshaled" : "PHh4YygyKUEyZWhvQzBVcGwybi9wYzBhUnNBcm9zTzNoVUtvdGd3amJVaG90bnVUVTBEa0FaaUI5a1pvK0RsM1JRNGpMalVuZGlsOHpWVG1DY1ZyMDQ4QnFOOEJtU1Z4SFNPaHRHekY2bmlVMzlXYmU5dlU4ZllWMjJnZFJnTGl5QTRjOHo3Y3ZtcUZHdEdOZEVzQ0pYdFpac3ZvRGxGbHB1SG1SL2tURXV1a2ZCQUs0dXd6a3FtV1BaUW83V05FVjZzYXRDSFdHRnhXRFpKSmM4R3dRR0RCUU9FQXUvais3cE1qcWJVeU5TOXNuNmtScEgra3VuYVBwRVFNUDBLNVI0UU12WEY2MXBneTFJbE5MdGhEWm5mRWlrV2ZyN29PMHlHVmZ3UVZyNjViSDh0Zm1Fd0hCL01vcldERFlGY3Eyd0g5bnZXUmI4N0tEMjhLWUxjQlNOVk96TnpBQXZLQWhBOW1zTHk1cnhTWFA3NWkzNXljMkRhQmNKR3Vma0hUUlV1Yktyc29TZS9GTTl1Uk5pT2ZwRkp6ZWZFU2dua2FIb0cxa2YyY0ZrRGNKSHY5WTJ5NW00UDAzV3p6M0tZOHdyQ0M3cEt0MmVFUEE2b2dRbm9pNlppKzdzV1FPSlRRbjlQeFI3TUsvSFpZU2NPeEdSZXA2bzFjTUpCR0c0djBRRnVsY09kY1RrVGMxYklhQzdOM0RMZXBCY3VBNVd6SDdxeU9kZC9lSmwwSHVxRll2QjAzZ2xyMHU1ZjBUK3NSMEFBYURPdE5oZWFiNFBpZ3UzVStQckV3d3lFN2RPZFZGY0dmWkVxY3pJUU9CWU9BRlY1YUdkMGREdEhWNGZUeWo4WjdvZnJWbGNVNWg0MXh4Yz4=",
    "username" : "yhgtt"
  },
  {
    "authStatus" : "requested",
    "createdAt" : "2022-06-21T11:59:21Z",
    "id" : "Tj/jHtrRO1Gvp9gI6uo98LrBjWng5HYflg3h/Op83KED",
    "isRecent" : false,
    "marshaled" : "PHh4YygyKVRqL2pIdHJSTzFHdnA5Z0k2dW85OExyQmpXbmc1SFlmbGczaC9PcDgzS0VEa0FaaUI5a1pvK0RsM1ovQ3E5U3YyLzYyeWQ4SHNCMndXeWd2NzVkNXIxVk96Zm9URW1ENnl4TXJzbitLbHlhVzZ2a00vSnRpVVZtUVBIaU5vZFg4elZ6Q3pJNWVNV0RtWnRpTnA1a1l0dDVGTERZSzZaNlhOaFlmakJFWUVyVjcrMHpYK0R2MjNtV1BhMGFXeHJnNTlaeHR5S2hPd2RvOU5jVlpOR2liM0EvbTZDUy9WZjRZakxBQlFHUnZOazJMSVpPTmEwTmU3dkV4WEo2ek1oQk80MVlZUzhrNVhVaVg0RzQ2RXhqMk1TdGQyU1RGWkpONlArdGRvdnhzMU1mY0g3N3JmU2RtVCtoYmJLWjlFSkdPUVpoMEhlTis5ZlZzQXpib2gzTUhkR2kzRXpFZGhhaElNeTFRc0F2Zk00YWJzYmpvdEVSeml4blRSTkY4ZmRJUTRmRnZyNnp4SjBOamlLZTVua2V3ZVVVcHloS202em5mekZ4NkRxTlhtcGNTYVRBT2xKaVlFZlA5a0h6cjRpd3RsVkdBTjZUcEErVWFHWkF6a3lrWWUvdURDKy90OXkyYUcrZ2l0L1NWOUVzN1kxQlpVeWxuckh0UlJNczYvck1ZUllLbDY4ellKam9NOXlmd3A0K2I3cm1LMmJsUm1hTXZvSnhIdUllTjNmeXFKcXZMMyt2cW1ybDJjZ0FBTkFCVmRHVnpkR1Z5WkhWa1lUSXNWWFJsYzNSbGNtUjFaR0V5TzlHZ0hGKzdmZ24xaHpiaU1QaFJhS0E9eHhjPg==",
    "nickname" : "testerduda2",
    "username" : "testerduda2"
  },
  {
    "authStatus" : "friend",
    "createdAt" : "2022-06-21T12:07:13Z",
    "email" : "ginesa4628@syswift.com",
    "id" : "iwfjSEQhsup/r9O+aH19mC+67O9mYLydC2j5LtyW4iYD",
    "isRecent" : true,
    "marshaled" : "PHh4YygyKWl3ZmpTRVFoc3VwL3I5TythSDE5bUMrNjdPOW1ZTHlkQzJqNUx0eVc0aVlEa0FaaUI5a1pvK0RsM1VsQTBUdHo2ZEd1cnp5dWZlM2I1ZWhkOHlScDV0ZjFvQlBPWjVlaU8yRWNrMm1ZazVxUDVnUE15OWZ6d3J4Rm96Rm9BcTdoNTVBUUhZS0VXakhGTTNTYW5FNHpMc0lCSVBkYzA3ZG5JZkhnQTBucGVIWEJhdGJ1enRqbVhrRjlKMlh1QjQ2NFVWMlZRVTEwbVV0RlRGMFBPaVcyQ1JSSUFuMDJCYmxibTJuQmNCYUphVllxU1NrZHFRZjVHMFNOS1FoajgxZ3ZCdURreVg0b1hiQVJFbUh2SjJ5M1NwUVpId3JNVVh4MTc4Y0c3UjJmajhmbzNGWm0yeWtxWngyQWNuN0l5Z2ZmNmhydlcwa1RSTW13S0VEaVg1OXRwZ2RvaWs3UEJZQkRYYk5URmJxaHZHMWI2cmIyRXI3TzB3OUtyb1N0UmVvMUE2bTQ2eEkrc2FuRm5yOXJyN29od2lmUVVZa09SWEpiR2N1YWVydWpIbHNEWDRQUkVXWkh6Nm9CRlRVb0c0RkYyUG5iT1l2d3Y1TUh3SGVDZlN1VlJ6Q0pnOEpsTHBCbXVpbm81dkh2dDd3M2NHV0IrMSsxQTFmVTIyR3FVL0NEYU0xOHlEdTJ2NGZ2Y3p6enF5TG5BaE5sck9XYm4wVHNobmExdnQ3UGs1WmUvc0FaenNXTHB0SmRma0FBQWt1U0lUczZ3NUxWMXlSYXBOVnFoRG4wRjcwdzN5NUwrY3NtMHNPNmlGRm9BRlYwWlhOMFpYSmtkV1JoTXl4RloybHVaWE5oTkRZeU9FQnplWE4zYVdaMExtTnZiU3hRT0RFNU9UazBORE00TnpKQ1VqdW9hMmlsYTRPekV3eGpRZitJZ1IySHh4Yz4=",
    "nickname" : "testerduda3",
    "phone" : "81999443872BR",
    "username" : "testerduda3"
  }
]